i_tile_x1y5.i_tile_x0y1.i_blk.+
i_tile_x1y5.i_tile_x0y1.i_blk.{i_cluster_i0.out[0]->out[0]}
i_tile_x1y5.i_tile_x0y1.i_blk.{i_cluster_i1.out[0]->out[2]}
i_tile_x1y5.i_tile_x0y1.i_blk.{i_cluster_i1.cout->cout}
i_tile_x1y5.i_tile_x0y1.i_blk.i_cluster_i0.+
i_tile_x1y5.i_tile_x0y1.i_blk.{in[0]->i_cluster_i0.in[0]}
i_tile_x1y5.i_tile_x0y1.i_blk.{in[3]->i_cluster_i0.in[3]}
i_tile_x1y5.i_tile_x0y1.i_blk.{cin->i_cluster_i0.cin}
i_tile_x1y5.i_tile_x0y1.i_blk.{clk->i_cluster_i0.clk}
i_tile_x1y5.i_tile_x0y1.i_blk.i_cluster_i0.@arith.+
i_tile_x1y5.i_tile_x0y1.i_blk.i_cluster_i0.@arith.{i_flipflop_i0.Q->out[0]}
i_tile_x1y5.i_tile_x0y1.i_blk.i_cluster_i0.@arith.{i_adder.cout->cout}
i_tile_x1y5.i_tile_x0y1.i_blk.i_cluster_i0.@arith.i_adder.+
i_tile_x1y5.i_tile_x0y1.i_blk.i_cluster_i0.@arith.{i_lut5_i0.out->i_adder.a}
i_tile_x1y5.i_tile_x0y1.i_blk.i_cluster_i0.@arith.{i_lut5_i1.out->i_adder.b}
i_tile_x1y5.i_tile_x0y1.i_blk.i_cluster_i0.@arith.{cin->i_adder.cin}
i_tile_x1y5.i_tile_x0y1.i_blk.i_cluster_i0.@arith.i_adder.CIN_MODE[1:0]=2'b10
i_tile_x1y5.i_tile_x0y1.i_blk.i_cluster_i0.@arith.i_lut5_i0.+
i_tile_x1y5.i_tile_x0y1.i_blk.i_cluster_i0.@arith.{in[0]->i_lut5_i0.in[0]}
i_tile_x1y5.i_tile_x0y1.i_blk.i_cluster_i0.@arith.i_lut5_i0.LUT[31:0]=32'b10101010101010101010101010101010
i_tile_x1y5.i_tile_x0y1.i_blk.i_cluster_i0.@arith.i_lut5_i1.+
i_tile_x1y5.i_tile_x0y1.i_blk.i_cluster_i0.@arith.{in[3]->i_lut5_i1.in[3]}
i_tile_x1y5.i_tile_x0y1.i_blk.i_cluster_i0.@arith.i_lut5_i1.LUT[31:0]=32'b11111111000000001111111100000000
i_tile_x1y5.i_tile_x0y1.i_blk.i_cluster_i0.@arith.i_flipflop_i0.+
i_tile_x1y5.i_tile_x0y1.i_blk.i_cluster_i0.@arith.{i_adder.s->i_flipflop_i0.D}
i_tile_x1y5.i_tile_x0y1.i_blk.i_cluster_i0.@arith.{clk->i_flipflop_i0.clk}
i_tile_x1y5.i_tile_x0y1.i_blk.i_cluster_i1.+
i_tile_x1y5.i_tile_x0y1.i_blk.{in[6]->i_cluster_i1.in[0]}
i_tile_x1y5.i_tile_x0y1.i_blk.{in[8]->i_cluster_i1.in[2]}
i_tile_x1y5.i_tile_x0y1.i_blk.{i_cluster_i0.cout->i_cluster_i1.cin}
i_tile_x1y5.i_tile_x0y1.i_blk.{clk->i_cluster_i1.clk}
i_tile_x1y5.i_tile_x0y1.i_blk.i_cluster_i1.@arith.+
i_tile_x1y5.i_tile_x0y1.i_blk.i_cluster_i1.@arith.{i_flipflop_i0.Q->out[0]}
i_tile_x1y5.i_tile_x0y1.i_blk.i_cluster_i1.@arith.{i_adder.cout->cout}
i_tile_x1y5.i_tile_x0y1.i_blk.i_cluster_i1.@arith.i_adder.+
i_tile_x1y5.i_tile_x0y1.i_blk.i_cluster_i1.@arith.{i_lut5_i0.out->i_adder.a}
i_tile_x1y5.i_tile_x0y1.i_blk.i_cluster_i1.@arith.{i_lut5_i1.out->i_adder.b}
i_tile_x1y5.i_tile_x0y1.i_blk.i_cluster_i1.@arith.{cin->i_adder.cin}
i_tile_x1y5.i_tile_x0y1.i_blk.i_cluster_i1.@arith.i_adder.CIN_MODE[1:0]=2'b10
i_tile_x1y5.i_tile_x0y1.i_blk.i_cluster_i1.@arith.i_lut5_i0.+
i_tile_x1y5.i_tile_x0y1.i_blk.i_cluster_i1.@arith.{in[2]->i_lut5_i0.in[2]}
i_tile_x1y5.i_tile_x0y1.i_blk.i_cluster_i1.@arith.i_lut5_i0.LUT[31:0]=32'b11110000111100001111000011110000
i_tile_x1y5.i_tile_x0y1.i_blk.i_cluster_i1.@arith.i_lut5_i1.+
i_tile_x1y5.i_tile_x0y1.i_blk.i_cluster_i1.@arith.{in[0]->i_lut5_i1.in[0]}
i_tile_x1y5.i_tile_x0y1.i_blk.i_cluster_i1.@arith.i_lut5_i1.LUT[31:0]=32'b10101010101010101010101010101010
i_tile_x1y5.i_tile_x0y1.i_blk.i_cluster_i1.@arith.i_flipflop_i0.+
i_tile_x1y5.i_tile_x0y1.i_blk.i_cluster_i1.@arith.{i_adder.s->i_flipflop_i0.D}
i_tile_x1y5.i_tile_x0y1.i_blk.i_cluster_i1.@arith.{clk->i_flipflop_i0.clk}
i_tile_x1y5.i_tile_x0y2.i_blk.+
i_tile_x1y5.i_tile_x0y2.i_blk.{i_cluster_i0.out[0]->out[0]}
i_tile_x1y5.i_tile_x0y2.i_blk.{i_cluster_i1.out[0]->out[2]}
i_tile_x1y5.i_tile_x0y2.i_blk.{i_cluster_i1.cout->cout}
i_tile_x1y5.i_tile_x0y2.i_blk.i_cluster_i0.+
i_tile_x1y5.i_tile_x0y2.i_blk.{in[0]->i_cluster_i0.in[0]}
i_tile_x1y5.i_tile_x0y2.i_blk.{in[3]->i_cluster_i0.in[3]}
i_tile_x1y5.i_tile_x0y2.i_blk.{cin->i_cluster_i0.cin}
i_tile_x1y5.i_tile_x0y2.i_blk.{clk->i_cluster_i0.clk}
i_tile_x1y5.i_tile_x0y2.i_blk.i_cluster_i0.@arith.+
i_tile_x1y5.i_tile_x0y2.i_blk.i_cluster_i0.@arith.{i_flipflop_i0.Q->out[0]}
i_tile_x1y5.i_tile_x0y2.i_blk.i_cluster_i0.@arith.{i_adder.cout->cout}
i_tile_x1y5.i_tile_x0y2.i_blk.i_cluster_i0.@arith.i_adder.+
i_tile_x1y5.i_tile_x0y2.i_blk.i_cluster_i0.@arith.{i_lut5_i0.out->i_adder.a}
i_tile_x1y5.i_tile_x0y2.i_blk.i_cluster_i0.@arith.{i_lut5_i1.out->i_adder.b}
i_tile_x1y5.i_tile_x0y2.i_blk.i_cluster_i0.@arith.{cin->i_adder.cin}
i_tile_x1y5.i_tile_x0y2.i_blk.i_cluster_i0.@arith.i_adder.CIN_MODE[1:0]=2'b10
i_tile_x1y5.i_tile_x0y2.i_blk.i_cluster_i0.@arith.i_lut5_i0.+
i_tile_x1y5.i_tile_x0y2.i_blk.i_cluster_i0.@arith.{in[0]->i_lut5_i0.in[0]}
i_tile_x1y5.i_tile_x0y2.i_blk.i_cluster_i0.@arith.i_lut5_i0.LUT[31:0]=32'b10101010101010101010101010101010
i_tile_x1y5.i_tile_x0y2.i_blk.i_cluster_i0.@arith.i_lut5_i1.+
i_tile_x1y5.i_tile_x0y2.i_blk.i_cluster_i0.@arith.{in[3]->i_lut5_i1.in[3]}
i_tile_x1y5.i_tile_x0y2.i_blk.i_cluster_i0.@arith.i_lut5_i1.LUT[31:0]=32'b11111111000000001111111100000000
i_tile_x1y5.i_tile_x0y2.i_blk.i_cluster_i0.@arith.i_flipflop_i0.+
i_tile_x1y5.i_tile_x0y2.i_blk.i_cluster_i0.@arith.{i_adder.s->i_flipflop_i0.D}
i_tile_x1y5.i_tile_x0y2.i_blk.i_cluster_i0.@arith.{clk->i_flipflop_i0.clk}
i_tile_x1y5.i_tile_x0y2.i_blk.i_cluster_i1.+
i_tile_x1y5.i_tile_x0y2.i_blk.{in[6]->i_cluster_i1.in[0]}
i_tile_x1y5.i_tile_x0y2.i_blk.{in[8]->i_cluster_i1.in[2]}
i_tile_x1y5.i_tile_x0y2.i_blk.{i_cluster_i0.cout->i_cluster_i1.cin}
i_tile_x1y5.i_tile_x0y2.i_blk.{clk->i_cluster_i1.clk}
i_tile_x1y5.i_tile_x0y2.i_blk.i_cluster_i1.@arith.+
i_tile_x1y5.i_tile_x0y2.i_blk.i_cluster_i1.@arith.{i_flipflop_i0.Q->out[0]}
i_tile_x1y5.i_tile_x0y2.i_blk.i_cluster_i1.@arith.{i_adder.cout->cout}
i_tile_x1y5.i_tile_x0y2.i_blk.i_cluster_i1.@arith.i_adder.+
i_tile_x1y5.i_tile_x0y2.i_blk.i_cluster_i1.@arith.{i_lut5_i0.out->i_adder.a}
i_tile_x1y5.i_tile_x0y2.i_blk.i_cluster_i1.@arith.{i_lut5_i1.out->i_adder.b}
i_tile_x1y5.i_tile_x0y2.i_blk.i_cluster_i1.@arith.{cin->i_adder.cin}
i_tile_x1y5.i_tile_x0y2.i_blk.i_cluster_i1.@arith.i_adder.CIN_MODE[1:0]=2'b10
i_tile_x1y5.i_tile_x0y2.i_blk.i_cluster_i1.@arith.i_lut5_i0.+
i_tile_x1y5.i_tile_x0y2.i_blk.i_cluster_i1.@arith.{in[2]->i_lut5_i0.in[2]}
i_tile_x1y5.i_tile_x0y2.i_blk.i_cluster_i1.@arith.i_lut5_i0.LUT[31:0]=32'b11110000111100001111000011110000
i_tile_x1y5.i_tile_x0y2.i_blk.i_cluster_i1.@arith.i_lut5_i1.+
i_tile_x1y5.i_tile_x0y2.i_blk.i_cluster_i1.@arith.{in[0]->i_lut5_i1.in[0]}
i_tile_x1y5.i_tile_x0y2.i_blk.i_cluster_i1.@arith.i_lut5_i1.LUT[31:0]=32'b10101010101010101010101010101010
i_tile_x1y5.i_tile_x0y2.i_blk.i_cluster_i1.@arith.i_flipflop_i0.+
i_tile_x1y5.i_tile_x0y2.i_blk.i_cluster_i1.@arith.{i_adder.s->i_flipflop_i0.D}
i_tile_x1y5.i_tile_x0y2.i_blk.i_cluster_i1.@arith.{clk->i_flipflop_i0.clk}
i_tile_x1y5.i_tile_x0y3.i_blk.+
i_tile_x1y5.i_tile_x0y3.i_blk.{i_cluster_i0.out[0]->out[0]}
i_tile_x1y5.i_tile_x0y3.i_blk.{i_cluster_i1.out[0]->out[2]}
i_tile_x1y5.i_tile_x0y3.i_blk.i_cluster_i0.+
i_tile_x1y5.i_tile_x0y3.i_blk.{in[0]->i_cluster_i0.in[0]}
i_tile_x1y5.i_tile_x0y3.i_blk.{in[3]->i_cluster_i0.in[3]}
i_tile_x1y5.i_tile_x0y3.i_blk.{cin->i_cluster_i0.cin}
i_tile_x1y5.i_tile_x0y3.i_blk.{clk->i_cluster_i0.clk}
i_tile_x1y5.i_tile_x0y3.i_blk.i_cluster_i0.@arith.+
i_tile_x1y5.i_tile_x0y3.i_blk.i_cluster_i0.@arith.{i_flipflop_i0.Q->out[0]}
i_tile_x1y5.i_tile_x0y3.i_blk.i_cluster_i0.@arith.{i_adder.cout->cout}
i_tile_x1y5.i_tile_x0y3.i_blk.i_cluster_i0.@arith.i_adder.+
i_tile_x1y5.i_tile_x0y3.i_blk.i_cluster_i0.@arith.{i_lut5_i0.out->i_adder.a}
i_tile_x1y5.i_tile_x0y3.i_blk.i_cluster_i0.@arith.{i_lut5_i1.out->i_adder.b}
i_tile_x1y5.i_tile_x0y3.i_blk.i_cluster_i0.@arith.{cin->i_adder.cin}
i_tile_x1y5.i_tile_x0y3.i_blk.i_cluster_i0.@arith.i_adder.CIN_MODE[1:0]=2'b10
i_tile_x1y5.i_tile_x0y3.i_blk.i_cluster_i0.@arith.i_lut5_i0.+
i_tile_x1y5.i_tile_x0y3.i_blk.i_cluster_i0.@arith.{in[0]->i_lut5_i0.in[0]}
i_tile_x1y5.i_tile_x0y3.i_blk.i_cluster_i0.@arith.i_lut5_i0.LUT[31:0]=32'b10101010101010101010101010101010
i_tile_x1y5.i_tile_x0y3.i_blk.i_cluster_i0.@arith.i_lut5_i1.+
i_tile_x1y5.i_tile_x0y3.i_blk.i_cluster_i0.@arith.{in[3]->i_lut5_i1.in[3]}
i_tile_x1y5.i_tile_x0y3.i_blk.i_cluster_i0.@arith.i_lut5_i1.LUT[31:0]=32'b11111111000000001111111100000000
i_tile_x1y5.i_tile_x0y3.i_blk.i_cluster_i0.@arith.i_flipflop_i0.+
i_tile_x1y5.i_tile_x0y3.i_blk.i_cluster_i0.@arith.{i_adder.s->i_flipflop_i0.D}
i_tile_x1y5.i_tile_x0y3.i_blk.i_cluster_i0.@arith.{clk->i_flipflop_i0.clk}
i_tile_x1y5.i_tile_x0y3.i_blk.i_cluster_i1.+
i_tile_x1y5.i_tile_x0y3.i_blk.{in[10]->i_cluster_i1.in[4]}
i_tile_x1y5.i_tile_x0y3.i_blk.{i_cluster_i0.cout->i_cluster_i1.cin}
i_tile_x1y5.i_tile_x0y3.i_blk.{clk->i_cluster_i1.clk}
i_tile_x1y5.i_tile_x0y3.i_blk.i_cluster_i1.@arith.+
i_tile_x1y5.i_tile_x0y3.i_blk.i_cluster_i1.@arith.{i_flipflop_i0.Q->out[0]}
i_tile_x1y5.i_tile_x0y3.i_blk.i_cluster_i1.@arith.i_adder.+
i_tile_x1y5.i_tile_x0y3.i_blk.i_cluster_i1.@arith.{i_lut5_i0.out->i_adder.a}
i_tile_x1y5.i_tile_x0y3.i_blk.i_cluster_i1.@arith.{i_lut5_i1.out->i_adder.b}
i_tile_x1y5.i_tile_x0y3.i_blk.i_cluster_i1.@arith.{cin->i_adder.cin}
i_tile_x1y5.i_tile_x0y3.i_blk.i_cluster_i1.@arith.i_adder.CIN_MODE[1:0]=2'b10
i_tile_x1y5.i_tile_x0y3.i_blk.i_cluster_i1.@arith.i_lut5_i0.+
i_tile_x1y5.i_tile_x0y3.i_blk.i_cluster_i1.@arith.{in[4]->i_lut5_i0.in[4]}
i_tile_x1y5.i_tile_x0y3.i_blk.i_cluster_i1.@arith.i_lut5_i0.LUT[31:0]=32'b11111111111111110000000000000000
i_tile_x1y5.i_tile_x0y3.i_blk.i_cluster_i1.@arith.i_lut5_i1.+
i_tile_x1y5.i_tile_x0y3.i_blk.i_cluster_i1.@arith.{in[4]->i_lut5_i1.in[4]}
i_tile_x1y5.i_tile_x0y3.i_blk.i_cluster_i1.@arith.i_lut5_i1.LUT[31:0]=32'b11111111111111110000000000000000
i_tile_x1y5.i_tile_x0y3.i_blk.i_cluster_i1.@arith.i_flipflop_i0.+
i_tile_x1y5.i_tile_x0y3.i_blk.i_cluster_i1.@arith.{i_adder.s->i_flipflop_i0.D}
i_tile_x1y5.i_tile_x0y3.i_blk.i_cluster_i1.@arith.{clk->i_flipflop_i0.clk}
i_tile_x1y1.i_tile_x0y1.i_blk.+
i_tile_x1y1.i_tile_x0y1.i_blk.{i_cluster_i0.out[0]->out[0]}
i_tile_x1y1.i_tile_x0y1.i_blk.{i_cluster_i1.out[0]->out[2]}
i_tile_x1y1.i_tile_x0y1.i_blk.{i_cluster_i1.cout->cout}
i_tile_x1y1.i_tile_x0y1.i_blk.i_cluster_i0.+
i_tile_x1y1.i_tile_x0y1.i_blk.{in[0]->i_cluster_i0.in[0]}
i_tile_x1y1.i_tile_x0y1.i_blk.{in[3]->i_cluster_i0.in[3]}
i_tile_x1y1.i_tile_x0y1.i_blk.{cin->i_cluster_i0.cin}
i_tile_x1y1.i_tile_x0y1.i_blk.{clk->i_cluster_i0.clk}
i_tile_x1y1.i_tile_x0y1.i_blk.i_cluster_i0.@arith.+
i_tile_x1y1.i_tile_x0y1.i_blk.i_cluster_i0.@arith.{i_flipflop_i0.Q->out[0]}
i_tile_x1y1.i_tile_x0y1.i_blk.i_cluster_i0.@arith.{i_adder.cout->cout}
i_tile_x1y1.i_tile_x0y1.i_blk.i_cluster_i0.@arith.i_adder.+
i_tile_x1y1.i_tile_x0y1.i_blk.i_cluster_i0.@arith.{i_lut5_i0.out->i_adder.a}
i_tile_x1y1.i_tile_x0y1.i_blk.i_cluster_i0.@arith.{i_lut5_i1.out->i_adder.b}
i_tile_x1y1.i_tile_x0y1.i_blk.i_cluster_i0.@arith.{cin->i_adder.cin}
i_tile_x1y1.i_tile_x0y1.i_blk.i_cluster_i0.@arith.i_adder.CIN_MODE[1:0]=2'b10
i_tile_x1y1.i_tile_x0y1.i_blk.i_cluster_i0.@arith.i_lut5_i0.+
i_tile_x1y1.i_tile_x0y1.i_blk.i_cluster_i0.@arith.{in[0]->i_lut5_i0.in[0]}
i_tile_x1y1.i_tile_x0y1.i_blk.i_cluster_i0.@arith.i_lut5_i0.LUT[31:0]=32'b10101010101010101010101010101010
i_tile_x1y1.i_tile_x0y1.i_blk.i_cluster_i0.@arith.i_lut5_i1.+
i_tile_x1y1.i_tile_x0y1.i_blk.i_cluster_i0.@arith.{in[3]->i_lut5_i1.in[3]}
i_tile_x1y1.i_tile_x0y1.i_blk.i_cluster_i0.@arith.i_lut5_i1.LUT[31:0]=32'b11111111000000001111111100000000
i_tile_x1y1.i_tile_x0y1.i_blk.i_cluster_i0.@arith.i_flipflop_i0.+
i_tile_x1y1.i_tile_x0y1.i_blk.i_cluster_i0.@arith.{i_adder.s->i_flipflop_i0.D}
i_tile_x1y1.i_tile_x0y1.i_blk.i_cluster_i0.@arith.{clk->i_flipflop_i0.clk}
i_tile_x1y1.i_tile_x0y1.i_blk.i_cluster_i1.+
i_tile_x1y1.i_tile_x0y1.i_blk.{in[6]->i_cluster_i1.in[0]}
i_tile_x1y1.i_tile_x0y1.i_blk.{in[8]->i_cluster_i1.in[2]}
i_tile_x1y1.i_tile_x0y1.i_blk.{i_cluster_i0.cout->i_cluster_i1.cin}
i_tile_x1y1.i_tile_x0y1.i_blk.{clk->i_cluster_i1.clk}
i_tile_x1y1.i_tile_x0y1.i_blk.i_cluster_i1.@arith.+
i_tile_x1y1.i_tile_x0y1.i_blk.i_cluster_i1.@arith.{i_flipflop_i0.Q->out[0]}
i_tile_x1y1.i_tile_x0y1.i_blk.i_cluster_i1.@arith.{i_adder.cout->cout}
i_tile_x1y1.i_tile_x0y1.i_blk.i_cluster_i1.@arith.i_adder.+
i_tile_x1y1.i_tile_x0y1.i_blk.i_cluster_i1.@arith.{i_lut5_i0.out->i_adder.a}
i_tile_x1y1.i_tile_x0y1.i_blk.i_cluster_i1.@arith.{i_lut5_i1.out->i_adder.b}
i_tile_x1y1.i_tile_x0y1.i_blk.i_cluster_i1.@arith.{cin->i_adder.cin}
i_tile_x1y1.i_tile_x0y1.i_blk.i_cluster_i1.@arith.i_adder.CIN_MODE[1:0]=2'b10
i_tile_x1y1.i_tile_x0y1.i_blk.i_cluster_i1.@arith.i_lut5_i0.+
i_tile_x1y1.i_tile_x0y1.i_blk.i_cluster_i1.@arith.{in[2]->i_lut5_i0.in[2]}
i_tile_x1y1.i_tile_x0y1.i_blk.i_cluster_i1.@arith.i_lut5_i0.LUT[31:0]=32'b11110000111100001111000011110000
i_tile_x1y1.i_tile_x0y1.i_blk.i_cluster_i1.@arith.i_lut5_i1.+
i_tile_x1y1.i_tile_x0y1.i_blk.i_cluster_i1.@arith.{in[0]->i_lut5_i1.in[0]}
i_tile_x1y1.i_tile_x0y1.i_blk.i_cluster_i1.@arith.i_lut5_i1.LUT[31:0]=32'b10101010101010101010101010101010
i_tile_x1y1.i_tile_x0y1.i_blk.i_cluster_i1.@arith.i_flipflop_i0.+
i_tile_x1y1.i_tile_x0y1.i_blk.i_cluster_i1.@arith.{i_adder.s->i_flipflop_i0.D}
i_tile_x1y1.i_tile_x0y1.i_blk.i_cluster_i1.@arith.{clk->i_flipflop_i0.clk}
i_tile_x1y1.i_tile_x0y2.i_blk.+
i_tile_x1y1.i_tile_x0y2.i_blk.{i_cluster_i0.out[0]->out[0]}
i_tile_x1y1.i_tile_x0y2.i_blk.{i_cluster_i1.out[0]->out[2]}
i_tile_x1y1.i_tile_x0y2.i_blk.{i_cluster_i1.cout->cout}
i_tile_x1y1.i_tile_x0y2.i_blk.i_cluster_i0.+
i_tile_x1y1.i_tile_x0y2.i_blk.{in[0]->i_cluster_i0.in[0]}
i_tile_x1y1.i_tile_x0y2.i_blk.{in[3]->i_cluster_i0.in[3]}
i_tile_x1y1.i_tile_x0y2.i_blk.{cin->i_cluster_i0.cin}
i_tile_x1y1.i_tile_x0y2.i_blk.{clk->i_cluster_i0.clk}
i_tile_x1y1.i_tile_x0y2.i_blk.i_cluster_i0.@arith.+
i_tile_x1y1.i_tile_x0y2.i_blk.i_cluster_i0.@arith.{i_flipflop_i0.Q->out[0]}
i_tile_x1y1.i_tile_x0y2.i_blk.i_cluster_i0.@arith.{i_adder.cout->cout}
i_tile_x1y1.i_tile_x0y2.i_blk.i_cluster_i0.@arith.i_adder.+
i_tile_x1y1.i_tile_x0y2.i_blk.i_cluster_i0.@arith.{i_lut5_i0.out->i_adder.a}
i_tile_x1y1.i_tile_x0y2.i_blk.i_cluster_i0.@arith.{i_lut5_i1.out->i_adder.b}
i_tile_x1y1.i_tile_x0y2.i_blk.i_cluster_i0.@arith.{cin->i_adder.cin}
i_tile_x1y1.i_tile_x0y2.i_blk.i_cluster_i0.@arith.i_adder.CIN_MODE[1:0]=2'b10
i_tile_x1y1.i_tile_x0y2.i_blk.i_cluster_i0.@arith.i_lut5_i0.+
i_tile_x1y1.i_tile_x0y2.i_blk.i_cluster_i0.@arith.{in[0]->i_lut5_i0.in[0]}
i_tile_x1y1.i_tile_x0y2.i_blk.i_cluster_i0.@arith.i_lut5_i0.LUT[31:0]=32'b10101010101010101010101010101010
i_tile_x1y1.i_tile_x0y2.i_blk.i_cluster_i0.@arith.i_lut5_i1.+
i_tile_x1y1.i_tile_x0y2.i_blk.i_cluster_i0.@arith.{in[3]->i_lut5_i1.in[3]}
i_tile_x1y1.i_tile_x0y2.i_blk.i_cluster_i0.@arith.i_lut5_i1.LUT[31:0]=32'b11111111000000001111111100000000
i_tile_x1y1.i_tile_x0y2.i_blk.i_cluster_i0.@arith.i_flipflop_i0.+
i_tile_x1y1.i_tile_x0y2.i_blk.i_cluster_i0.@arith.{i_adder.s->i_flipflop_i0.D}
i_tile_x1y1.i_tile_x0y2.i_blk.i_cluster_i0.@arith.{clk->i_flipflop_i0.clk}
i_tile_x1y1.i_tile_x0y2.i_blk.i_cluster_i1.+
i_tile_x1y1.i_tile_x0y2.i_blk.{in[6]->i_cluster_i1.in[0]}
i_tile_x1y1.i_tile_x0y2.i_blk.{in[8]->i_cluster_i1.in[2]}
i_tile_x1y1.i_tile_x0y2.i_blk.{i_cluster_i0.cout->i_cluster_i1.cin}
i_tile_x1y1.i_tile_x0y2.i_blk.{clk->i_cluster_i1.clk}
i_tile_x1y1.i_tile_x0y2.i_blk.i_cluster_i1.@arith.+
i_tile_x1y1.i_tile_x0y2.i_blk.i_cluster_i1.@arith.{i_flipflop_i0.Q->out[0]}
i_tile_x1y1.i_tile_x0y2.i_blk.i_cluster_i1.@arith.{i_adder.cout->cout}
i_tile_x1y1.i_tile_x0y2.i_blk.i_cluster_i1.@arith.i_adder.+
i_tile_x1y1.i_tile_x0y2.i_blk.i_cluster_i1.@arith.{i_lut5_i0.out->i_adder.a}
i_tile_x1y1.i_tile_x0y2.i_blk.i_cluster_i1.@arith.{i_lut5_i1.out->i_adder.b}
i_tile_x1y1.i_tile_x0y2.i_blk.i_cluster_i1.@arith.{cin->i_adder.cin}
i_tile_x1y1.i_tile_x0y2.i_blk.i_cluster_i1.@arith.i_adder.CIN_MODE[1:0]=2'b10
i_tile_x1y1.i_tile_x0y2.i_blk.i_cluster_i1.@arith.i_lut5_i0.+
i_tile_x1y1.i_tile_x0y2.i_blk.i_cluster_i1.@arith.{in[2]->i_lut5_i0.in[2]}
i_tile_x1y1.i_tile_x0y2.i_blk.i_cluster_i1.@arith.i_lut5_i0.LUT[31:0]=32'b11110000111100001111000011110000
i_tile_x1y1.i_tile_x0y2.i_blk.i_cluster_i1.@arith.i_lut5_i1.+
i_tile_x1y1.i_tile_x0y2.i_blk.i_cluster_i1.@arith.{in[0]->i_lut5_i1.in[0]}
i_tile_x1y1.i_tile_x0y2.i_blk.i_cluster_i1.@arith.i_lut5_i1.LUT[31:0]=32'b10101010101010101010101010101010
i_tile_x1y1.i_tile_x0y2.i_blk.i_cluster_i1.@arith.i_flipflop_i0.+
i_tile_x1y1.i_tile_x0y2.i_blk.i_cluster_i1.@arith.{i_adder.s->i_flipflop_i0.D}
i_tile_x1y1.i_tile_x0y2.i_blk.i_cluster_i1.@arith.{clk->i_flipflop_i0.clk}
i_tile_x1y1.i_tile_x0y3.i_blk.+
i_tile_x1y1.i_tile_x0y3.i_blk.{i_cluster_i0.out[0]->out[0]}
i_tile_x1y1.i_tile_x0y3.i_blk.{i_cluster_i1.out[0]->out[2]}
i_tile_x1y1.i_tile_x0y3.i_blk.{i_cluster_i1.cout->cout}
i_tile_x1y1.i_tile_x0y3.i_blk.i_cluster_i0.+
i_tile_x1y1.i_tile_x0y3.i_blk.{in[0]->i_cluster_i0.in[0]}
i_tile_x1y1.i_tile_x0y3.i_blk.{in[3]->i_cluster_i0.in[3]}
i_tile_x1y1.i_tile_x0y3.i_blk.{cin->i_cluster_i0.cin}
i_tile_x1y1.i_tile_x0y3.i_blk.{clk->i_cluster_i0.clk}
i_tile_x1y1.i_tile_x0y3.i_blk.i_cluster_i0.@arith.+
i_tile_x1y1.i_tile_x0y3.i_blk.i_cluster_i0.@arith.{i_flipflop_i0.Q->out[0]}
i_tile_x1y1.i_tile_x0y3.i_blk.i_cluster_i0.@arith.{i_adder.cout->cout}
i_tile_x1y1.i_tile_x0y3.i_blk.i_cluster_i0.@arith.i_adder.+
i_tile_x1y1.i_tile_x0y3.i_blk.i_cluster_i0.@arith.{i_lut5_i0.out->i_adder.a}
i_tile_x1y1.i_tile_x0y3.i_blk.i_cluster_i0.@arith.{i_lut5_i1.out->i_adder.b}
i_tile_x1y1.i_tile_x0y3.i_blk.i_cluster_i0.@arith.{cin->i_adder.cin}
i_tile_x1y1.i_tile_x0y3.i_blk.i_cluster_i0.@arith.i_adder.CIN_MODE[1:0]=2'b10
i_tile_x1y1.i_tile_x0y3.i_blk.i_cluster_i0.@arith.i_lut5_i0.+
i_tile_x1y1.i_tile_x0y3.i_blk.i_cluster_i0.@arith.{in[0]->i_lut5_i0.in[0]}
i_tile_x1y1.i_tile_x0y3.i_blk.i_cluster_i0.@arith.i_lut5_i0.LUT[31:0]=32'b10101010101010101010101010101010
i_tile_x1y1.i_tile_x0y3.i_blk.i_cluster_i0.@arith.i_lut5_i1.+
i_tile_x1y1.i_tile_x0y3.i_blk.i_cluster_i0.@arith.{in[3]->i_lut5_i1.in[3]}
i_tile_x1y1.i_tile_x0y3.i_blk.i_cluster_i0.@arith.i_lut5_i1.LUT[31:0]=32'b11111111000000001111111100000000
i_tile_x1y1.i_tile_x0y3.i_blk.i_cluster_i0.@arith.i_flipflop_i0.+
i_tile_x1y1.i_tile_x0y3.i_blk.i_cluster_i0.@arith.{i_adder.s->i_flipflop_i0.D}
i_tile_x1y1.i_tile_x0y3.i_blk.i_cluster_i0.@arith.{clk->i_flipflop_i0.clk}
i_tile_x1y1.i_tile_x0y3.i_blk.i_cluster_i1.+
i_tile_x1y1.i_tile_x0y3.i_blk.{in[6]->i_cluster_i1.in[0]}
i_tile_x1y1.i_tile_x0y3.i_blk.{in[8]->i_cluster_i1.in[2]}
i_tile_x1y1.i_tile_x0y3.i_blk.{i_cluster_i0.cout->i_cluster_i1.cin}
i_tile_x1y1.i_tile_x0y3.i_blk.{clk->i_cluster_i1.clk}
i_tile_x1y1.i_tile_x0y3.i_blk.i_cluster_i1.@arith.+
i_tile_x1y1.i_tile_x0y3.i_blk.i_cluster_i1.@arith.{i_flipflop_i0.Q->out[0]}
i_tile_x1y1.i_tile_x0y3.i_blk.i_cluster_i1.@arith.{i_adder.cout->cout}
i_tile_x1y1.i_tile_x0y3.i_blk.i_cluster_i1.@arith.i_adder.+
i_tile_x1y1.i_tile_x0y3.i_blk.i_cluster_i1.@arith.{i_lut5_i0.out->i_adder.a}
i_tile_x1y1.i_tile_x0y3.i_blk.i_cluster_i1.@arith.{i_lut5_i1.out->i_adder.b}
i_tile_x1y1.i_tile_x0y3.i_blk.i_cluster_i1.@arith.{cin->i_adder.cin}
i_tile_x1y1.i_tile_x0y3.i_blk.i_cluster_i1.@arith.i_adder.CIN_MODE[1:0]=2'b10
i_tile_x1y1.i_tile_x0y3.i_blk.i_cluster_i1.@arith.i_lut5_i0.+
i_tile_x1y1.i_tile_x0y3.i_blk.i_cluster_i1.@arith.{in[2]->i_lut5_i0.in[2]}
i_tile_x1y1.i_tile_x0y3.i_blk.i_cluster_i1.@arith.i_lut5_i0.LUT[31:0]=32'b11110000111100001111000011110000
i_tile_x1y1.i_tile_x0y3.i_blk.i_cluster_i1.@arith.i_lut5_i1.+
i_tile_x1y1.i_tile_x0y3.i_blk.i_cluster_i1.@arith.{in[0]->i_lut5_i1.in[0]}
i_tile_x1y1.i_tile_x0y3.i_blk.i_cluster_i1.@arith.i_lut5_i1.LUT[31:0]=32'b10101010101010101010101010101010
i_tile_x1y1.i_tile_x0y3.i_blk.i_cluster_i1.@arith.i_flipflop_i0.+
i_tile_x1y1.i_tile_x0y3.i_blk.i_cluster_i1.@arith.{i_adder.s->i_flipflop_i0.D}
i_tile_x1y1.i_tile_x0y3.i_blk.i_cluster_i1.@arith.{clk->i_flipflop_i0.clk}
i_tile_x1y5.i_tile_x0y0.i_blk.+
i_tile_x1y5.i_tile_x0y0.i_blk.{i_cluster_i0.out[0]->out[0]}
i_tile_x1y5.i_tile_x0y0.i_blk.{i_cluster_i1.out[0]->out[2]}
i_tile_x1y5.i_tile_x0y0.i_blk.{i_cluster_i1.cout->cout}
i_tile_x1y5.i_tile_x0y0.i_blk.i_cluster_i0.+
i_tile_x1y5.i_tile_x0y0.i_blk.{in[0]->i_cluster_i0.in[0]}
i_tile_x1y5.i_tile_x0y0.i_blk.{in[3]->i_cluster_i0.in[3]}
i_tile_x1y5.i_tile_x0y0.i_blk.{cin->i_cluster_i0.cin}
i_tile_x1y5.i_tile_x0y0.i_blk.{clk->i_cluster_i0.clk}
i_tile_x1y5.i_tile_x0y0.i_blk.i_cluster_i0.@arith.+
i_tile_x1y5.i_tile_x0y0.i_blk.i_cluster_i0.@arith.{i_flipflop_i0.Q->out[0]}
i_tile_x1y5.i_tile_x0y0.i_blk.i_cluster_i0.@arith.{i_adder.cout->cout}
i_tile_x1y5.i_tile_x0y0.i_blk.i_cluster_i0.@arith.i_adder.+
i_tile_x1y5.i_tile_x0y0.i_blk.i_cluster_i0.@arith.{i_lut5_i0.out->i_adder.a}
i_tile_x1y5.i_tile_x0y0.i_blk.i_cluster_i0.@arith.{i_lut5_i1.out->i_adder.b}
i_tile_x1y5.i_tile_x0y0.i_blk.i_cluster_i0.@arith.{cin->i_adder.cin}
i_tile_x1y5.i_tile_x0y0.i_blk.i_cluster_i0.@arith.i_adder.CIN_MODE[1:0]=2'b10
i_tile_x1y5.i_tile_x0y0.i_blk.i_cluster_i0.@arith.i_lut5_i0.+
i_tile_x1y5.i_tile_x0y0.i_blk.i_cluster_i0.@arith.{in[0]->i_lut5_i0.in[0]}
i_tile_x1y5.i_tile_x0y0.i_blk.i_cluster_i0.@arith.i_lut5_i0.LUT[31:0]=32'b10101010101010101010101010101010
i_tile_x1y5.i_tile_x0y0.i_blk.i_cluster_i0.@arith.i_lut5_i1.+
i_tile_x1y5.i_tile_x0y0.i_blk.i_cluster_i0.@arith.{in[3]->i_lut5_i1.in[3]}
i_tile_x1y5.i_tile_x0y0.i_blk.i_cluster_i0.@arith.i_lut5_i1.LUT[31:0]=32'b11111111000000001111111100000000
i_tile_x1y5.i_tile_x0y0.i_blk.i_cluster_i0.@arith.i_flipflop_i0.+
i_tile_x1y5.i_tile_x0y0.i_blk.i_cluster_i0.@arith.{i_adder.s->i_flipflop_i0.D}
i_tile_x1y5.i_tile_x0y0.i_blk.i_cluster_i0.@arith.{clk->i_flipflop_i0.clk}
i_tile_x1y5.i_tile_x0y0.i_blk.i_cluster_i1.+
i_tile_x1y5.i_tile_x0y0.i_blk.{in[6]->i_cluster_i1.in[0]}
i_tile_x1y5.i_tile_x0y0.i_blk.{in[8]->i_cluster_i1.in[2]}
i_tile_x1y5.i_tile_x0y0.i_blk.{i_cluster_i0.cout->i_cluster_i1.cin}
i_tile_x1y5.i_tile_x0y0.i_blk.{clk->i_cluster_i1.clk}
i_tile_x1y5.i_tile_x0y0.i_blk.i_cluster_i1.@arith.+
i_tile_x1y5.i_tile_x0y0.i_blk.i_cluster_i1.@arith.{i_flipflop_i0.Q->out[0]}
i_tile_x1y5.i_tile_x0y0.i_blk.i_cluster_i1.@arith.{i_adder.cout->cout}
i_tile_x1y5.i_tile_x0y0.i_blk.i_cluster_i1.@arith.i_adder.+
i_tile_x1y5.i_tile_x0y0.i_blk.i_cluster_i1.@arith.{i_lut5_i0.out->i_adder.a}
i_tile_x1y5.i_tile_x0y0.i_blk.i_cluster_i1.@arith.{i_lut5_i1.out->i_adder.b}
i_tile_x1y5.i_tile_x0y0.i_blk.i_cluster_i1.@arith.{cin->i_adder.cin}
i_tile_x1y5.i_tile_x0y0.i_blk.i_cluster_i1.@arith.i_adder.CIN_MODE[1:0]=2'b10
i_tile_x1y5.i_tile_x0y0.i_blk.i_cluster_i1.@arith.i_lut5_i0.+
i_tile_x1y5.i_tile_x0y0.i_blk.i_cluster_i1.@arith.{in[2]->i_lut5_i0.in[2]}
i_tile_x1y5.i_tile_x0y0.i_blk.i_cluster_i1.@arith.i_lut5_i0.LUT[31:0]=32'b11110000111100001111000011110000
i_tile_x1y5.i_tile_x0y0.i_blk.i_cluster_i1.@arith.i_lut5_i1.+
i_tile_x1y5.i_tile_x0y0.i_blk.i_cluster_i1.@arith.{in[0]->i_lut5_i1.in[0]}
i_tile_x1y5.i_tile_x0y0.i_blk.i_cluster_i1.@arith.i_lut5_i1.LUT[31:0]=32'b10101010101010101010101010101010
i_tile_x1y5.i_tile_x0y0.i_blk.i_cluster_i1.@arith.i_flipflop_i0.+
i_tile_x1y5.i_tile_x0y0.i_blk.i_cluster_i1.@arith.{i_adder.s->i_flipflop_i0.D}
i_tile_x1y5.i_tile_x0y0.i_blk.i_cluster_i1.@arith.{clk->i_flipflop_i0.clk}
i_tile_x1y1.i_tile_x0y0.i_blk.+
i_tile_x1y1.i_tile_x0y0.i_blk.{i_cluster_i0.out[0]->out[0]}
i_tile_x1y1.i_tile_x0y0.i_blk.{i_cluster_i1.out[0]->out[2]}
i_tile_x1y1.i_tile_x0y0.i_blk.{i_cluster_i1.cout->cout}
i_tile_x1y1.i_tile_x0y0.i_blk.i_cluster_i0.+
i_tile_x1y1.i_tile_x0y0.i_blk.{in[1]->i_cluster_i0.in[1]}
i_tile_x1y1.i_tile_x0y0.i_blk.{in[3]->i_cluster_i0.in[3]}
i_tile_x1y1.i_tile_x0y0.i_blk.{clk->i_cluster_i0.clk}
i_tile_x1y1.i_tile_x0y0.i_blk.i_cluster_i0.@arith.+
i_tile_x1y1.i_tile_x0y0.i_blk.i_cluster_i0.@arith.{i_flipflop_i0.Q->out[0]}
i_tile_x1y1.i_tile_x0y0.i_blk.i_cluster_i0.@arith.{i_adder.cout->cout}
i_tile_x1y1.i_tile_x0y0.i_blk.i_cluster_i0.@arith.i_adder.+
i_tile_x1y1.i_tile_x0y0.i_blk.i_cluster_i0.@arith.{i_lut5_i0.out->i_adder.a}
i_tile_x1y1.i_tile_x0y0.i_blk.i_cluster_i0.@arith.{i_lut5_i1.out->i_adder.b}
i_tile_x1y1.i_tile_x0y0.i_blk.i_cluster_i0.@arith.i_adder.CIN_MODE[1:0]=2'b00
i_tile_x1y1.i_tile_x0y0.i_blk.i_cluster_i0.@arith.i_lut5_i0.+
i_tile_x1y1.i_tile_x0y0.i_blk.i_cluster_i0.@arith.{in[3]->i_lut5_i0.in[3]}
i_tile_x1y1.i_tile_x0y0.i_blk.i_cluster_i0.@arith.i_lut5_i0.LUT[31:0]=32'b11111111000000001111111100000000
i_tile_x1y1.i_tile_x0y0.i_blk.i_cluster_i0.@arith.i_lut5_i1.+
i_tile_x1y1.i_tile_x0y0.i_blk.i_cluster_i0.@arith.{in[1]->i_lut5_i1.in[1]}
i_tile_x1y1.i_tile_x0y0.i_blk.i_cluster_i0.@arith.i_lut5_i1.LUT[31:0]=32'b11001100110011001100110011001100
i_tile_x1y1.i_tile_x0y0.i_blk.i_cluster_i0.@arith.i_flipflop_i0.+
i_tile_x1y1.i_tile_x0y0.i_blk.i_cluster_i0.@arith.{i_adder.s->i_flipflop_i0.D}
i_tile_x1y1.i_tile_x0y0.i_blk.i_cluster_i0.@arith.{clk->i_flipflop_i0.clk}
i_tile_x1y1.i_tile_x0y0.i_blk.i_cluster_i1.+
i_tile_x1y1.i_tile_x0y0.i_blk.{in[9]->i_cluster_i1.in[3]}
i_tile_x1y1.i_tile_x0y0.i_blk.{in[10]->i_cluster_i1.in[4]}
i_tile_x1y1.i_tile_x0y0.i_blk.{i_cluster_i0.cout->i_cluster_i1.cin}
i_tile_x1y1.i_tile_x0y0.i_blk.{clk->i_cluster_i1.clk}
i_tile_x1y1.i_tile_x0y0.i_blk.i_cluster_i1.@arith.+
i_tile_x1y1.i_tile_x0y0.i_blk.i_cluster_i1.@arith.{i_flipflop_i0.Q->out[0]}
i_tile_x1y1.i_tile_x0y0.i_blk.i_cluster_i1.@arith.{i_adder.cout->cout}
i_tile_x1y1.i_tile_x0y0.i_blk.i_cluster_i1.@arith.i_adder.+
i_tile_x1y1.i_tile_x0y0.i_blk.i_cluster_i1.@arith.{i_lut5_i0.out->i_adder.a}
i_tile_x1y1.i_tile_x0y0.i_blk.i_cluster_i1.@arith.{i_lut5_i1.out->i_adder.b}
i_tile_x1y1.i_tile_x0y0.i_blk.i_cluster_i1.@arith.{cin->i_adder.cin}
i_tile_x1y1.i_tile_x0y0.i_blk.i_cluster_i1.@arith.i_adder.CIN_MODE[1:0]=2'b10
i_tile_x1y1.i_tile_x0y0.i_blk.i_cluster_i1.@arith.i_lut5_i0.+
i_tile_x1y1.i_tile_x0y0.i_blk.i_cluster_i1.@arith.{in[4]->i_lut5_i0.in[4]}
i_tile_x1y1.i_tile_x0y0.i_blk.i_cluster_i1.@arith.i_lut5_i0.LUT[31:0]=32'b11111111111111110000000000000000
i_tile_x1y1.i_tile_x0y0.i_blk.i_cluster_i1.@arith.i_lut5_i1.+
i_tile_x1y1.i_tile_x0y0.i_blk.i_cluster_i1.@arith.{in[3]->i_lut5_i1.in[3]}
i_tile_x1y1.i_tile_x0y0.i_blk.i_cluster_i1.@arith.i_lut5_i1.LUT[31:0]=32'b11111111000000001111111100000000
i_tile_x1y1.i_tile_x0y0.i_blk.i_cluster_i1.@arith.i_flipflop_i0.+
i_tile_x1y1.i_tile_x0y0.i_blk.i_cluster_i1.@arith.{i_adder.s->i_flipflop_i0.D}
i_tile_x1y1.i_tile_x0y0.i_blk.i_cluster_i1.@arith.{clk->i_flipflop_i0.clk}
i_tile_x1y5.i_tile_x3y0.i_blk.+
i_tile_x1y5.i_tile_x3y0.i_blk.{i_cluster_i1.out[1]->out[3]}
i_tile_x1y5.i_tile_x3y0.i_blk.i_cluster_i0.+
i_tile_x1y5.i_tile_x3y0.i_blk.i_cluster_i1.+
i_tile_x1y5.i_tile_x3y0.i_blk.i_cluster_i1.@lut5x2.+
i_tile_x1y5.i_tile_x3y0.i_blk.i_cluster_i1.@lut5x2.{i_lut5_i1.out->out[1]}
i_tile_x1y5.i_tile_x3y0.i_blk.i_cluster_i1.@lut5x2.i_lut5_i1.+
i_tile_x1y5.i_tile_x3y0.i_blk.i_cluster_i1.@lut5x2.i_lut5_i1.LUT[31:0]=32'b00000000000000000000000000000000
i_tile_x1y1.i_tile_x1y1.i_blk.+
i_tile_x1y1.i_tile_x1y1.i_blk.{i_cluster_i1.out[1]->out[3]}
i_tile_x1y1.i_tile_x1y1.i_blk.i_cluster_i0.+
i_tile_x1y1.i_tile_x1y1.i_blk.i_cluster_i1.+
i_tile_x1y1.i_tile_x1y1.i_blk.i_cluster_i1.@lut5x2.+
i_tile_x1y1.i_tile_x1y1.i_blk.i_cluster_i1.@lut5x2.{i_lut5_i1.out->out[1]}
i_tile_x1y1.i_tile_x1y1.i_blk.i_cluster_i1.@lut5x2.i_lut5_i1.+
i_tile_x1y1.i_tile_x1y1.i_blk.i_cluster_i1.@lut5x2.i_lut5_i1.LUT[31:0]=32'b11111111111111111111111111111111
i_tile_x0y2.i_blk_i1.+
i_tile_x0y2.i_blk_i1.io.+
i_tile_x0y2.i_blk_i1.{outpad->io.outpad}
i_tile_x0y2.i_blk_i1.io.@mode_output.+
i_tile_x0y2.i_blk_i1.io.@mode_output.o_pad.+
i_tile_x0y2.i_blk_i1.io.@mode_output.{outpad->o_pad.outpad}
i_tile_x0y2.i_blk_i2.+
i_tile_x0y2.i_blk_i2.io.+
i_tile_x0y2.i_blk_i2.{outpad->io.outpad}
i_tile_x0y2.i_blk_i2.io.@mode_output.+
i_tile_x0y2.i_blk_i2.io.@mode_output.o_pad.+
i_tile_x0y2.i_blk_i2.io.@mode_output.{outpad->o_pad.outpad}
i_tile_x0y2.i_blk_i3.+
i_tile_x0y2.i_blk_i3.io.+
i_tile_x0y2.i_blk_i3.{outpad->io.outpad}
i_tile_x0y2.i_blk_i3.io.@mode_output.+
i_tile_x0y2.i_blk_i3.io.@mode_output.o_pad.+
i_tile_x0y2.i_blk_i3.io.@mode_output.{outpad->o_pad.outpad}
i_tile_x0y3.i_blk_i0.+
i_tile_x0y3.i_blk_i0.io.+
i_tile_x0y3.i_blk_i0.{outpad->io.outpad}
i_tile_x0y3.i_blk_i0.io.@mode_output.+
i_tile_x0y3.i_blk_i0.io.@mode_output.o_pad.+
i_tile_x0y3.i_blk_i0.io.@mode_output.{outpad->o_pad.outpad}
i_tile_x0y3.i_blk_i1.+
i_tile_x0y3.i_blk_i1.io.+
i_tile_x0y3.i_blk_i1.{outpad->io.outpad}
i_tile_x0y3.i_blk_i1.io.@mode_output.+
i_tile_x0y3.i_blk_i1.io.@mode_output.o_pad.+
i_tile_x0y3.i_blk_i1.io.@mode_output.{outpad->o_pad.outpad}
i_tile_x0y3.i_blk_i2.+
i_tile_x0y3.i_blk_i2.io.+
i_tile_x0y3.i_blk_i2.{outpad->io.outpad}
i_tile_x0y3.i_blk_i2.io.@mode_output.+
i_tile_x0y3.i_blk_i2.io.@mode_output.o_pad.+
i_tile_x0y3.i_blk_i2.io.@mode_output.{outpad->o_pad.outpad}
i_tile_x0y3.i_blk_i3.+
i_tile_x0y3.i_blk_i3.io.+
i_tile_x0y3.i_blk_i3.{outpad->io.outpad}
i_tile_x0y3.i_blk_i3.io.@mode_output.+
i_tile_x0y3.i_blk_i3.io.@mode_output.o_pad.+
i_tile_x0y3.i_blk_i3.io.@mode_output.{outpad->o_pad.outpad}
i_tile_x0y4.i_blk_i0.+
i_tile_x0y4.i_blk_i0.io.+
i_tile_x0y4.i_blk_i0.{outpad->io.outpad}
i_tile_x0y4.i_blk_i0.io.@mode_output.+
i_tile_x0y4.i_blk_i0.io.@mode_output.o_pad.+
i_tile_x0y4.i_blk_i0.io.@mode_output.{outpad->o_pad.outpad}
i_tile_x0y4.i_blk_i1.+
i_tile_x0y4.i_blk_i1.io.+
i_tile_x0y4.i_blk_i1.{outpad->io.outpad}
i_tile_x0y4.i_blk_i1.io.@mode_output.+
i_tile_x0y4.i_blk_i1.io.@mode_output.o_pad.+
i_tile_x0y4.i_blk_i1.io.@mode_output.{outpad->o_pad.outpad}
i_tile_x0y4.i_blk_i2.+
i_tile_x0y4.i_blk_i2.io.+
i_tile_x0y4.i_blk_i2.{outpad->io.outpad}
i_tile_x0y4.i_blk_i2.io.@mode_output.+
i_tile_x0y4.i_blk_i2.io.@mode_output.o_pad.+
i_tile_x0y4.i_blk_i2.io.@mode_output.{outpad->o_pad.outpad}
i_tile_x0y4.i_blk_i3.+
i_tile_x0y4.i_blk_i3.io.+
i_tile_x0y4.i_blk_i3.{outpad->io.outpad}
i_tile_x0y4.i_blk_i3.io.@mode_output.+
i_tile_x0y4.i_blk_i3.io.@mode_output.o_pad.+
i_tile_x0y4.i_blk_i3.io.@mode_output.{outpad->o_pad.outpad}
i_tile_x0y5.i_blk_i0.+
i_tile_x0y5.i_blk_i0.io.+
i_tile_x0y5.i_blk_i0.{outpad->io.outpad}
i_tile_x0y5.i_blk_i0.io.@mode_output.+
i_tile_x0y5.i_blk_i0.io.@mode_output.o_pad.+
i_tile_x0y5.i_blk_i0.io.@mode_output.{outpad->o_pad.outpad}
i_tile_x0y5.i_blk_i1.+
i_tile_x0y5.i_blk_i1.io.+
i_tile_x0y5.i_blk_i1.{outpad->io.outpad}
i_tile_x0y5.i_blk_i1.io.@mode_output.+
i_tile_x0y5.i_blk_i1.io.@mode_output.o_pad.+
i_tile_x0y5.i_blk_i1.io.@mode_output.{outpad->o_pad.outpad}
i_tile_x0y5.i_blk_i2.+
i_tile_x0y5.i_blk_i2.io.+
i_tile_x0y5.i_blk_i2.{outpad->io.outpad}
i_tile_x0y5.i_blk_i2.io.@mode_output.+
i_tile_x0y5.i_blk_i2.io.@mode_output.o_pad.+
i_tile_x0y5.i_blk_i2.io.@mode_output.{outpad->o_pad.outpad}
i_tile_x0y5.i_blk_i3.+
i_tile_x0y5.i_blk_i3.io.+
i_tile_x0y5.i_blk_i3.{outpad->io.outpad}
i_tile_x0y5.i_blk_i3.io.@mode_output.+
i_tile_x0y5.i_blk_i3.io.@mode_output.o_pad.+
i_tile_x0y5.i_blk_i3.io.@mode_output.{outpad->o_pad.outpad}
i_tile_x0y6.i_blk_i0.+
i_tile_x0y6.i_blk_i0.io.+
i_tile_x0y6.i_blk_i0.{outpad->io.outpad}
i_tile_x0y6.i_blk_i0.io.@mode_output.+
i_tile_x0y6.i_blk_i0.io.@mode_output.o_pad.+
i_tile_x0y6.i_blk_i0.io.@mode_output.{outpad->o_pad.outpad}
i_tile_x0y2.i_blk_i0.+
i_tile_x0y2.i_blk_i0.{io.inpad->inpad}
i_tile_x0y2.i_blk_i0.io.+
i_tile_x0y2.i_blk_i0.io.@mode_input.+
i_tile_x0y2.i_blk_i0.io.@mode_input.{i_pad.inpad->inpad}
i_tile_x0y2.i_blk_i0.io.@mode_input.i_pad.+
i_tile_x0y1.i_blk_i0.+
i_tile_x0y1.i_blk_i0.{io.inpad->inpad}
i_tile_x0y1.i_blk_i0.io.+
i_tile_x0y1.i_blk_i0.io.@mode_input.+
i_tile_x0y1.i_blk_i0.io.@mode_input.{i_pad.inpad->inpad}
i_tile_x0y1.i_blk_i0.io.@mode_input.i_pad.+
i_tile_x1y1.i_sbox_x2y1sw.{cu_u1y0n_L2[1]->so_u1y0n_L2[1]}
i_tile_x1y1.i_tile_x1y1.i_cbox_e0.{bp_x0y0i0_out[3]->cu_x0y0n_L2[1]}
i_tile_x1y1.i_sbox_x1y3se.{bi_x0v2n_L2[1]->so_x0v1w_L2[2]}
i_tile_x1y1.i_sbox_x0y3sw.{bi_x1v1w_L2[2]->so_u1y0n_L2[1]}
i_tile_x1y5.i_sbox_x0y1sw.{bi_u1v2n_L2[1]->so_u1y0n_L2[1]}
i_tile_x1y5.i_tile_x0y1.i_cbox_w0.{bi_u1y0n_L2[1]->bp_x0y0i0_in[0]}
i_tile_x1y5.i_sbox_x0y3sw.{bi_u1v2n_L2[1]->so_u1y0n_L2[1]}
i_tile_x1y5.i_tile_x0y3.i_cbox_w0.{bi_u1y0n_L2[1]->bp_x0y0i0_in[0]}
i_tile_x1y1.i_tile_x0y3.i_cbox_w0.{bi_u1y0n_L2[1]->bp_x0y0i0_in[0]}
i_tile_x1y1.i_sbox_x1y3sw.{bi_x0v1w_L2[2]->so_u1y0n_L2[2]}
i_tile_x1y5.i_sbox_x0y0se.{bi_x0v1n_L2[2]->so_x0v1w_L2[2]}
i_tile_x1y5.i_sbox_x0y0sw.{bi_x0v1w_L2[2]->so_u1y0n_L2[2]}
i_tile_x1y5.i_tile_x0y1.i_cbox_w0.{bi_u1v1n_L2[2]->bp_x0y0i0_in[8]}
i_tile_x1y5.i_sbox_x1y1sw.{bi_u1v2n_L2[2]->so_u1y0n_L2[2]}
i_tile_x1y5.i_sbox_x0y3se.{bi_x0v2n_L2[2]->so_x0v1w_L2[3]}
i_sbox_x0y7ne.{bi_x1y0w_L2[3]->so_x0y0s_L2[16]}
i_tile_x1y5.i_tile_x0y2.i_cbox_w0.{bi_u1y0s_L2[16]->bp_x0y0i0_in[0]}
i_tile_x1y5.i_tile_x0y2.i_cbox_w0.{bi_u1y0s_L2[16]->bp_x0y0i0_in[8]}
i_sbox_x0y5ne.{bi_x0y2s_L2[16]->so_x0y0s_L2[16]}
i_tile_x1y1.i_tile_x0y3.i_cbox_w0.{bi_u1y1s_L2[16]->bp_x0y0i0_in[8]}
i_tile_x1y5.i_tile_x0y0.i_cbox_w0.{bi_u1y0s_L2[16]->bp_x0y0i0_in[0]}
i_tile_x1y5.i_tile_x0y0.i_cbox_w0.{bi_u1y0s_L2[16]->bp_x0y0i0_in[8]}
i_sbox_x0y3ne.{bi_x2y0w_L2[2]->so_x0y0s_L2[16]}
i_tile_x1y1.i_tile_x0y1.i_cbox_w0.{bi_u1y1s_L2[16]->bp_x0y0i0_in[8]}
i_tile_x1y1.i_tile_x0y2.i_cbox_w0.{bi_u1y0s_L2[16]->bp_x0y0i0_in[0]}
i_tile_x1y1.i_tile_x0y2.i_cbox_w0.{bi_u1y0s_L2[16]->bp_x0y0i0_in[8]}
i_tile_x1y1.i_sbox_x2y1sw.{cu_u1y0n_L2[17]->so_u1y0n_L2[17]}
i_tile_x1y1.i_tile_x1y1.i_cbox_e0.{bp_x0y0i0_out[3]->cu_x0y0n_L2[17]}
i_tile_x1y1.i_sbox_x1y2se.{bi_x0v1n_L2[17]->so_x0v1w_L2[17]}
i_sbox_x0y2ne.{bi_x2y0w_L2[17]->so_x0y0s_L2[1]}
i_tile_x1y1.i_tile_x0y1.i_cbox_w0.{bi_u1y0s_L2[1]->bp_x0y0i0_in[0]}
i_tile_x1y1.i_tile_x0y0.i_cbox_w0.{bi_u1y1s_L2[1]->bp_x0y0i0_in[3]}
i_tile_x1y1.i_tile_x0y0.i_cbox_w0.{bi_u1y1s_L2[1]->bp_x0y0i0_in[10]}
i_tile_x5y5.i_sbox_x0y0sw.{cu_u1y0n_L2[5]->so_u1y0n_L2[5]}
i_tile_x1y5.i_tile_x3y0.i_cbox_e0.{bp_x0y0i0_out[3]->cu_x0y0n_L2[5]}
i_tile_x1y5.i_sbox_x3y1se.{bi_x0v1n_L2[5]->so_x0v1w_L2[5]}
i_tile_x1y5.i_sbox_x1y1se.{bi_x2v1w_L2[5]->so_x0v1w_L2[5]}
i_tile_x1y5.i_sbox_x0y1sw.{bi_x1v1w_L2[5]->so_u1y0n_L2[4]}
i_tile_x1y5.i_tile_x0y1.i_cbox_w0.{bi_u1y0n_L2[4]->bp_x0y0i0_in[3]}
i_tile_x1y5.i_tile_x0y2.i_cbox_w0.{bi_u1v1n_L2[4]->bp_x0y0i0_in[6]}
i_tile_x1y5.i_sbox_x0y3sw.{bi_u1v2n_L2[4]->so_u1y0n_L2[4]}
i_tile_x1y5.i_tile_x0y3.i_cbox_w0.{bi_u1y0n_L2[4]->bp_x0y0i0_in[3]}
i_tile_x1y5.i_tile_x0y3.i_cbox_w0.{bi_u1y0n_L2[4]->bp_x0y0i0_in[10]}
i_tile_x1y5.i_sbox_x0y0ne.{bi_x1y0w_L2[5]->so_x0y0s_L2[14]}
i_tile_x1y5.i_sbox_x0y0se.{bi_x0y0s_L2[14]->so_x0v1w_L2[5]}
i_tile_x1y5.i_sbox_x0y0sw.{bi_x0v1w_L2[5]->so_u1y0n_L2[5]}
i_tile_x1y5.i_tile_x0y1.i_cbox_w0.{bi_u1v1n_L2[5]->bp_x0y0i0_in[6]}
i_tile_x1y5.i_sbox_x0y2sw.{bi_u1v2n_L2[5]->so_u1y0n_L2[5]}
i_tile_x1y5.i_tile_x0y2.i_cbox_w0.{bi_u1y0n_L2[5]->bp_x0y0i0_in[3]}
i_tile_x1y5.i_tile_x0y0.i_cbox_w0.{bi_u1y0n_L2[5]->bp_x0y0i0_in[3]}
i_sbox_x0y4ne.{bi_x1y0w_L2[5]->so_x0y0s_L2[14]}
i_sbox_x0y2ne.{bi_x0y2s_L2[14]->so_x0y0s_L2[14]}
i_tile_x1y1.i_tile_x0y1.i_cbox_w0.{bi_u1y0s_L2[14]->bp_x0y0i0_in[3]}
i_tile_x1y1.i_tile_x0y1.i_cbox_w0.{bi_u1y0s_L2[14]->bp_x0y0i0_in[6]}
i_tile_x1y1.i_tile_x0y0.i_cbox_w0.{bi_u1y1s_L2[14]->bp_x0y0i0_in[9]}
i_tile_x1y1.i_tile_x0y3.i_cbox_w0.{bi_u1y0s_L2[14]->bp_x0y0i0_in[3]}
i_tile_x1y1.i_tile_x0y3.i_cbox_w0.{bi_u1y0s_L2[14]->bp_x0y0i0_in[6]}
i_tile_x1y1.i_sbox_x0y3se.{bi_x0y1s_L2[14]->so_x0v1w_L2[6]}
i_sbox_x0y3ne.{bi_x1y0w_L2[6]->so_x0y0s_L2[13]}
i_tile_x1y1.i_tile_x0y2.i_cbox_w0.{bi_u1y0s_L2[13]->bp_x0y0i0_in[3]}
i_tile_x1y5.i_sbox_x1y0ne.{bi_x2y0w_L2[5]->so_x0y0s_L2[13]}
i_tile_x1y5.i_sbox_x1y0se.{bi_x0y0s_L2[13]->so_x0v1w_L2[6]}
i_sbox_x0y4ne.{bi_x2y0w_L2[6]->so_x0y0s_L2[12]}
i_tile_x1y1.i_tile_x0y2.i_cbox_w0.{bi_u1y1s_L2[12]->bp_x0y0i0_in[6]}
i_tile_x1y5.i_sbox_x1y0sw.{bi_x0v1w_L2[6]->so_u1y0n_L2[6]}
i_tile_x1y5.i_sbox_x0y2se.{bi_x0v2n_L2[6]->so_x0v1w_L2[7]}
i_sbox_x0y6ne.{bi_x1y0w_L2[7]->so_x0y0s_L2[12]}
i_tile_x1y5.i_tile_x0y0.i_cbox_w0.{bi_u1y1s_L2[12]->bp_x0y0i0_in[6]}
i_tile_x1y5.i_sbox_x0y1ne.{cu_x0y0s_L2[0]->so_x0y0s_L2[0]}
i_tile_x1y5.i_tile_x0y1.i_cbox_e0.{bp_x0y0i0_out[0]->cu_x0y0s_L2[0]}
i_tile_x1y5.i_sbox_x0y0se.{bi_x0y1s_L2[0]->so_x0v1w_L2[0]}
i_sbox_x0y4ne.{bi_x1y0w_L2[0]->so_x0y0s_L2[19]}
i_tile_x0y4.i_cbox_e0.{bi_x0y0s_L2[19]->bp_x0y0i3_outpad}
i_tile_x1y5.i_sbox_x0y1ne.{cu_x0y0s_L2[2]->so_x0y0s_L2[2]}
i_tile_x1y5.i_tile_x0y1.i_cbox_e0.{bp_x0y0i0_out[2]->cu_x0y0s_L2[2]}
i_tile_x1y5.i_sbox_x0y0se.{bi_x0y1s_L2[2]->so_x0v1w_L2[18]}
i_tile_x1y5.i_sbox_x0y0sw.{bi_x0v1w_L2[18]->so_u1y0n_L2[18]}
i_tile_x0y5.i_cbox_e0.{bi_x0y0n_L2[18]->bp_x0y0i0_outpad}
i_tile_x1y5.i_sbox_x0y2ne.{cu_x0y0s_L2[0]->so_x0y0s_L2[0]}
i_tile_x1y5.i_tile_x0y2.i_cbox_e0.{bp_x0y0i0_out[0]->cu_x0y0s_L2[0]}
i_tile_x1y5.i_sbox_x0y1se.{bi_x0y1s_L2[0]->so_x0v1w_L2[0]}
i_sbox_x0y5ne.{bi_x1y0w_L2[0]->so_x0y0s_L2[19]}
i_tile_x0y5.i_cbox_e0.{bi_x0y0s_L2[19]->bp_x0y0i1_outpad}
i_tile_x1y5.i_sbox_x0y2ne.{cu_x0y0s_L2[2]->so_x0y0s_L2[2]}
i_tile_x1y5.i_tile_x0y2.i_cbox_e0.{bp_x0y0i0_out[2]->cu_x0y0s_L2[2]}
i_tile_x1y5.i_sbox_x0y1se.{bi_x0y1s_L2[2]->so_x0v1w_L2[18]}
i_sbox_x0y5ne.{bi_x1y0w_L2[18]->so_x0y0s_L2[1]}
i_tile_x0y5.i_cbox_e0.{bi_x0y0s_L2[1]->bp_x0y0i2_outpad}
i_tile_x1y5.i_sbox_x0y3ne.{cu_x0y0s_L2[0]->so_x0y0s_L2[0]}
i_tile_x1y5.i_tile_x0y3.i_cbox_e0.{bp_x0y0i0_out[0]->cu_x0y0s_L2[0]}
i_tile_x1y5.i_sbox_x0y2se.{bi_x0y1s_L2[0]->so_x0v1w_L2[0]}
i_sbox_x0y6ne.{bi_x1y0w_L2[0]->so_x0y0s_L2[19]}
i_tile_x0y5.i_cbox_e0.{bi_x0y1s_L2[19]->bp_x0y0i3_outpad}
i_tile_x1y5.i_sbox_x0y3ne.{cu_x0y0s_L2[2]->so_x0y0s_L2[2]}
i_tile_x1y5.i_tile_x0y3.i_cbox_e0.{bp_x0y0i0_out[2]->cu_x0y0s_L2[2]}
i_tile_x1y5.i_sbox_x0y2se.{bi_x0y1s_L2[2]->so_x0v1w_L2[18]}
i_sbox_x0y6ne.{bi_x1y0w_L2[18]->so_x0y0s_L2[1]}
i_tile_x0y6.i_cbox_e0.{bi_x0y0s_L2[1]->bp_x0y0i0_outpad}
i_tile_x1y1.i_sbox_x0y1ne.{cu_x0y0s_L2[0]->so_x0y0s_L2[0]}
i_tile_x1y1.i_tile_x0y1.i_cbox_e0.{bp_x0y0i0_out[0]->cu_x0y0s_L2[0]}
i_tile_x1y1.i_sbox_x0y0se.{bi_x0y1s_L2[0]->so_x0v1w_L2[0]}
i_tile_x1y1.i_sbox_x0y0sw.{bi_x0v1w_L2[0]->so_u1y0n_L2[0]}
i_tile_x0y2.i_cbox_e0.{bi_x0v1n_L2[0]->bp_x0y0i3_outpad}
i_tile_x1y1.i_sbox_x0y1ne.{cu_x0y0s_L2[2]->so_x0y0s_L2[2]}
i_tile_x1y1.i_tile_x0y1.i_cbox_e0.{bp_x0y0i0_out[2]->cu_x0y0s_L2[2]}
i_tile_x1y1.i_sbox_x0y1se.{bi_x0y0s_L2[2]->so_x0v1w_L2[17]}
i_tile_x1y1.i_sbox_x0y1sw.{bi_x0v1w_L2[17]->so_u1y0n_L2[17]}
i_tile_x0y3.i_cbox_e0.{bi_x0v1n_L2[17]->bp_x0y0i0_outpad}
i_tile_x1y1.i_sbox_x0y2ne.{cu_x0y0s_L2[0]->so_x0y0s_L2[0]}
i_tile_x1y1.i_tile_x0y2.i_cbox_e0.{bp_x0y0i0_out[0]->cu_x0y0s_L2[0]}
i_tile_x1y1.i_sbox_x0y1se.{bi_x0y1s_L2[0]->so_x0v1w_L2[0]}
i_tile_x1y1.i_sbox_x0y1sw.{bi_x0v1w_L2[0]->so_u1y0n_L2[0]}
i_tile_x0y3.i_cbox_e0.{bi_x0v1n_L2[0]->bp_x0y0i1_outpad}
i_tile_x1y1.i_sbox_x0y2ne.{cu_x0y0s_L2[2]->so_x0y0s_L2[2]}
i_tile_x1y1.i_tile_x0y2.i_cbox_e0.{bp_x0y0i0_out[2]->cu_x0y0s_L2[2]}
i_tile_x1y1.i_sbox_x0y1se.{bi_x0y1s_L2[2]->so_x0v1w_L2[18]}
i_tile_x1y1.i_sbox_x0y1sw.{bi_x0v1w_L2[18]->so_u1y0n_L2[18]}
i_tile_x0y3.i_cbox_e0.{bi_x0v1n_L2[18]->bp_x0y0i2_outpad}
i_tile_x1y1.i_sbox_x0y3ne.{cu_x0y0s_L2[0]->so_x0y0s_L2[0]}
i_tile_x1y1.i_tile_x0y3.i_cbox_e0.{bp_x0y0i0_out[0]->cu_x0y0s_L2[0]}
i_tile_x1y1.i_sbox_x0y2se.{bi_x0y1s_L2[0]->so_x0v1w_L2[0]}
i_tile_x1y1.i_sbox_x0y2sw.{bi_x0v1w_L2[0]->so_u1y0n_L2[0]}
i_tile_x0y3.i_cbox_e0.{bi_x0y0n_L2[0]->bp_x0y0i3_outpad}
i_tile_x1y1.i_sbox_x0y3ne.{cu_x0y0s_L2[2]->so_x0y0s_L2[2]}
i_tile_x1y1.i_tile_x0y3.i_cbox_e0.{bp_x0y0i0_out[2]->cu_x0y0s_L2[2]}
i_tile_x1y1.i_sbox_x0y2se.{bi_x0y1s_L2[2]->so_x0v1w_L2[18]}
i_tile_x1y1.i_sbox_x0y2sw.{bi_x0v1w_L2[18]->so_u1y0n_L2[18]}
i_tile_x0y4.i_cbox_e0.{bi_x0v1n_L2[18]->bp_x0y0i0_outpad}
i_tile_x1y5.i_sbox_x0y0ne.{cu_x0y0s_L2[0]->so_x0y0s_L2[0]}
i_tile_x1y5.i_tile_x0y0.i_cbox_e0.{bp_x0y0i0_out[0]->cu_x0y0s_L2[0]}
i_tile_x1y1.i_sbox_x0y3se.{bi_x0y1s_L2[0]->so_x0v1w_L2[0]}
i_tile_x1y1.i_sbox_x0y3sw.{bi_x0v1w_L2[0]->so_u1y0n_L2[0]}
i_tile_x0y4.i_cbox_e0.{bi_x0y0n_L2[0]->bp_x0y0i1_outpad}
i_tile_x1y5.i_sbox_x0y0ne.{cu_x0y0s_L2[2]->so_x0y0s_L2[2]}
i_tile_x1y5.i_tile_x0y0.i_cbox_e0.{bp_x0y0i0_out[2]->cu_x0y0s_L2[2]}
i_tile_x1y1.i_sbox_x0y3se.{bi_x0y1s_L2[2]->so_x0v1w_L2[18]}
i_tile_x1y1.i_sbox_x0y3sw.{bi_x0v1w_L2[18]->so_u1y0n_L2[18]}
i_tile_x0y4.i_cbox_e0.{bi_x0y0n_L2[18]->bp_x0y0i2_outpad}
i_sbox_x0y2ne.{cu_x0y0s_L2[0]->so_x0y0s_L2[0]}
i_tile_x0y2.i_cbox_e0.{bp_x0y0i0_inpad->cu_x0y0s_L2[0]}
i_tile_x1y1.i_tile_x0y0.i_cbox_w0.{bi_u1y1s_L2[0]->bp_x0y0i0_in[1]}
i_tile_x1y1.i_sbox_x0y0ne.{cu_x0y0s_L2[0]->so_x0y0s_L2[0]}
i_tile_x1y1.i_tile_x0y0.i_cbox_e0.{bp_x0y0i0_out[0]->cu_x0y0s_L2[0]}
i_tile_x1y1.i_sbox_x0y0se.{bi_x0y0s_L2[0]->so_x0v1w_L2[19]}
i_tile_x1y1.i_sbox_x0y0sw.{bi_x0v1w_L2[19]->so_u1y0n_L2[19]}
i_tile_x0y2.i_cbox_e0.{bi_x0v1n_L2[19]->bp_x0y0i1_outpad}
i_tile_x1y1.i_sbox_x0y0ne.{cu_x0y0s_L2[2]->so_x0y0s_L2[2]}
i_tile_x1y1.i_tile_x0y0.i_cbox_e0.{bp_x0y0i0_out[2]->cu_x0y0s_L2[2]}
i_tile_x1y1.i_sbox_x0y0se.{bi_x0y0s_L2[2]->so_x0v1w_L2[17]}
i_tile_x1y1.i_sbox_x0y0sw.{bi_x0v1w_L2[17]->so_u1y0n_L2[17]}
i_tile_x0y2.i_cbox_e0.{bi_x0v1n_L2[17]->bp_x0y0i2_outpad}
