VPR FPGA Placement and Routing.
Version: 8.1.0-dev+v8.0.0-11652-g2f14a9fb4
Revision: v8.0.0-11652-g2f14a9fb4
Compiled: 2025-04-01T21:24:58
Compiler: GNU 13.3.0 on Linux-5.15.0-134-generic x86_64
Build Info: release IPO VTR_ASSERT_LEVEL=2

University of Toronto
verilogtorouting.org
vtr-users@googlegroups.com
This is free open source code under MIT license.

VPR was run with the following command-line:
vpr /workspace/prga_physical/prga/examples/fpga/scanchain/fle6_N2_mem2K_8x8/vpr/arch.xml syn.eblif --circuit_format eblif --pack --net_file pack.out --constant_net_method route


Architecture file: /workspace/prga_physical/prga/examples/fpga/scanchain/fle6_N2_mem2K_8x8/vpr/arch.xml
Circuit name: syn

# Loading Architecture Description
# Loading Architecture Description took 0.00 seconds (max_rss 16.1 MiB, delta_rss +1.3 MiB)

Timing analysis: ON
Circuit netlist file: pack.out
Circuit placement file: syn.place
Circuit routing file: syn.route
Circuit SDC file: syn.sdc
Vpr floorplanning constraints file: not specified

Packer: ENABLED
Placer: DISABLED
Analytical Placer: DISABLED
Router: DISABLED
Analysis: DISABLED

VPR was run with the following options:

NetlistOpts.absorb_buffer_luts            : true
NetlistOpts.sweep_dangling_primary_ios    : true
NetlistOpts.sweep_dangling_nets           : true
NetlistOpts.sweep_dangling_blocks         : true
NetlistOpts.sweep_constant_primary_outputs: false
NetlistOpts.netlist_verbosity             : 1
NetlistOpts.const_gen_inference           : COMB_SEQ

PackerOpts.allow_unrelated_clustering: auto
PackerOpts.alpha_clustering: 0.750000
PackerOpts.beta_clustering: 0.900000
PackerOpts.cluster_seed_type: BLEND2
PackerOpts.connection_driven: true
PackerOpts.global_clocks: true
PackerOpts.hill_climbing_flag: false
PackerOpts.inter_cluster_net_delay: 1.000000
PackerOpts.timing_driven: true
PackerOpts.target_external_pin_util: auto

# Building complex block graph
Warning 1: io_mode_input[0].outpad[0] unconnected pin in architecture.
Warning 2: io_mode_output[0].inpad[0] unconnected pin in architecture.
Warning 3: i_cluster_lut6x1[0].cin[0] unconnected pin in architecture.
Warning 4: i_cluster_lut6x1[0].out[1] unconnected pin in architecture.
Warning 5: i_cluster_lut6x1[0].cout[0] unconnected pin in architecture.
Warning 6: i_cluster_lut5x2[0].in[5] unconnected pin in architecture.
Warning 7: i_cluster_lut5x2[0].cin[0] unconnected pin in architecture.
Warning 8: i_cluster_lut5x2[0].cout[0] unconnected pin in architecture.
Warning 9: i_cluster_lut6x1[0].cin[0] unconnected pin in architecture.
Warning 10: i_cluster_lut6x1[0].out[1] unconnected pin in architecture.
Warning 11: i_cluster_lut6x1[0].cout[0] unconnected pin in architecture.
Warning 12: i_cluster_lut5x2[0].in[5] unconnected pin in architecture.
Warning 13: i_cluster_lut5x2[0].cin[0] unconnected pin in architecture.
Warning 14: i_cluster_lut5x2[0].cout[0] unconnected pin in architecture.
# Building complex block graph took 0.00 seconds (max_rss 17.3 MiB, delta_rss +1.2 MiB)
# Load circuit
Found constant-zero generator '$false'
Found constant-one generator '$true'
Found constant-zero generator '$undef'
# Load circuit took 0.00 seconds (max_rss 17.3 MiB, delta_rss +0.0 MiB)
# Clean circuit
Absorbed 0 LUT buffers
Inferred    0 additional primitive pins as constant generators since they have no combinationally connected inputs
Inferred    0 additional primitive pins as constant generators due to constant inputs
Inferred    0 additional primitive pins as constant generators since they have no combinationally connected inputs
Inferred    0 additional primitive pins as constant generators due to constant inputs
Inferred    0 additional primitive pins as constant generators since they have no combinationally connected inputs
Inferred    0 additional primitive pins as constant generators due to constant inputs
Swept input(s)      : 0
Swept output(s)     : 0 (0 dangling, 0 constant)
Swept net(s)        : 2
Swept block(s)      : 1
Constant Pins Marked: 0
# Clean circuit took 0.00 seconds (max_rss 17.3 MiB, delta_rss +0.0 MiB)
# Compress circuit
# Compress circuit took 0.00 seconds (max_rss 17.3 MiB, delta_rss +0.0 MiB)
# Verify circuit
# Verify circuit took 0.00 seconds (max_rss 17.3 MiB, delta_rss +0.0 MiB)
Circuit Statistics:
  Blocks: 52
    .input :       2
    .latch :      16
    .names :       2
        0-LUT:       2
    .output:      16
    m_adder:      16
  Nets  : 51
    Avg Fanout:     1.9
    Max Fanout:    16.0
    Min Fanout:     1.0
  Netlist Clocks: 1
# Build Timing Graph
  Timing Graph Nodes: 146
  Timing Graph Edges: 218
  Timing Graph Levels: 34
# Build Timing Graph took 0.00 seconds (max_rss 17.3 MiB, delta_rss +0.0 MiB)
Netlist contains 1 clocks
  Netlist Clock 'clk' Fanout: 16 pins (11.0%), 16 blocks (30.8%)
# Load Timing Constraints

SDC file 'syn.sdc' not found
Setting default timing constraints:
   * constrain all primay inputs and primary outputs on netlist clock 'clk'
   * optimize netlist clock to run as fast as possible
Timing constraints created 1 clocks
  Constrained Clock 'clk' Source: 'clk.inpad[0]'

# Load Timing Constraints took 0.00 seconds (max_rss 17.3 MiB, delta_rss +0.0 MiB)
# Packing
Begin packing 'syn.eblif'.

After removing unused inputs...
	total blocks: 52, total nets: 51, total inputs: 2, total outputs: 16
Begin prepacking.

There is one chain in this architecture called "carrychain" with the following starting points:
	clb[0]/i_cluster[0]/i_cluster_arith[0]/i_adder[0].cin[0]

0 attraction groups were created during prepacking.
Finish prepacking.
Using inter-cluster delay: 1.2e-09
Packing with pin utilization targets: t_io_w:1,1 t_io_s:1,1 tile_clb:1,1 tile_bram:1,1 t_io_n:1,1 t_io_e:1,1
Packing with high fanout thresholds: t_io_w:128 t_io_s:128 tile_clb:128 tile_bram:128 t_io_n:128 t_io_e:128
Starting Clustering - Clustering Progress: 
-------------------   --------------------------   ---------
Molecules processed   Number of clusters created   FPGA size
-------------------   --------------------------   ---------
     1/44        2%                            0    10 x 10    
     2/44        4%                            1    10 x 10    
     3/44        6%                            1    10 x 10    
     4/44        9%                            1    10 x 10    
     5/44       11%                            2    10 x 10    
     6/44       13%                            2    10 x 10    
     7/44       15%                            2    10 x 10    
     8/44       18%                            3    10 x 10    
     9/44       20%                            3    10 x 10    
    10/44       22%                            3    10 x 10    
    11/44       25%                            4    10 x 10    
    12/44       27%                            4    10 x 10    
    13/44       29%                            4    10 x 10    
    14/44       31%                            5    10 x 10    
    15/44       34%                            5    10 x 10    
    16/44       36%                            5    10 x 10    
    17/44       38%                            6    10 x 10    
    18/44       40%                            6    10 x 10    
    19/44       43%                            6    10 x 10    
    20/44       45%                            7    10 x 10    
    21/44       47%                            7    10 x 10    
    22/44       50%                            7    10 x 10    
    23/44       52%                            8    10 x 10    
    24/44       54%                            8    10 x 10    
    25/44       56%                            8    10 x 10    
    26/44       59%                            9    10 x 10    
    27/44       61%                           10    10 x 10    
    28/44       63%                           11    10 x 10    
    29/44       65%                           12    10 x 10    
    30/44       68%                           13    10 x 10    
    31/44       70%                           14    10 x 10    
    32/44       72%                           15    10 x 10    
    33/44       75%                           16    10 x 10    
    34/44       77%                           17    10 x 10    
    35/44       79%                           18    10 x 10    
    36/44       81%                           19    10 x 10    
    37/44       84%                           20    10 x 10    
    38/44       86%                           21    10 x 10    
    39/44       88%                           22    10 x 10    
    40/44       90%                           23    10 x 10    
    41/44       93%                           24    10 x 10    
    42/44       95%                           25    10 x 10    
    43/44       97%                           26    10 x 10    
    44/44      100%                           27    10 x 10    

Logic Element (i_cluster) detailed count:
  Total number of Logic Elements used : 18
  LEs used for logic and registers    : 0
  LEs used for logic only             : 2
  LEs used for registers only         : 16

Incr Slack updates 1 in 2.053e-06 sec
Full Max Req/Worst Slack updates 1 in 1.873e-06 sec
Incr Max Req/Worst Slack updates 0 in 0 sec
Incr Criticality updates 0 in 0 sec
Full Criticality updates 1 in 2.294e-06 sec
FPGA sized to 10 x 10 (top)
Device Utilization: 0.14 (target 1.00)
	Block Utilization: 0.14 Type: iob
	Block Utilization: 0.21 Type: clb

Start the iterative improvement process
the iterative improvement process is done
Final Clustering Statistics: 
----------   --------   ------------------------------------   --------------------------
Block Type   # Blocks   Avg. # of input clocks and pins used   Avg. # of output pins used
----------   --------   ------------------------------------   --------------------------
     EMPTY          0                                      0                            0   
       iob         18                               0.888889                     0.111111   
       clb         10                                    4.6                          2.5   
      bram          0                                      0                            0   
Absorbed logical nets 24 out of 51 nets, 27 nets not absorbed.

Netlist conversion complete.

# Packing took 0.00 seconds (max_rss 18.6 MiB, delta_rss +1.2 MiB)
# Load packing
Begin loading packed FPGA netlist file.
Netlist generated from file 'pack.out'.
Detected 2 constant generators (to see names run with higher pack verbosity)
Finished loading packed FPGA netlist file (took 0.022046 seconds).
# Load packing took 0.02 seconds (max_rss 56.7 MiB, delta_rss +38.1 MiB)
Warning 15: Netlist contains 0 global net to non-global architecture pin connections
Warning 16: Logic block #8 ($false) has only 1 output pin '$false.out[3]'. It may be a constant generator.
Warning 17: Logic block #9 ($true) has only 1 output pin '$true.out[3]'. It may be a constant generator.
Cluster level netlist and block usage statistics
Netlist num_nets: 27
Netlist num_blocks: 28
Netlist EMPTY blocks: 0.
Netlist iob blocks: 18.
Netlist clb blocks: 10.
Netlist bram blocks: 0.
Netlist inputs pins: 2
Netlist output pins: 16

Pb types usage...
  iob                   : 18
   io                   : 18
    io_mode_input       : 2
     i_pad              : 2
    io_mode_output      : 16
     o_pad              : 16
  clb                   : 10
   i_cluster            : 18
    i_cluster_arith     : 16
     i_adder            : 16
     i_flipflop         : 16
    i_cluster_lut5x2    : 2
     i_lut5             : 2
      i_lut5_lut        : 2
       lut              : 2

# Create Device
## Build Device Grid
FPGA sized to 10 x 10: 100 grid tiles (top)

Resource usage...
	Netlist
		18	blocks of type: iob
	Architecture
		32	blocks of type: t_io_w
		32	blocks of type: t_io_s
		32	blocks of type: t_io_n
		32	blocks of type: t_io_e
	Netlist
		10	blocks of type: clb
	Architecture
		48	blocks of type: tile_clb
	Netlist
		0	blocks of type: bram
	Architecture
		8	blocks of type: tile_bram

Device Utilization: 0.14 (target 1.00)
	Physical Tile t_io_w:
	Block Utilization: 0.56 Logical Block: iob
	Physical Tile t_io_s:
	Block Utilization: 0.56 Logical Block: iob
	Physical Tile tile_clb:
	Block Utilization: 0.21 Logical Block: clb
	Physical Tile tile_bram:
	Block Utilization: 0.00 Logical Block: bram
	Physical Tile t_io_n:
	Block Utilization: 0.56 Logical Block: iob
	Physical Tile t_io_e:
	Block Utilization: 0.56 Logical Block: iob

## Build Device Grid took 0.00 seconds (max_rss 57.0 MiB, delta_rss +0.0 MiB)
## Build routing resource graph
## Build routing resource graph took 0.04 seconds (max_rss 57.0 MiB, delta_rss +0.0 MiB)
  RR Graph Nodes: 10980
  RR Graph Edges: 142870
# Create Device took 0.04 seconds (max_rss 57.0 MiB, delta_rss +0.0 MiB)


Flow timing analysis took 2.7822e-05 seconds (2.016e-05 STA, 7.662e-06 slack) (1 full updates: 1 setup, 0 hold, 0 combined).
VPR succeeded
The entire flow of VPR took 0.10 seconds (max_rss 57.0 MiB)
