#Packing pin usage report
Type: iob
	Input Pin Usage:
		Max: 1.00 (1.00)
		Avg: 0.89 (0.89)
		Min: 0.00 (0.00)
		Histogram:
		[        0:      0.1)  2 ( 11.1%) |******
		[      0.1:      0.2)  0 (  0.0%) |
		[      0.2:      0.3)  0 (  0.0%) |
		[      0.3:      0.4)  0 (  0.0%) |
		[      0.4:      0.5)  0 (  0.0%) |
		[      0.5:      0.6)  0 (  0.0%) |
		[      0.6:      0.7)  0 (  0.0%) |
		[      0.7:      0.8)  0 (  0.0%) |
		[      0.8:      0.9)  0 (  0.0%) |
		[      0.9:        1) 16 ( 88.9%) |************************************************
	Output Pin Usage:
		Max: 1.00 (1.00)
		Avg: 0.11 (0.11)
		Min: 0.00 (0.00)
		Histogram:
		[        0:      0.1) 16 ( 88.9%) |************************************************
		[      0.1:      0.2)  0 (  0.0%) |
		[      0.2:      0.3)  0 (  0.0%) |
		[      0.3:      0.4)  0 (  0.0%) |
		[      0.4:      0.5)  0 (  0.0%) |
		[      0.5:      0.6)  0 (  0.0%) |
		[      0.6:      0.7)  0 (  0.0%) |
		[      0.7:      0.8)  0 (  0.0%) |
		[      0.8:      0.9)  0 (  0.0%) |
		[      0.9:        1)  2 ( 11.1%) |******

Type: clb
	Input Pin Usage:
		Max: 6.00 (0.43)
		Avg: 4.60 (0.33)
		Min: 0.00 (0.00)
		Histogram:
		[        0:      1.4) 2 ( 20.0%) |****************
		[      1.4:      2.8) 0 (  0.0%) |
		[      2.8:      4.2) 0 (  0.0%) |
		[      4.2:      5.6) 2 ( 20.0%) |****************
		[      5.6:        7) 6 ( 60.0%) |*************************************************
		[        7:      8.4) 0 (  0.0%) |
		[      8.4:      9.8) 0 (  0.0%) |
		[      9.8:       11) 0 (  0.0%) |
		[       11:       13) 0 (  0.0%) |
		[       13:       14) 0 (  0.0%) |
	Output Pin Usage:
		Max: 3.00 (0.60)
		Avg: 2.50 (0.50)
		Min: 1.00 (0.20)
		Histogram:
		[        0:      0.5) 0 (  0.0%) |
		[      0.5:        1) 2 ( 20.0%) |**************
		[        1:      1.5) 0 (  0.0%) |
		[      1.5:        2) 1 ( 10.0%) |*******
		[        2:      2.5) 0 (  0.0%) |
		[      2.5:        3) 7 ( 70.0%) |*************************************************
		[        3:      3.5) 0 (  0.0%) |
		[      3.5:        4) 0 (  0.0%) |
		[        4:      4.5) 0 (  0.0%) |
		[      4.5:        5) 0 (  0.0%) |

