VPR FPGA Placement and Routing.
Version: 8.1.0-dev+v8.0.0-11652-g2f14a9fb4
Revision: v8.0.0-11652-g2f14a9fb4
Compiled: 2025-04-01T21:24:58
Compiler: GNU 13.3.0 on Linux-5.15.0-134-generic x86_64
Build Info: release IPO VTR_ASSERT_LEVEL=2

University of Toronto
verilogtorouting.org
vtr-users@googlegroups.com
This is free open source code under MIT license.

VPR was run with the following command-line:
vpr /workspace/prga_physical/prga/examples/fpga/scanchain/fle6_N2_mem2K_8x8/vpr/arch.xml syn.eblif --circuit_format eblif --constant_net_method route --net_file pack.out --place --place_file place.out --fix_clusters ioplan.out --place_delay_model delta_override --place_chan_width 80


Architecture file: /workspace/prga_physical/prga/examples/fpga/scanchain/fle6_N2_mem2K_8x8/vpr/arch.xml
Circuit name: syn

# Loading Architecture Description
# Loading Architecture Description took 0.00 seconds (max_rss 16.1 MiB, delta_rss +1.4 MiB)

Timing analysis: ON
Circuit netlist file: pack.out
Circuit placement file: place.out
Circuit routing file: syn.route
Circuit SDC file: syn.sdc
Vpr floorplanning constraints file: not specified

Packer: ENABLED
Placer: ENABLED
Analytical Placer: DISABLED
Router: DISABLED
Analysis: DISABLED

VPR was run with the following options:

NetlistOpts.absorb_buffer_luts            : true
NetlistOpts.sweep_dangling_primary_ios    : true
NetlistOpts.sweep_dangling_nets           : true
NetlistOpts.sweep_dangling_blocks         : true
NetlistOpts.sweep_constant_primary_outputs: false
NetlistOpts.netlist_verbosity             : 1
NetlistOpts.const_gen_inference           : COMB_SEQ

PackerOpts.allow_unrelated_clustering: auto
PackerOpts.alpha_clustering: 0.750000
PackerOpts.beta_clustering: 0.900000
PackerOpts.cluster_seed_type: BLEND2
PackerOpts.connection_driven: true
PackerOpts.global_clocks: true
PackerOpts.hill_climbing_flag: false
PackerOpts.inter_cluster_net_delay: 1.000000
PackerOpts.timing_driven: true
PackerOpts.target_external_pin_util: auto

PlacerOpts.place_freq: PLACE_ONCE
PlacerOpts.place_algorithm: CRITICALITY_TIMING_PLACE
PlacerOpts.pad_loc_type: FREE
PlacerOpts.constraints_file: Using constraints file 'ioplan.out'
PlacerOpts.place_cost_exp: 1.000000
PlacerOpts.place_chan_width: 80
PlacerOpts.inner_loop_recompute_divider: 0
PlacerOpts.recompute_crit_iter: 1
PlacerOpts.timing_tradeoff: 0.500000
PlacerOpts.td_place_exp_first: 1.000000
PlacerOpts.td_place_exp_last: 8.000000
PlacerOpts.delay_offset: 0.000000
PlacerOpts.delay_ramp_delta_threshold: -1
PlacerOpts.delay_ramp_slope: 0.000000
PlacerOpts.tsu_rel_margin: 1.000000
PlacerOpts.tsu_abs_margin: 0.000000
PlacerOpts.post_place_timing_report_file: 
PlacerOpts.allowed_tiles_for_delay_model: 
PlacerOpts.delay_model_reducer: MIN
PlacerOpts.delay_model_type: DELTA_OVERRIDE
PlacerOpts.rlim_escape_fraction: 0.000000
PlacerOpts.move_stats_file: 
PlacerOpts.placement_saves_per_temperature: 0
PlacerOpts.effort_scaling: CIRCUIT
PlacerOpts.place_delta_delay_matrix_calculation_method: ASTAR_ROUTE
PlaceOpts.seed: 1
AnnealSched.type: AUTO_SCHED
AnnealSched.inner_num: 0.500000

# Building complex block graph
Warning 1: io_mode_input[0].outpad[0] unconnected pin in architecture.
Warning 2: io_mode_output[0].inpad[0] unconnected pin in architecture.
Warning 3: i_cluster_lut6x1[0].cin[0] unconnected pin in architecture.
Warning 4: i_cluster_lut6x1[0].out[1] unconnected pin in architecture.
Warning 5: i_cluster_lut6x1[0].cout[0] unconnected pin in architecture.
Warning 6: i_cluster_lut5x2[0].in[5] unconnected pin in architecture.
Warning 7: i_cluster_lut5x2[0].cin[0] unconnected pin in architecture.
Warning 8: i_cluster_lut5x2[0].cout[0] unconnected pin in architecture.
Warning 9: i_cluster_lut6x1[0].cin[0] unconnected pin in architecture.
Warning 10: i_cluster_lut6x1[0].out[1] unconnected pin in architecture.
Warning 11: i_cluster_lut6x1[0].cout[0] unconnected pin in architecture.
Warning 12: i_cluster_lut5x2[0].in[5] unconnected pin in architecture.
Warning 13: i_cluster_lut5x2[0].cin[0] unconnected pin in architecture.
Warning 14: i_cluster_lut5x2[0].cout[0] unconnected pin in architecture.
# Building complex block graph took 0.00 seconds (max_rss 17.4 MiB, delta_rss +1.3 MiB)
# Load circuit
Found constant-zero generator '$false'
Found constant-one generator '$true'
Found constant-zero generator '$undef'
# Load circuit took 0.00 seconds (max_rss 17.4 MiB, delta_rss +0.0 MiB)
# Clean circuit
Absorbed 0 LUT buffers
Inferred    0 additional primitive pins as constant generators since they have no combinationally connected inputs
Inferred    0 additional primitive pins as constant generators due to constant inputs
Inferred    0 additional primitive pins as constant generators since they have no combinationally connected inputs
Inferred    0 additional primitive pins as constant generators due to constant inputs
Inferred    0 additional primitive pins as constant generators since they have no combinationally connected inputs
Inferred    0 additional primitive pins as constant generators due to constant inputs
Swept input(s)      : 0
Swept output(s)     : 0 (0 dangling, 0 constant)
Swept net(s)        : 2
Swept block(s)      : 1
Constant Pins Marked: 0
# Clean circuit took 0.00 seconds (max_rss 17.4 MiB, delta_rss +0.0 MiB)
# Compress circuit
# Compress circuit took 0.00 seconds (max_rss 17.4 MiB, delta_rss +0.0 MiB)
# Verify circuit
# Verify circuit took 0.00 seconds (max_rss 17.4 MiB, delta_rss +0.0 MiB)
Circuit Statistics:
  Blocks: 52
    .input :       2
    .latch :      16
    .names :       2
        0-LUT:       2
    .output:      16
    m_adder:      16
  Nets  : 51
    Avg Fanout:     1.9
    Max Fanout:    16.0
    Min Fanout:     1.0
  Netlist Clocks: 1
# Build Timing Graph
  Timing Graph Nodes: 146
  Timing Graph Edges: 218
  Timing Graph Levels: 34
# Build Timing Graph took 0.00 seconds (max_rss 17.4 MiB, delta_rss +0.0 MiB)
Netlist contains 1 clocks
  Netlist Clock 'clk' Fanout: 16 pins (11.0%), 16 blocks (30.8%)
# Load Timing Constraints

SDC file 'syn.sdc' not found
Setting default timing constraints:
   * constrain all primay inputs and primary outputs on netlist clock 'clk'
   * optimize netlist clock to run as fast as possible
Timing constraints created 1 clocks
  Constrained Clock 'clk' Source: 'clk.inpad[0]'

# Load Timing Constraints took 0.00 seconds (max_rss 17.4 MiB, delta_rss +0.0 MiB)
# Load packing
Begin loading packed FPGA netlist file.
Netlist generated from file 'pack.out'.
Detected 2 constant generators (to see names run with higher pack verbosity)
Finished loading packed FPGA netlist file (took 0.027355 seconds).
# Load packing took 0.03 seconds (max_rss 56.3 MiB, delta_rss +38.9 MiB)
Warning 15: Netlist contains 0 global net to non-global architecture pin connections
Warning 16: Logic block #8 ($false) has only 1 output pin '$false.out[3]'. It may be a constant generator.
Warning 17: Logic block #9 ($true) has only 1 output pin '$true.out[3]'. It may be a constant generator.
Cluster level netlist and block usage statistics
Netlist num_nets: 27
Netlist num_blocks: 28
Netlist EMPTY blocks: 0.
Netlist iob blocks: 18.
Netlist clb blocks: 10.
Netlist bram blocks: 0.
Netlist inputs pins: 2
Netlist output pins: 16

Pb types usage...
  iob                   : 18
   io                   : 18
    io_mode_input       : 2
     i_pad              : 2
    io_mode_output      : 16
     o_pad              : 16
  clb                   : 10
   i_cluster            : 18
    i_cluster_arith     : 16
     i_adder            : 16
     i_flipflop         : 16
    i_cluster_lut5x2    : 2
     i_lut5             : 2
      i_lut5_lut        : 2
       lut              : 2

# Create Device
## Build Device Grid
FPGA sized to 10 x 10: 100 grid tiles (top)

Resource usage...
	Netlist
		18	blocks of type: iob
	Architecture
		32	blocks of type: t_io_w
		32	blocks of type: t_io_s
		32	blocks of type: t_io_n
		32	blocks of type: t_io_e
	Netlist
		10	blocks of type: clb
	Architecture
		48	blocks of type: tile_clb
	Netlist
		0	blocks of type: bram
	Architecture
		8	blocks of type: tile_bram

Device Utilization: 0.14 (target 1.00)
	Physical Tile t_io_w:
	Block Utilization: 0.56 Logical Block: iob
	Physical Tile t_io_s:
	Block Utilization: 0.56 Logical Block: iob
	Physical Tile tile_clb:
	Block Utilization: 0.21 Logical Block: clb
	Physical Tile tile_bram:
	Block Utilization: 0.00 Logical Block: bram
	Physical Tile t_io_n:
	Block Utilization: 0.56 Logical Block: iob
	Physical Tile t_io_e:
	Block Utilization: 0.56 Logical Block: iob

## Build Device Grid took 0.00 seconds (max_rss 56.7 MiB, delta_rss +0.0 MiB)
## Build routing resource graph
## Build routing resource graph took 0.03 seconds (max_rss 56.7 MiB, delta_rss +0.0 MiB)
  RR Graph Nodes: 9360
  RR Graph Edges: 114570
# Create Device took 0.03 seconds (max_rss 56.7 MiB, delta_rss +0.0 MiB)

# Computing router lookahead map
## Computing wire lookahead
## Computing wire lookahead took 0.06 seconds (max_rss 56.7 MiB, delta_rss +0.0 MiB)
## Computing src/opin lookahead
Warning 18: Found no more sample locations for SOURCE in t_io_w
Warning 19: Found no more sample locations for OPIN in t_io_w
Warning 20: Found no more sample locations for SOURCE in t_io_s
Warning 21: Found no more sample locations for OPIN in t_io_s
Warning 22: Found no more sample locations for SOURCE in tile_clb
Warning 23: Found no more sample locations for OPIN in tile_clb
Warning 24: Found no more sample locations for SOURCE in tile_bram
Warning 25: Found no more sample locations for SOURCE in t_io_n
Warning 26: Found no more sample locations for OPIN in t_io_n
Warning 27: Found no more sample locations for SOURCE in t_io_e
Warning 28: Found no more sample locations for OPIN in t_io_e
## Computing src/opin lookahead took 0.00 seconds (max_rss 56.7 MiB, delta_rss +0.0 MiB)
# Computing router lookahead map took 0.06 seconds (max_rss 56.7 MiB, delta_rss +0.0 MiB)
# Computing placement delta delay look-up
## Build routing resource graph
## Build routing resource graph took 0.03 seconds (max_rss 56.7 MiB, delta_rss +0.0 MiB)
  RR Graph Nodes: 9036
  RR Graph Edges: 108910
## Computing router lookahead map
### Computing wire lookahead
### Computing wire lookahead took 0.06 seconds (max_rss 56.7 MiB, delta_rss +0.0 MiB)
### Computing src/opin lookahead
Warning 29: Found no more sample locations for SOURCE in t_io_w
Warning 30: Found no more sample locations for OPIN in t_io_w
Warning 31: Found no more sample locations for SOURCE in t_io_s
Warning 32: Found no more sample locations for OPIN in t_io_s
Warning 33: Found no more sample locations for SOURCE in tile_clb
Warning 34: Found no more sample locations for OPIN in tile_clb
Warning 35: Found no more sample locations for SOURCE in tile_bram
Warning 36: Found no more sample locations for SOURCE in t_io_n
Warning 37: Found no more sample locations for OPIN in t_io_n
Warning 38: Found no more sample locations for SOURCE in t_io_e
Warning 39: Found no more sample locations for OPIN in t_io_e
### Computing src/opin lookahead took 0.00 seconds (max_rss 56.7 MiB, delta_rss +0.0 MiB)
## Computing router lookahead map took 0.06 seconds (max_rss 56.7 MiB, delta_rss +0.0 MiB)
## Computing delta delays
## Computing delta delays took 0.01 seconds (max_rss 56.7 MiB, delta_rss +0.0 MiB)
Serial Connection Router is being destroyed. Time spent on path search: 0.004 seconds.
# Computing placement delta delay look-up took 0.09 seconds (max_rss 56.7 MiB, delta_rss +0.0 MiB)

Bounding box mode is Cube

Warning 40: CHANX place cost fac is 0 at -1 -1
Warning 41: CHANY place cost fac is 0 at -1 -1
# Placement
## Initial Placement
Reading ioplan.out.

Successfully read constraints file ioplan.out.

Initial placement iteration 0 has finished successfully
## Initial Placement took 0.00 seconds (max_rss 56.7 MiB, delta_rss +0.0 MiB)
Using simple RL 'Softmax agent' for choosing move and block types

There are 54 point to point connections in this circuit.


BB estimate of min-dist (placement) wire length: 133

Completed placement consistency check successfully.
Initial placement cost: 1 bb_cost: 1.98065 td_cost: 8.3e-10
Initial placement estimated Critical Path Delay (CPD): 2 ns
Initial placement estimated setup Total Negative Slack (sTNS): -25.3 ns
Initial placement estimated setup Worst Negative Slack (sWNS): -2 ns

Initial placement estimated setup slack histogram:
[   -2e-09: -1.8e-09)  2 (  6.2%) |******
[ -1.8e-09: -1.7e-09)  2 (  6.2%) |******
[ -1.7e-09: -1.5e-09)  2 (  6.2%) |******
[ -1.5e-09: -1.3e-09)  1 (  3.1%) |***
[ -1.3e-09: -1.1e-09)  2 (  6.2%) |******
[ -1.1e-09: -9.8e-10)  2 (  6.2%) |******
[ -9.8e-10: -8.1e-10)  1 (  3.1%) |***
[ -8.1e-10: -6.4e-10)  2 (  6.2%) |******
[ -6.4e-10: -4.7e-10)  2 (  6.2%) |******
[ -4.7e-10:   -3e-10) 16 ( 50.0%) |************************************************
Placement contains 1 placement macros involving 8 blocks (average macro size 8.000000)

Moves per temperature: 42
Warning 42: Starting t: 1 of 28 configurations accepted.

---- ------ ------- ------- ---------- ---------- ------- ---------- -------- ------- ------- ------ -------- --------- ------
Tnum   Time       T Av Cost Av BB Cost Av TD Cost     CPD       sTNS     sWNS Ac Rate Std Dev  R lim Crit Exp Tot Moves  Alpha
      (sec)                                          (ns)       (ns)     (ns)                                                 
---- ------ ------- ------- ---------- ---------- ------- ---------- -------- ------- ------- ------ -------- --------- ------
   1    0.0 0.0e+00   1.000       1.96 8.3e-10      2.000      -25.3   -2.000   0.048  0.0000    9.0     1.00        42  0.200
   2    0.0 0.0e+00   0.994       1.94 8.3e-10      2.000      -25.3   -2.000   0.024  0.0000    9.0     1.00        84  0.950
## Placement Quench took 0.00 seconds (max_rss 56.7 MiB)
post-quench CPD = 2 (ns) 

BB estimate of min-dist (placement) wire length: 129

Completed placement consistency check successfully.

Swaps called: 112

Aborted Move Reasons:
  macro move to location illegal: 34
  macro_from swap to location illegal: 68

Placement estimated critical path delay (least slack): 2 ns, Fmax: 500 MHz
Placement estimated setup Worst Negative Slack (sWNS): -2 ns
Placement estimated setup Total Negative Slack (sTNS): -25.3 ns

Placement estimated setup slack histogram:
[   -2e-09: -1.8e-09)  2 (  6.2%) |******
[ -1.8e-09: -1.7e-09)  2 (  6.2%) |******
[ -1.7e-09: -1.5e-09)  2 (  6.2%) |******
[ -1.5e-09: -1.3e-09)  1 (  3.1%) |***
[ -1.3e-09: -1.1e-09)  2 (  6.2%) |******
[ -1.1e-09: -9.8e-10)  2 (  6.2%) |******
[ -9.8e-10: -8.1e-10)  1 (  3.1%) |***
[ -8.1e-10: -6.4e-10)  2 (  6.2%) |******
[ -6.4e-10: -4.7e-10)  2 (  6.2%) |******
[ -4.7e-10:   -3e-10) 16 ( 50.0%) |************************************************

Placement estimated geomean non-virtual intra-domain period: 2 ns (500 MHz)
Placement estimated fanout-weighted geomean non-virtual intra-domain period: 2 ns (500 MHz)

Placement cost: 0.994185, bb_cost: 1.93512, td_cost: 8.3e-10, 

Placement resource usage:
  iob implemented as t_io_w  : 18
  clb implemented as tile_clb: 10

Placement number of temperatures: 2
Placement total # of swap attempts: 112
	Swaps accepted:   4 ( 3.6 %)
	Swaps rejected:  15 (13.4 %)
	Swaps aborted:  93 (83.0 %)


Placement perturbation distribution by block and move type: 
------------------ ----------------- ---------------- ---------------- --------------- ------------ 
    Block Type         Move Type       (%) of Total      Accepted(%)     Rejected(%)    Aborted(%)
------------------ ----------------- ---------------- ---------------- --------------- ------------ 
clb                Uniform                18.18            0.00            15.00          85.00        
                   Median                 16.36            0.00            5.56           94.44        
                   Centroid               25.45            7.14            21.43          71.43        
                   W. Centroid            21.82            8.33            16.67          75.00        
                   W. Median              4.55             0.00            0.00           100.00       
                   Crit. Uniform          4.55             0.00            20.00          80.00        
                   Feasible Region        9.09             0.00            0.00           100.00       


Placement Quench timing analysis took 1.3771e-05 seconds (1.0346e-05 STA, 3.425e-06 slack) (1 full updates: 1 setup, 0 hold, 0 combined).
Placement Total  timing analysis took 0.000144068 seconds (0.00012588 STA, 1.8188e-05 slack) (4 full updates: 4 setup, 0 hold, 0 combined).
update_td_costs: connections 0 nets 0 sum_nets 0 total 0
# Placement took 0.00 seconds (max_rss 56.7 MiB, delta_rss +0.0 MiB)

Flow timing analysis took 0.000144068 seconds (0.00012588 STA, 1.8188e-05 slack) (4 full updates: 4 setup, 0 hold, 0 combined).
VPR succeeded
The entire flow of VPR took 0.26 seconds (max_rss 56.7 MiB)
Incr Slack updates 4 in 5.059e-06 sec
Full Max Req/Worst Slack updates 1 in 1.973e-06 sec
Incr Max Req/Worst Slack updates 3 in 2.703e-06 sec
Incr Criticality updates 3 in 3.896e-06 sec
Full Criticality updates 1 in 2.094e-06 sec
