Placement_File: place.out Placement_ID: SHA256:e584d62ccba91549d8ad026362d4916f5df45dae51eb9499f9d9665359e32b20
Array size: 10 x 10 logic blocks.

Routing:

Net 0 ($true)

Node:	1803	SOURCE (2,2,0)  Class: 16  Switch: 0
Node:	1807	  OPIN (2,2,0)  Pin: 16   clb.out[3] Switch: 1
Node:	2007	 CHANY (2,2,0) to (2,3,0)  Track: 74  Switch: 1
Node:	289	 CHANX (1,2,0) to (2,2,0)  Track: 35  Switch: 1
Node:	117	 CHANY (0,1,0) to (0,2,0)  Track: 3  Switch: 1
Node:	1128	  IPIN (1,1,0)  Pin: 10   clb.in[10] Switch: 0
Node:	1116	  SINK (1,1,0)  Class: 10  Switch: -1 Net_pin_index: 15
Node:	117	 CHANY (0,1,0) to (0,2,0)  Track: 3  Switch: 1
Node:	1121	  IPIN (1,1,0)  Pin: 3   clb.in[3] Switch: 0
Node:	1109	  SINK (1,1,0)  Class: 3  Switch: -1 Net_pin_index: 14
Node:	117	 CHANY (0,1,0) to (0,2,0)  Track: 3  Switch: 1
Node:	1256	  IPIN (1,2,0)  Pin: 0   clb.in[0] Switch: 0
Node:	1244	  SINK (1,2,0)  Class: 0  Switch: -1 Net_pin_index: 6
Node:	1807	  OPIN (2,2,0)  Pin: 16   clb.out[3] Switch: 1
Node:	1991	 CHANY (2,2,0) to (2,3,0)  Track: 42  Switch: 1
Node:	390	 CHANX (1,3,0) to (2,3,0)  Track: 5  Switch: 1
Node:	152	 CHANY (0,2,0) to (0,3,0)  Track: 73  Switch: 1
Node:	1382	  IPIN (1,3,0)  Pin: 8   clb.in[8] Switch: 0
Node:	1370	  SINK (1,3,0)  Class: 8  Switch: -1 Net_pin_index: 9
Node:	152	 CHANY (0,2,0) to (0,3,0)  Track: 73  Switch: 1
Node:	1374	  IPIN (1,3,0)  Pin: 0   clb.in[0] Switch: 0
Node:	1362	  SINK (1,3,0)  Class: 0  Switch: -1 Net_pin_index: 8
Node:	152	 CHANY (0,2,0) to (0,3,0)  Track: 73  Switch: 1
Node:	1264	  IPIN (1,2,0)  Pin: 8   clb.in[8] Switch: 0
Node:	1252	  SINK (1,2,0)  Class: 8  Switch: -1 Net_pin_index: 7
Node:	390	 CHANX (1,3,0) to (2,3,0)  Track: 5  Switch: 1
Node:	2050	 CHANY (1,4,0) to (1,5,0)  Track: 44  Switch: 1
Node:	3592	 CHANY (1,6,0) to (1,7,0)  Track: 44  Switch: 1
Node:	875	 CHANX (1,7,0)  Track: 47  Switch: 1
Node:	616	 CHANY (0,6,0) to (0,7,0)  Track: 73  Switch: 1
Node:	384	 CHANY (0,4,0) to (0,5,0)  Track: 73  Switch: 1
Node:	3298	  IPIN (1,5,0)  Pin: 8   clb.in[8] Switch: 0
Node:	3286	  SINK (1,5,0)  Class: 8  Switch: -1 Net_pin_index: 13
Node:	384	 CHANY (0,4,0) to (0,5,0)  Track: 73  Switch: 1
Node:	3290	  IPIN (1,5,0)  Pin: 0   clb.in[0] Switch: 0
Node:	3278	  SINK (1,5,0)  Class: 0  Switch: -1 Net_pin_index: 12
Node:	384	 CHANY (0,4,0) to (0,5,0)  Track: 73  Switch: 1
Node:	1500	  IPIN (1,4,0)  Pin: 8   clb.in[8] Switch: 0
Node:	1488	  SINK (1,4,0)  Class: 8  Switch: -1 Net_pin_index: 11
Node:	616	 CHANY (0,6,0) to (0,7,0)  Track: 73  Switch: 1
Node:	3514	  IPIN (1,7,0)  Pin: 8   clb.in[8] Switch: 0
Node:	3502	  SINK (1,7,0)  Class: 8  Switch: -1 Net_pin_index: 4
Node:	616	 CHANY (0,6,0) to (0,7,0)  Track: 73  Switch: 1
Node:	3506	  IPIN (1,7,0)  Pin: 0   clb.in[0] Switch: 0
Node:	3494	  SINK (1,7,0)  Class: 0  Switch: -1 Net_pin_index: 3
Node:	2050	 CHANY (1,4,0) to (1,5,0)  Track: 44  Switch: 1
Node:	526	 CHANX (1,4,0)  Track: 45  Switch: 1
Node:	582	 CHANY (0,5,0) to (0,6,0)  Track: 4  Switch: 1
Node:	3396	  IPIN (1,6,0)  Pin: 8   clb.in[8] Switch: 0
Node:	3384	  SINK (1,6,0)  Class: 8  Switch: -1 Net_pin_index: 2
Node:	390	 CHANX (1,3,0) to (2,3,0)  Track: 5  Switch: 1
Node:	465	 CHANY (0,4,0) to (0,5,0)  Track: 42  Switch: 1
Node:	1492	  IPIN (1,4,0)  Pin: 0   clb.in[0] Switch: 0
Node:	1480	  SINK (1,4,0)  Class: 0  Switch: -1 Net_pin_index: 10
Node:	465	 CHANY (0,4,0) to (0,5,0)  Track: 42  Switch: 1
Node:	697	 CHANY (0,6,0) to (0,7,0)  Track: 42  Switch: 1
Node:	929	 CHANY (0,8,0)  Track: 42  Switch: 1
Node:	3624	  IPIN (1,8,0)  Pin: 0   clb.in[0] Switch: 0
Node:	3612	  SINK (1,8,0)  Class: 0  Switch: -1 Net_pin_index: 5
Node:	697	 CHANY (0,6,0) to (0,7,0)  Track: 42  Switch: 1
Node:	3388	  IPIN (1,6,0)  Pin: 0   clb.in[0] Switch: 0
Node:	3376	  SINK (1,6,0)  Class: 0  Switch: -1 Net_pin_index: 1


Net 1 ($false)

Node:	4625	SOURCE (4,5,0)  Class: 16  Switch: 0
Node:	4629	  OPIN (4,5,0)  Pin: 16   clb.out[3] Switch: 1
Node:	4817	 CHANY (4,5,0) to (4,6,0)  Track: 10  Switch: 1
Node:	3791	 CHANX (3,5,0) to (4,5,0)  Track: 11  Switch: 1
Node:	1963	 CHANY (2,4,0) to (2,5,0)  Track: 67  Switch: 1
Node:	510	 CHANX (1,4,0) to (2,4,0)  Track: 13  Switch: 1
Node:	3478	 CHANY (1,5,0) to (1,6,0)  Track: 12  Switch: 1
Node:	763	 CHANX (1,6,0)  Track: 55  Switch: 1
Node:	496	 CHANY (0,5,0) to (0,6,0)  Track: 25  Switch: 1
Node:	3296	  IPIN (1,5,0)  Pin: 6   clb.in[6] Switch: 0
Node:	3284	  SINK (1,5,0)  Class: 6  Switch: -1 Net_pin_index: 14
Node:	510	 CHANX (1,4,0) to (2,4,0)  Track: 13  Switch: 1
Node:	264	 CHANY (0,3,0) to (0,4,0)  Track: 25  Switch: 1
Node:	1380	  IPIN (1,3,0)  Pin: 6   clb.in[6] Switch: 0
Node:	1368	  SINK (1,3,0)  Class: 6  Switch: -1 Net_pin_index: 10
Node:	3791	 CHANX (3,5,0) to (4,5,0)  Track: 11  Switch: 1
Node:	625	 CHANX (1,5,0) to (2,5,0)  Track: 11  Switch: 1
Node:	1432	 CHANY (1,4,0) to (1,5,0)  Track: 69  Switch: 1
Node:	414	 CHANX (1,3,0)  Track: 53  Switch: 1
Node:	149	 CHANY (0,2,0) to (0,3,0)  Track: 67  Switch: 1
Node:	1377	  IPIN (1,3,0)  Pin: 3   clb.in[3] Switch: 0
Node:	1365	  SINK (1,3,0)  Class: 3  Switch: -1 Net_pin_index: 9
Node:	1432	 CHANY (1,4,0) to (1,5,0)  Track: 69  Switch: 1
Node:	529	 CHANX (1,4,0)  Track: 51  Switch: 1
Node:	266	 CHANY (0,3,0) to (0,4,0)  Track: 29  Switch: 1
Node:	1498	  IPIN (1,4,0)  Pin: 6   clb.in[6] Switch: 0
Node:	1486	  SINK (1,4,0)  Class: 6  Switch: -1 Net_pin_index: 12
Node:	266	 CHANY (0,3,0) to (0,4,0)  Track: 29  Switch: 1
Node:	1495	  IPIN (1,4,0)  Pin: 3   clb.in[3] Switch: 0
Node:	1483	  SINK (1,4,0)  Class: 3  Switch: -1 Net_pin_index: 11
Node:	266	 CHANY (0,3,0) to (0,4,0)  Track: 29  Switch: 1
Node:	130	 CHANY (0,1,0) to (0,2,0)  Track: 29  Switch: 1
Node:	1127	  IPIN (1,1,0)  Pin: 9   clb.in[9] Switch: 0
Node:	1115	  SINK (1,1,0)  Class: 9  Switch: -1 Net_pin_index: 15
Node:	130	 CHANY (0,1,0) to (0,2,0)  Track: 29  Switch: 1
Node:	1262	  IPIN (1,2,0)  Pin: 6   clb.in[6] Switch: 0
Node:	1250	  SINK (1,2,0)  Class: 6  Switch: -1 Net_pin_index: 8
Node:	130	 CHANY (0,1,0) to (0,2,0)  Track: 29  Switch: 1
Node:	1259	  IPIN (1,2,0)  Pin: 3   clb.in[3] Switch: 0
Node:	1247	  SINK (1,2,0)  Class: 3  Switch: -1 Net_pin_index: 7
Node:	529	 CHANX (1,4,0)  Track: 51  Switch: 1
Node:	585	 CHANY (0,5,0) to (0,6,0)  Track: 10  Switch: 1
Node:	3293	  IPIN (1,5,0)  Pin: 3   clb.in[3] Switch: 0
Node:	3281	  SINK (1,5,0)  Class: 3  Switch: -1 Net_pin_index: 13
Node:	585	 CHANY (0,5,0) to (0,6,0)  Track: 10  Switch: 1
Node:	817	 CHANY (0,7,0) to (0,8,0)  Track: 10  Switch: 1
Node:	3509	  IPIN (1,7,0)  Pin: 3   clb.in[3] Switch: 0
Node:	3497	  SINK (1,7,0)  Class: 3  Switch: -1 Net_pin_index: 3
Node:	585	 CHANY (0,5,0) to (0,6,0)  Track: 10  Switch: 1
Node:	3394	  IPIN (1,6,0)  Pin: 6   clb.in[6] Switch: 0
Node:	3382	  SINK (1,6,0)  Class: 6  Switch: -1 Net_pin_index: 2
Node:	625	 CHANX (1,5,0) to (2,5,0)  Track: 11  Switch: 1
Node:	700	 CHANY (0,6,0) to (0,7,0)  Track: 48  Switch: 1
Node:	932	 CHANY (0,8,0)  Track: 48  Switch: 1
Node:	3634	  IPIN (1,8,0)  Pin: 10   clb.in[10] Switch: 0
Node:	3622	  SINK (1,8,0)  Class: 10  Switch: -1 Net_pin_index: 6
Node:	932	 CHANY (0,8,0)  Track: 48  Switch: 1
Node:	3627	  IPIN (1,8,0)  Pin: 3   clb.in[3] Switch: 0
Node:	3615	  SINK (1,8,0)  Class: 3  Switch: -1 Net_pin_index: 5
Node:	700	 CHANY (0,6,0) to (0,7,0)  Track: 48  Switch: 1
Node:	3512	  IPIN (1,7,0)  Pin: 6   clb.in[6] Switch: 0
Node:	3500	  SINK (1,7,0)  Class: 6  Switch: -1 Net_pin_index: 4
Node:	700	 CHANY (0,6,0) to (0,7,0)  Track: 48  Switch: 1
Node:	3391	  IPIN (1,6,0)  Pin: 3   clb.in[3] Switch: 0
Node:	3379	  SINK (1,6,0)  Class: 3  Switch: -1 Net_pin_index: 1


Net 2 ($abc$449$add$/workspace/prga_physical/prga/examples/app/8bitadd/src/adder.v:17$260.CARRY[9])

Node:	3312	SOURCE (1,5,0)  Class: 17  Switch: 0
Node:	3313	  OPIN (1,5,0)  Pin: 17   clb.cout[0] Switch: 1
Node:	3409	  IPIN (1,6,0)  Pin: 12   clb.cin[0] Switch: 0
Node:	3408	  SINK (1,6,0)  Class: 12  Switch: -1 Net_pin_index: 1


Net 3 (out[10])

Node:	3400	SOURCE (1,6,0)  Class: 13  Switch: 0
Node:	3404	  OPIN (1,6,0)  Pin: 13   clb.out[0] Switch: 1
Node:	1536	 CHANY (1,5,0) to (1,6,0)  Track: 1  Switch: 1
Node:	524	 CHANX (1,4,0)  Track: 41  Switch: 1
Node:	271	 CHANY (0,3,0) to (0,4,0)  Track: 39  Switch: 1
Node:	461	  IPIN (0,4,0)  Pad: 6  Switch: 0
Node:	460	  SINK (0,4,0)  Pad: 6  Switch: -1 Net_pin_index: 1


Net 4 (out[11])

Node:	3402	SOURCE (1,6,0)  Class: 15  Switch: 0
Node:	3406	  OPIN (1,6,0)  Pin: 15   clb.out[2] Switch: 1
Node:	1538	 CHANY (1,5,0) to (1,6,0)  Track: 5  Switch: 1
Node:	542	 CHANX (1,4,0)  Track: 77  Switch: 1
Node:	598	 CHANY (0,5,0) to (0,6,0)  Track: 36  Switch: 1
Node:	565	  IPIN (0,5,0)  Pad: 0  Switch: 0
Node:	564	  SINK (0,5,0)  Pad: 0  Switch: -1 Net_pin_index: 1


Net 5 ($abc$449$add$/workspace/prga_physical/prga/examples/app/8bitadd/src/adder.v:17$260.CARRY[11])

Node:	3410	SOURCE (1,6,0)  Class: 17  Switch: 0
Node:	3411	  OPIN (1,6,0)  Pin: 17   clb.cout[0] Switch: 1
Node:	3527	  IPIN (1,7,0)  Pin: 12   clb.cin[0] Switch: 0
Node:	3526	  SINK (1,7,0)  Class: 12  Switch: -1 Net_pin_index: 1


Net 6 (clk): global net connecting:

Block clk (#27) at (0,1,0), Pin class 1.
Block $abc$449$add$/workspace/prga_physical/prga/examples/app/8bitadd/src/adder.v:17$260.CARRY[10] (#0) at (1,6,0), Pin class 18.
Block $abc$449$add$/workspace/prga_physical/prga/examples/app/8bitadd/src/adder.v:17$260.CARRY[12] (#1) at (1,7,0), Pin class 18.
Block $abc$449$add$/workspace/prga_physical/prga/examples/app/8bitadd/src/adder.v:17$260.CARRY[14] (#2) at (1,8,0), Pin class 18.
Block $abc$449$add$/workspace/prga_physical/prga/examples/app/8bitadd/src/adder.v:17$260.CARRY[2] (#3) at (1,2,0), Pin class 18.
Block $abc$449$add$/workspace/prga_physical/prga/examples/app/8bitadd/src/adder.v:17$260.CARRY[4] (#4) at (1,3,0), Pin class 18.
Block $abc$449$add$/workspace/prga_physical/prga/examples/app/8bitadd/src/adder.v:17$260.CARRY[6] (#5) at (1,4,0), Pin class 18.
Block $abc$449$add$/workspace/prga_physical/prga/examples/app/8bitadd/src/adder.v:17$260.CARRY[8] (#6) at (1,5,0), Pin class 18.
Block $abc$449$add$/workspace/prga_physical/prga/examples/app/8bitadd/src/adder.v:17$260.CARRY[0] (#7) at (1,1,0), Pin class 18.


Net 7 (out[12])

Node:	3518	SOURCE (1,7,0)  Class: 13  Switch: 0
Node:	3522	  OPIN (1,7,0)  Pin: 13   clb.out[0] Switch: 1
Node:	3334	 CHANY (1,6,0) to (1,7,0)  Track: 41  Switch: 1
Node:	640	 CHANX (1,5,0)  Track: 41  Switch: 1
Node:	387	 CHANY (0,4,0) to (0,5,0)  Track: 79  Switch: 1
Node:	569	  IPIN (0,5,0)  Pad: 2  Switch: 0
Node:	568	  SINK (0,5,0)  Pad: 2  Switch: -1 Net_pin_index: 1


Net 8 (out[13])

Node:	3520	SOURCE (1,7,0)  Class: 15  Switch: 0
Node:	3524	  OPIN (1,7,0)  Pin: 15   clb.out[2] Switch: 1
Node:	3336	 CHANY (1,6,0) to (1,7,0)  Track: 45  Switch: 1
Node:	658	 CHANX (1,5,0)  Track: 77  Switch: 1
Node:	369	 CHANY (0,4,0) to (0,5,0)  Track: 43  Switch: 1
Node:	573	  IPIN (0,5,0)  Pad: 4  Switch: 0
Node:	572	  SINK (0,5,0)  Pad: 4  Switch: -1 Net_pin_index: 1


Net 9 ($abc$449$add$/workspace/prga_physical/prga/examples/app/8bitadd/src/adder.v:17$260.CARRY[13])

Node:	3528	SOURCE (1,7,0)  Class: 17  Switch: 0
Node:	3529	  OPIN (1,7,0)  Pin: 17   clb.cout[0] Switch: 1
Node:	3645	  IPIN (1,8,0)  Pin: 12   clb.cin[0] Switch: 0
Node:	3644	  SINK (1,8,0)  Class: 12  Switch: -1 Net_pin_index: 1


Net 10 (out[14])

Node:	3636	SOURCE (1,8,0)  Class: 13  Switch: 0
Node:	3640	  OPIN (1,8,0)  Pin: 13   clb.out[0] Switch: 1
Node:	3432	 CHANY (1,7,0) to (1,8,0)  Track: 1  Switch: 1
Node:	756	 CHANX (1,6,0)  Track: 41  Switch: 1
Node:	503	 CHANY (0,5,0) to (0,6,0)  Track: 39  Switch: 1
Node:	577	  IPIN (0,5,0)  Pad: 6  Switch: 0
Node:	576	  SINK (0,5,0)  Pad: 6  Switch: -1 Net_pin_index: 1


Net 11 (out[15])

Node:	3638	SOURCE (1,8,0)  Class: 15  Switch: 0
Node:	3642	  OPIN (1,8,0)  Pin: 15   clb.out[2] Switch: 1
Node:	3434	 CHANY (1,7,0) to (1,8,0)  Track: 5  Switch: 1
Node:	774	 CHANX (1,6,0)  Track: 77  Switch: 1
Node:	485	 CHANY (0,5,0) to (0,6,0)  Track: 3  Switch: 1
Node:	681	  IPIN (0,6,0)  Pad: 0  Switch: 0
Node:	680	  SINK (0,6,0)  Pad: 0  Switch: -1 Net_pin_index: 1


Net 12 ($abc$449$add$/workspace/prga_physical/prga/examples/app/8bitadd/src/adder.v:17$260.CARRY[1])

Node:	1140	SOURCE (1,1,0)  Class: 17  Switch: 0
Node:	1141	  OPIN (1,1,0)  Pin: 17   clb.cout[0] Switch: 1
Node:	1277	  IPIN (1,2,0)  Pin: 12   clb.cin[0] Switch: 0
Node:	1276	  SINK (1,2,0)  Class: 12  Switch: -1 Net_pin_index: 1


Net 13 (out[2])

Node:	1268	SOURCE (1,2,0)  Class: 13  Switch: 0
Node:	1272	  OPIN (1,2,0)  Pin: 13   clb.out[0] Switch: 1
Node:	1222	 CHANY (1,1,0) to (1,2,0)  Track: 1  Switch: 1
Node:	40	 CHANX (1,0,0)  Track: 41  Switch: 1
Node:	76	 CHANY (0,1,0) to (0,2,0)  Track: 0  Switch: 1
Node:	229	  IPIN (0,2,0)  Pad: 6  Switch: 0
Node:	228	  SINK (0,2,0)  Pad: 6  Switch: -1 Net_pin_index: 1


Net 14 (out[3])

Node:	1270	SOURCE (1,2,0)  Class: 15  Switch: 0
Node:	1274	  OPIN (1,2,0)  Pin: 15   clb.out[2] Switch: 1
Node:	1224	 CHANY (1,1,0) to (1,2,0)  Track: 5  Switch: 1
Node:	193	 CHANX (1,1,0)  Track: 75  Switch: 1
Node:	249	 CHANY (0,2,0) to (0,3,0)  Track: 74  Switch: 1
Node:	333	  IPIN (0,3,0)  Pad: 0  Switch: 0
Node:	332	  SINK (0,3,0)  Pad: 0  Switch: -1 Net_pin_index: 1


Net 15 ($abc$449$add$/workspace/prga_physical/prga/examples/app/8bitadd/src/adder.v:17$260.CARRY[3])

Node:	1278	SOURCE (1,2,0)  Class: 17  Switch: 0
Node:	1279	  OPIN (1,2,0)  Pin: 17   clb.cout[0] Switch: 1
Node:	1395	  IPIN (1,3,0)  Pin: 12   clb.cin[0] Switch: 0
Node:	1394	  SINK (1,3,0)  Class: 12  Switch: -1 Net_pin_index: 1


Net 16 (out[4])

Node:	1386	SOURCE (1,3,0)  Class: 13  Switch: 0
Node:	1390	  OPIN (1,3,0)  Pin: 13   clb.out[0] Switch: 1
Node:	1182	 CHANY (1,2,0) to (1,3,0)  Track: 41  Switch: 1
Node:	176	 CHANX (1,1,0)  Track: 41  Switch: 1
Node:	232	 CHANY (0,2,0) to (0,3,0)  Track: 40  Switch: 1
Node:	337	  IPIN (0,3,0)  Pad: 2  Switch: 0
Node:	336	  SINK (0,3,0)  Pad: 2  Switch: -1 Net_pin_index: 1


Net 17 (out[5])

Node:	1388	SOURCE (1,3,0)  Class: 15  Switch: 0
Node:	1392	  OPIN (1,3,0)  Pin: 15   clb.out[2] Switch: 1
Node:	1184	 CHANY (1,2,0) to (1,3,0)  Track: 45  Switch: 1
Node:	194	 CHANX (1,1,0)  Track: 77  Switch: 1
Node:	250	 CHANY (0,2,0) to (0,3,0)  Track: 76  Switch: 1
Node:	341	  IPIN (0,3,0)  Pad: 4  Switch: 0
Node:	340	  SINK (0,3,0)  Pad: 4  Switch: -1 Net_pin_index: 1


Net 18 ($abc$449$add$/workspace/prga_physical/prga/examples/app/8bitadd/src/adder.v:17$260.CARRY[5])

Node:	1396	SOURCE (1,3,0)  Class: 17  Switch: 0
Node:	1397	  OPIN (1,3,0)  Pin: 17   clb.cout[0] Switch: 1
Node:	1513	  IPIN (1,4,0)  Pin: 12   clb.cin[0] Switch: 0
Node:	1512	  SINK (1,4,0)  Class: 12  Switch: -1 Net_pin_index: 1


Net 19 (out[6])

Node:	1504	SOURCE (1,4,0)  Class: 13  Switch: 0
Node:	1508	  OPIN (1,4,0)  Pin: 13   clb.out[0] Switch: 1
Node:	1300	 CHANY (1,3,0) to (1,4,0)  Track: 1  Switch: 1
Node:	292	 CHANX (1,2,0)  Track: 41  Switch: 1
Node:	348	 CHANY (0,3,0) to (0,4,0)  Track: 0  Switch: 1
Node:	345	  IPIN (0,3,0)  Pad: 6  Switch: 0
Node:	344	  SINK (0,3,0)  Pad: 6  Switch: -1 Net_pin_index: 1


Net 20 (out[7])

Node:	1506	SOURCE (1,4,0)  Class: 15  Switch: 0
Node:	1510	  OPIN (1,4,0)  Pin: 15   clb.out[2] Switch: 1
Node:	1302	 CHANY (1,3,0) to (1,4,0)  Track: 5  Switch: 1
Node:	310	 CHANX (1,2,0)  Track: 77  Switch: 1
Node:	366	 CHANY (0,3,0) to (0,4,0)  Track: 36  Switch: 1
Node:	449	  IPIN (0,4,0)  Pad: 0  Switch: 0
Node:	448	  SINK (0,4,0)  Pad: 0  Switch: -1 Net_pin_index: 1


Net 21 ($abc$449$add$/workspace/prga_physical/prga/examples/app/8bitadd/src/adder.v:17$260.CARRY[7])

Node:	1514	SOURCE (1,4,0)  Class: 17  Switch: 0
Node:	1515	  OPIN (1,4,0)  Pin: 17   clb.cout[0] Switch: 1
Node:	3311	  IPIN (1,5,0)  Pin: 12   clb.cin[0] Switch: 0
Node:	3310	  SINK (1,5,0)  Class: 12  Switch: -1 Net_pin_index: 1


Net 22 (out[8])

Node:	3302	SOURCE (1,5,0)  Class: 13  Switch: 0
Node:	3306	  OPIN (1,5,0)  Pin: 13   clb.out[0] Switch: 1
Node:	1418	 CHANY (1,4,0) to (1,5,0)  Track: 41  Switch: 1
Node:	408	 CHANX (1,3,0)  Track: 41  Switch: 1
Node:	464	 CHANY (0,4,0) to (0,5,0)  Track: 40  Switch: 1
Node:	453	  IPIN (0,4,0)  Pad: 2  Switch: 0
Node:	452	  SINK (0,4,0)  Pad: 2  Switch: -1 Net_pin_index: 1


Net 23 (out[9])

Node:	3304	SOURCE (1,5,0)  Class: 15  Switch: 0
Node:	3308	  OPIN (1,5,0)  Pin: 15   clb.out[2] Switch: 1
Node:	1420	 CHANY (1,4,0) to (1,5,0)  Track: 45  Switch: 1
Node:	426	 CHANX (1,3,0)  Track: 77  Switch: 1
Node:	482	 CHANY (0,4,0) to (0,5,0)  Track: 76  Switch: 1
Node:	457	  IPIN (0,4,0)  Pad: 4  Switch: 0
Node:	456	  SINK (0,4,0)  Pad: 4  Switch: -1 Net_pin_index: 1


Net 24 (pulse)

Node:	218	SOURCE (0,2,0)  Pad: 1  Switch: 0
Node:	219	  OPIN (0,2,0)  Pad: 1  Switch: 1
Node:	116	 CHANY (0,1,0) to (0,2,0)  Track: 1  Switch: 1
Node:	1119	  IPIN (1,1,0)  Pin: 1   clb.in[1] Switch: 0
Node:	1107	  SINK (1,1,0)  Class: 1  Switch: -1 Net_pin_index: 1


Net 25 (out[0])

Node:	1130	SOURCE (1,1,0)  Class: 13  Switch: 0
Node:	1134	  OPIN (1,1,0)  Pin: 13   clb.out[0] Switch: 1
Node:	1142	 CHANY (1,1,0)  Track: 41  Switch: 1
Node:	59	 CHANX (1,0,0)  Track: 79  Switch: 1
Node:	95	 CHANY (0,1,0) to (0,2,0)  Track: 38  Switch: 1
Node:	221	  IPIN (0,2,0)  Pad: 2  Switch: 0
Node:	220	  SINK (0,2,0)  Pad: 2  Switch: -1 Net_pin_index: 1


Net 26 (out[1])

Node:	1132	SOURCE (1,1,0)  Class: 15  Switch: 0
Node:	1136	  OPIN (1,1,0)  Pin: 15   clb.out[2] Switch: 1
Node:	1144	 CHANY (1,1,0)  Track: 45  Switch: 1
Node:	57	 CHANX (1,0,0)  Track: 75  Switch: 1
Node:	93	 CHANY (0,1,0) to (0,2,0)  Track: 34  Switch: 1
Node:	225	  IPIN (0,2,0)  Pad: 4  Switch: 0
Node:	224	  SINK (0,2,0)  Pad: 4  Switch: -1 Net_pin_index: 1
