VPR FPGA Placement and Routing.
Version: 8.1.0-dev+v8.0.0-11652-g2f14a9fb4
Revision: v8.0.0-11652-g2f14a9fb4
Compiled: 2025-04-01T21:24:58
Compiler: GNU 13.3.0 on Linux-5.15.0-134-generic x86_64
Build Info: release IPO VTR_ASSERT_LEVEL=2

University of Toronto
verilogtorouting.org
vtr-users@googlegroups.com
This is free open source code under MIT license.

VPR was run with the following command-line:
vpr /workspace/prga_physical/prga/examples/fpga/scanchain/fle6_N2_mem2K_8x8/vpr/arch.xml syn.eblif --circuit_format eblif --constant_net_method route --net_file pack.out --place_file place.out --route --route_file route.out --route_chan_width 80 --read_rr_graph /workspace/prga_physical/prga/examples/fpga/scanchain/fle6_N2_mem2K_8x8/vpr/rrg.xml


Architecture file: /workspace/prga_physical/prga/examples/fpga/scanchain/fle6_N2_mem2K_8x8/vpr/arch.xml
Circuit name: syn

# Loading Architecture Description
# Loading Architecture Description took 0.00 seconds (max_rss 16.2 MiB, delta_rss +1.4 MiB)

Timing analysis: ON
Circuit netlist file: pack.out
Circuit placement file: place.out
Circuit routing file: route.out
Circuit SDC file: syn.sdc
Vpr floorplanning constraints file: not specified

Packer: ENABLED
Placer: ENABLED
Analytical Placer: DISABLED
Router: ENABLED
Analysis: ENABLED

VPR was run with the following options:

NetlistOpts.absorb_buffer_luts            : true
NetlistOpts.sweep_dangling_primary_ios    : true
NetlistOpts.sweep_dangling_nets           : true
NetlistOpts.sweep_dangling_blocks         : true
NetlistOpts.sweep_constant_primary_outputs: false
NetlistOpts.netlist_verbosity             : 1
NetlistOpts.const_gen_inference           : COMB_SEQ

PackerOpts.allow_unrelated_clustering: auto
PackerOpts.alpha_clustering: 0.750000
PackerOpts.beta_clustering: 0.900000
PackerOpts.cluster_seed_type: BLEND2
PackerOpts.connection_driven: true
PackerOpts.global_clocks: true
PackerOpts.hill_climbing_flag: false
PackerOpts.inter_cluster_net_delay: 1.000000
PackerOpts.timing_driven: true
PackerOpts.target_external_pin_util: auto

PlacerOpts.place_freq: PLACE_ONCE
PlacerOpts.place_algorithm: CRITICALITY_TIMING_PLACE
PlacerOpts.pad_loc_type: FREE
PlacerOpts.constraints_file: No constraints file given
PlacerOpts.place_cost_exp: 1.000000
PlacerOpts.place_chan_width: 80
PlacerOpts.inner_loop_recompute_divider: 0
PlacerOpts.recompute_crit_iter: 1
PlacerOpts.timing_tradeoff: 0.500000
PlacerOpts.td_place_exp_first: 1.000000
PlacerOpts.td_place_exp_last: 8.000000
PlacerOpts.delay_offset: 0.000000
PlacerOpts.delay_ramp_delta_threshold: -1
PlacerOpts.delay_ramp_slope: 0.000000
PlacerOpts.tsu_rel_margin: 1.000000
PlacerOpts.tsu_abs_margin: 0.000000
PlacerOpts.post_place_timing_report_file: 
PlacerOpts.allowed_tiles_for_delay_model: 
PlacerOpts.delay_model_reducer: MIN
PlacerOpts.delay_model_type: SIMPLE
PlacerOpts.rlim_escape_fraction: 0.000000
PlacerOpts.move_stats_file: 
PlacerOpts.placement_saves_per_temperature: 0
PlacerOpts.effort_scaling: CIRCUIT
PlacerOpts.place_delta_delay_matrix_calculation_method: ASTAR_ROUTE
PlaceOpts.seed: 1
AnnealSched.type: AUTO_SCHED
AnnealSched.inner_num: 0.500000

RouterOpts.route_type: DETAILED
RouterOpts.flat_routing: false
RouterOpts.choke_points: on
RouterOpts.router_algorithm: TIMING_DRIVEN
RouterOpts.base_cost_type: DELAY_NORMALIZED_LENGTH
RouterOpts.fixed_channel_width: 80
RouterOpts.check_route: FULL
RouterOpts.acc_fac: 1.000000
RouterOpts.bb_factor: 3
RouterOpts.bend_cost: 0.000000
RouterOpts.first_iter_pres_fac: 0.000000
RouterOpts.initial_pres_fac: 0.500000
RouterOpts.pres_fac_mult: 1.300000
RouterOpts.max_pres_fac: 1000.000000
RouterOpts.max_router_iterations: 50
RouterOpts.min_incremental_reroute_fanout: 16
RouterOpts.do_check_rr_graph: true
RouterOpts.verify_binary_search: false
RouterOpts.min_channel_width_hint: 0
RouterOpts.read_rr_edge_metadata: false
RouterOpts.exit_after_first_routing_iteration: false
RouterOpts.astar_fac: 1.200000
RouterOpts.astar_offset: 0.000000
RouterOpts.router_profiler_astar_fac: 1.200000
RouterOpts.criticality_exp: 1.000000
RouterOpts.max_criticality: 0.990000
RouterOpts.init_wirelength_abort_threshold: 0.850000
RouterOpts.incr_reroute_delay_ripup: AUTO
RouterOpts.save_routing_per_iteration: false
RouterOpts.congested_routing_iteration_threshold_frac: 1.000000
RouterOpts.high_fanout_threshold: 64
RouterOpts.router_debug_net: -2
RouterOpts.router_debug_sink_rr: -2
RouterOpts.router_debug_iteration: -2
RouterOpts.max_convergence_count: 1
RouterOpts.reconvergence_cpd_threshold: 0.990000
RouterOpts.update_lower_bound_delays: true
RouterOpts.first_iteration_timing_report_file: 
RouterOpts.route_bb_update: DYNAMIC
RouterOpts.lookahead_type: MAP
RouterOpts.initial_timing: LOOKAHEAD
RouterOpts.router_heap: FOUR_ARY_HEAP
RouterOpts.routing_failure_predictor = SAFE
RouterOpts.routing_budgets_algorithm = DISABLE

AnalysisOpts.gen_post_synthesis_netlist: false
AnalysisOpts.timing_report_npaths: 100
AnalysisOpts.timing_report_skew: false
AnalysisOpts.echo_dot_timing_graph_node: -1
AnalysisOpts.timing_report_detail: NETLIST
AnalysisOpts.post_synth_netlist_unconn_input_handling: UNCONNECTED
AnalysisOpts.post_synth_netlist_unconn_output_handling: UNCONNECTED

# Building complex block graph
Warning 1: io_mode_input[0].outpad[0] unconnected pin in architecture.
Warning 2: io_mode_output[0].inpad[0] unconnected pin in architecture.
Warning 3: i_cluster_lut6x1[0].cin[0] unconnected pin in architecture.
Warning 4: i_cluster_lut6x1[0].out[1] unconnected pin in architecture.
Warning 5: i_cluster_lut6x1[0].cout[0] unconnected pin in architecture.
Warning 6: i_cluster_lut5x2[0].in[5] unconnected pin in architecture.
Warning 7: i_cluster_lut5x2[0].cin[0] unconnected pin in architecture.
Warning 8: i_cluster_lut5x2[0].cout[0] unconnected pin in architecture.
Warning 9: i_cluster_lut6x1[0].cin[0] unconnected pin in architecture.
Warning 10: i_cluster_lut6x1[0].out[1] unconnected pin in architecture.
Warning 11: i_cluster_lut6x1[0].cout[0] unconnected pin in architecture.
Warning 12: i_cluster_lut5x2[0].in[5] unconnected pin in architecture.
Warning 13: i_cluster_lut5x2[0].cin[0] unconnected pin in architecture.
Warning 14: i_cluster_lut5x2[0].cout[0] unconnected pin in architecture.
# Building complex block graph took 0.00 seconds (max_rss 17.3 MiB, delta_rss +1.2 MiB)
# Load circuit
Found constant-zero generator '$false'
Found constant-one generator '$true'
Found constant-zero generator '$undef'
# Load circuit took 0.00 seconds (max_rss 17.3 MiB, delta_rss +0.0 MiB)
# Clean circuit
Absorbed 0 LUT buffers
Inferred    0 additional primitive pins as constant generators since they have no combinationally connected inputs
Inferred    0 additional primitive pins as constant generators due to constant inputs
Inferred    0 additional primitive pins as constant generators since they have no combinationally connected inputs
Inferred    0 additional primitive pins as constant generators due to constant inputs
Inferred    0 additional primitive pins as constant generators since they have no combinationally connected inputs
Inferred    0 additional primitive pins as constant generators due to constant inputs
Swept input(s)      : 0
Swept output(s)     : 0 (0 dangling, 0 constant)
Swept net(s)        : 2
Swept block(s)      : 1
Constant Pins Marked: 0
# Clean circuit took 0.00 seconds (max_rss 17.3 MiB, delta_rss +0.0 MiB)
# Compress circuit
# Compress circuit took 0.00 seconds (max_rss 17.3 MiB, delta_rss +0.0 MiB)
# Verify circuit
# Verify circuit took 0.00 seconds (max_rss 17.3 MiB, delta_rss +0.0 MiB)
Circuit Statistics:
  Blocks: 52
    .input :       2
    .latch :      16
    .names :       2
        0-LUT:       2
    .output:      16
    m_adder:      16
  Nets  : 51
    Avg Fanout:     1.9
    Max Fanout:    16.0
    Min Fanout:     1.0
  Netlist Clocks: 1
# Build Timing Graph
  Timing Graph Nodes: 146
  Timing Graph Edges: 218
  Timing Graph Levels: 34
# Build Timing Graph took 0.00 seconds (max_rss 17.3 MiB, delta_rss +0.0 MiB)
Netlist contains 1 clocks
  Netlist Clock 'clk' Fanout: 16 pins (11.0%), 16 blocks (30.8%)
# Load Timing Constraints

SDC file 'syn.sdc' not found
Setting default timing constraints:
   * constrain all primay inputs and primary outputs on netlist clock 'clk'
   * optimize netlist clock to run as fast as possible
Timing constraints created 1 clocks
  Constrained Clock 'clk' Source: 'clk.inpad[0]'

# Load Timing Constraints took 0.00 seconds (max_rss 17.3 MiB, delta_rss +0.0 MiB)
# Load packing
Begin loading packed FPGA netlist file.
Netlist generated from file 'pack.out'.
Detected 2 constant generators (to see names run with higher pack verbosity)
Finished loading packed FPGA netlist file (took 0.026383 seconds).
# Load packing took 0.03 seconds (max_rss 56.3 MiB, delta_rss +38.9 MiB)
Warning 15: Netlist contains 0 global net to non-global architecture pin connections
Warning 16: Logic block #8 ($false) has only 1 output pin '$false.out[3]'. It may be a constant generator.
Warning 17: Logic block #9 ($true) has only 1 output pin '$true.out[3]'. It may be a constant generator.
Cluster level netlist and block usage statistics
Netlist num_nets: 27
Netlist num_blocks: 28
Netlist EMPTY blocks: 0.
Netlist iob blocks: 18.
Netlist clb blocks: 10.
Netlist bram blocks: 0.
Netlist inputs pins: 2
Netlist output pins: 16

Pb types usage...
  iob                   : 18
   io                   : 18
    io_mode_input       : 2
     i_pad              : 2
    io_mode_output      : 16
     o_pad              : 16
  clb                   : 10
   i_cluster            : 18
    i_cluster_arith     : 16
     i_adder            : 16
     i_flipflop         : 16
    i_cluster_lut5x2    : 2
     i_lut5             : 2
      i_lut5_lut        : 2
       lut              : 2

# Create Device
## Build Device Grid
FPGA sized to 10 x 10: 100 grid tiles (top)

Resource usage...
	Netlist
		18	blocks of type: iob
	Architecture
		32	blocks of type: t_io_w
		32	blocks of type: t_io_s
		32	blocks of type: t_io_n
		32	blocks of type: t_io_e
	Netlist
		10	blocks of type: clb
	Architecture
		48	blocks of type: tile_clb
	Netlist
		0	blocks of type: bram
	Architecture
		8	blocks of type: tile_bram

Device Utilization: 0.14 (target 1.00)
	Physical Tile t_io_w:
	Block Utilization: 0.56 Logical Block: iob
	Physical Tile t_io_s:
	Block Utilization: 0.56 Logical Block: iob
	Physical Tile tile_clb:
	Block Utilization: 0.21 Logical Block: clb
	Physical Tile tile_bram:
	Block Utilization: 0.00 Logical Block: bram
	Physical Tile t_io_n:
	Block Utilization: 0.56 Logical Block: iob
	Physical Tile t_io_e:
	Block Utilization: 0.56 Logical Block: iob

## Build Device Grid took 0.00 seconds (max_rss 56.7 MiB, delta_rss +0.0 MiB)
## Loading routing resource graph
## Loading routing resource graph took 0.04 seconds (max_rss 56.7 MiB, delta_rss +0.0 MiB)
  RR Graph Nodes: 9360
  RR Graph Edges: 72314
# Create Device took 0.04 seconds (max_rss 56.7 MiB, delta_rss +0.0 MiB)

# Load Placement
Reading place.out.

Successfully read place.out.

# Load Placement took 0.00 seconds (max_rss 56.7 MiB, delta_rss +0.0 MiB)

# Computing router lookahead map
## Computing wire lookahead
## Computing wire lookahead took 0.06 seconds (max_rss 56.7 MiB, delta_rss +0.0 MiB)
## Computing src/opin lookahead
Warning 18: Found no more sample locations for SOURCE in t_io_w
Warning 19: Found no more sample locations for OPIN in t_io_w
Warning 20: Found no more sample locations for SOURCE in t_io_s
Warning 21: Found no more sample locations for OPIN in t_io_s
Warning 22: Found no more sample locations for SOURCE in tile_clb
Warning 23: Found no more sample locations for OPIN in tile_clb
Warning 24: Found no more sample locations for SOURCE in tile_bram
Warning 25: Found no more sample locations for SOURCE in t_io_n
Warning 26: Found no more sample locations for OPIN in t_io_n
Warning 27: Found no more sample locations for SOURCE in t_io_e
Warning 28: Found no more sample locations for OPIN in t_io_e
## Computing src/opin lookahead took 0.00 seconds (max_rss 56.7 MiB, delta_rss +0.0 MiB)
# Computing router lookahead map took 0.06 seconds (max_rss 56.7 MiB, delta_rss +0.0 MiB)
# Routing
## Loading routing resource graph
## Loading routing resource graph took 0.03 seconds (max_rss 56.7 MiB, delta_rss +0.0 MiB)
  RR Graph Nodes: 9360
  RR Graph Edges: 72314
## Computing router lookahead map
### Computing wire lookahead
### Computing wire lookahead took 0.06 seconds (max_rss 56.7 MiB, delta_rss +0.0 MiB)
### Computing src/opin lookahead
Warning 29: Found no more sample locations for SOURCE in t_io_w
Warning 30: Found no more sample locations for OPIN in t_io_w
Warning 31: Found no more sample locations for SOURCE in t_io_s
Warning 32: Found no more sample locations for OPIN in t_io_s
Warning 33: Found no more sample locations for SOURCE in tile_clb
Warning 34: Found no more sample locations for OPIN in tile_clb
Warning 35: Found no more sample locations for SOURCE in tile_bram
Warning 36: Found no more sample locations for SOURCE in t_io_n
Warning 37: Found no more sample locations for OPIN in t_io_n
Warning 38: Found no more sample locations for SOURCE in t_io_e
Warning 39: Found no more sample locations for OPIN in t_io_e
### Computing src/opin lookahead took 0.00 seconds (max_rss 56.7 MiB, delta_rss +0.0 MiB)
## Computing router lookahead map took 0.06 seconds (max_rss 56.7 MiB, delta_rss +0.0 MiB)
## Initializing router criticalities
Initial Net Connection Criticality Histogram:
[        0:      0.1) 38 ( 61.3%) |************************************************
[      0.1:      0.2) 16 ( 25.8%) |********************
[      0.2:      0.3)  0 (  0.0%) |
[      0.3:      0.4)  0 (  0.0%) |
[      0.4:      0.5)  0 (  0.0%) |
[      0.5:      0.6)  0 (  0.0%) |
[      0.6:      0.7)  0 (  0.0%) |
[      0.7:      0.8)  0 (  0.0%) |
[      0.8:      0.9)  0 (  0.0%) |
[      0.9:        1)  8 ( 12.9%) |**********
## Initializing router criticalities took 0.00 seconds (max_rss 56.7 MiB, delta_rss +0.0 MiB)
---- ------ ------- ---- ------- ------- ------- ----------------- --------------- -------- ---------- ---------- ---------- ---------- --------
Iter   Time    pres  BBs    Heap  Re-Rtd  Re-Rtd Overused RR Nodes      Wirelength      CPD       sTNS       sWNS       hTNS       hWNS Est Succ
      (sec)     fac Updt    push    Nets   Conns                                       (ns)       (ns)       (ns)       (ns)       (ns)     Iter
---- ------ ------- ---- ------- ------- ------- ----------------- --------------- -------- ---------- ---------- ---------- ---------- --------
   1    0.0     0.0    0    2550      26      54       0 ( 0.000%)     143 ( 1.2%)    2.700     -33.60     -2.700      0.000      0.000      N/A
Restoring best routing
Critical path: 2.7 ns
Successfully routed after 1 routing iterations.
Final Net Connection Criticality Histogram:
[        0:      0.1) 38 ( 61.3%) |************************************************
[      0.1:      0.2) 16 ( 25.8%) |********************
[      0.2:      0.3)  0 (  0.0%) |
[      0.3:      0.4)  0 (  0.0%) |
[      0.4:      0.5)  0 (  0.0%) |
[      0.5:      0.6)  0 (  0.0%) |
[      0.6:      0.7)  0 (  0.0%) |
[      0.7:      0.8)  0 (  0.0%) |
[      0.8:      0.9)  0 (  0.0%) |
[      0.9:        1)  8 ( 12.9%) |**********
Router Stats: total_nets_routed: 26 total_connections_routed: 54 total_heap_pushes: 2550 total_heap_pops: 950 
Serial Connection Router is being destroyed. Time spent on path search: 0.000 seconds.
# Routing took 0.10 seconds (max_rss 56.7 MiB, delta_rss +0.0 MiB)

Checking to ensure routing is legal...
# Checking to ensure non-configurable edges are legal
# Checking to ensure non-configurable edges are legal took 0.00 seconds (max_rss 56.7 MiB, delta_rss +0.0 MiB)
Completed routing consistency check successfully.

Serial number (magic cookie) for the routing is: -1118377
Circuit successfully routed with a channel width factor of 80.
# Synchronize the packed netlist to routing optimization
## Annotating rr_node with routed nets
## Annotating rr_node with routed nets took 0.00 seconds (max_rss 56.7 MiB, delta_rss +0.0 MiB)
Found 0 mismatches between routing and packing results.
Fixed 0 routing traces due to mismatch between routing and packing results.
# Synchronize the packed netlist to routing optimization took 0.00 seconds (max_rss 56.7 MiB, delta_rss +0.0 MiB)
Final Clustering Statistics: 
----------   --------   ------------------------------------   --------------------------
Block Type   # Blocks   Avg. # of input clocks and pins used   Avg. # of output pins used
----------   --------   ------------------------------------   --------------------------
     EMPTY          0                                      0                            0   
       iob         18                               0.888889                     0.111111   
       clb         10                                    4.6                          2.5   
      bram          0                                      0                            0   
Absorbed logical nets 24 out of 51 nets, 27 nets not absorbed.


Average number of bends per net: 1.88462  Maximum # of bends: 10

Number of global nets: 1
Number of routed nets (nonglobal): 26
Wire length results (in units of 1 clb segments)...
	Total wirelength: 143, average net length: 5.50000
	Maximum net length: 34

Wire length results in terms of physical segments...
	Total wiring segments used: 84, average wire segments per net: 3.23077
	Maximum segments used by a net: 19
	Total local nets with reserved CLB opins: 0
Total number of nets absorbed: 7

Routing channel utilization histogram:
[        1:      inf)   0 (  0.0%) |
[      0.9:        1)   0 (  0.0%) |
[      0.8:      0.9)   0 (  0.0%) |
[      0.7:      0.8)   0 (  0.0%) |
[      0.5:      0.6)   0 (  0.0%) |
[      0.4:      0.5)   0 (  0.0%) |
[      0.3:      0.4)   0 (  0.0%) |
[      0.2:      0.3)   0 (  0.0%) |
[      0.1:      0.2)   0 (  0.0%) |
[        0:      0.1) 162 (100.0%) |***********************************************
Maximum routing channel utilization:     0.062 at (1,4)

X - Directed channels:   j max occ ave occ capacity
                      ---- ------- ------- --------
                         0       3   0.300       80
                         1       3   0.300       80
                         2       3   0.400       80
                         3       4   0.500       80
                         4       5   0.600       80
                         5       3   0.600       80
                         6       3   0.300       80
                         7       1   0.100       80
                         8       0   0.000       80
Y - Directed channels:   i max occ ave occ capacity
                      ---- ------- ------- --------
                         0      12   6.600       80
                         1       7   3.800       80
                         2       2   0.600       80
                         3       0   0.000       80
                         4       1   0.200       80
                         5       0   0.000       80
                         6       0   0.000       80
                         7       0   0.000       80
                         8       0   0.000       80

Total tracks in x-direction: 720, in y-direction: 720

Logic area (in minimum width transistor areas, excludes I/Os and empty grid tiles)...
	Total logic block area (Warning, need to add pitch of routing to blocks with height > 3): 0
	Total used logic block area: 0

Routing area (in minimum width transistor areas)...
	Total routing area: 153888., per logic tile: 1538.88

Total Number of Wiring Segments by Direction: direction length number
                                              --------- ------ -------
                                                      X      2   3240
                                                      Y      2   3240

X - Directed Wiring Segment usage by length: length utilization
                                             ------ -----------
                                             2     0.00802

Y - Directed Wiring Segment usage by length: length utilization
                                             ------ -----------
                                             2      0.0179

Segment occupancy by length: Length utilization
                             ------ -----------
                             L2           0.013

Segment occupancy by type: name type utilization
                           ---- ---- -----------
                             L2    0       0.013

Final hold Worst Negative Slack (hWNS): 0 ns
Final hold Total Negative Slack (hTNS): 0 ns

Final hold slack histogram:
[    2e-10:  4.2e-10)  2 (  6.2%) |*****
[  4.2e-10:  6.4e-10) 18 ( 56.2%) |************************************************
[  6.4e-10:  8.6e-10)  1 (  3.1%) |***
[  8.6e-10:  1.1e-09)  1 (  3.1%) |***
[  1.1e-09:  1.3e-09)  2 (  6.2%) |*****
[  1.3e-09:  1.5e-09)  2 (  6.2%) |*****
[  1.5e-09:  1.7e-09)  1 (  3.1%) |***
[  1.7e-09:    2e-09)  1 (  3.1%) |***
[    2e-09:  2.2e-09)  2 (  6.2%) |*****
[  2.2e-09:  2.4e-09)  2 (  6.2%) |*****

Final critical path delay (least slack): 2.7 ns, Fmax: 370.37 MHz
Final setup Worst Negative Slack (sWNS): -2.7 ns
Final setup Total Negative Slack (sTNS): -33.6 ns

Final setup slack histogram:
[ -2.7e-09: -2.5e-09)  2 (  6.2%) |*****
[ -2.5e-09: -2.3e-09)  2 (  6.2%) |*****
[ -2.3e-09:   -2e-09)  1 (  3.1%) |***
[   -2e-09: -1.8e-09)  1 (  3.1%) |***
[ -1.8e-09: -1.6e-09)  2 (  6.2%) |*****
[ -1.6e-09: -1.4e-09)  2 (  6.2%) |*****
[ -1.4e-09: -1.2e-09)  1 (  3.1%) |***
[ -1.2e-09: -9.4e-10)  1 (  3.1%) |***
[ -9.4e-10: -7.2e-10)  2 (  6.2%) |*****
[ -7.2e-10:   -5e-10) 18 ( 56.2%) |************************************************

Final geomean non-virtual intra-domain period: 2.7 ns (370.37 MHz)
Final fanout-weighted geomean non-virtual intra-domain period: 2.7 ns (370.37 MHz)

Incr Slack updates 1 in 2.213e-06 sec
Full Max Req/Worst Slack updates 1 in 1.372e-06 sec
Incr Max Req/Worst Slack updates 0 in 0 sec
Incr Criticality updates 0 in 0 sec
Full Criticality updates 1 in 2.023e-06 sec
Flow timing analysis took 0.000331949 seconds (0.000305449 STA, 2.65e-05 slack) (3 full updates: 0 setup, 0 hold, 3 combined).
VPR succeeded
The entire flow of VPR took 0.27 seconds (max_rss 56.7 MiB)
Incr Slack updates 2 in 3.855e-06 sec
Full Max Req/Worst Slack updates 2 in 3.024e-06 sec
Incr Max Req/Worst Slack updates 0 in 0 sec
Incr Criticality updates 0 in 0 sec
Full Criticality updates 2 in 4.527e-06 sec
