
 /----------------------------------------------------------------------------\
 |  yosys -- Yosys Open SYnthesis Suite                                       |
 |  Copyright (C) 2012 - 2024  Claire Xenia Wolf <claire@yosyshq.com>         |
 |  Distributed under an ISC-like license, type "license" to see terms        |
 \----------------------------------------------------------------------------/
 Yosys 0.42+40 (git sha1 dac5bd198, g++ 13.3.0-6ubuntu2~24.04 -fPIC -Os)
[TCL: yosys -import] Command name collision: found pre-existing command `cd' -> skip.
[TCL: yosys -import] Command name collision: found pre-existing command `eval' -> skip.
[TCL: yosys -import] Command name collision: found pre-existing command `exec' -> skip.
[TCL: yosys -import] Command name collision: found pre-existing command `read' -> skip.
[TCL: yosys -import] Command name collision: found pre-existing command `trace' -> skip.
[TCL: yosys -import] Command name collision: found pre-existing command `abc' -> skip.
[TCL: yosys -import] Command name collision: found pre-existing command `abc9' -> skip.
[TCL: yosys -import] Command name collision: found pre-existing command `abc9_exe' -> skip.
[TCL: yosys -import] Command name collision: found pre-existing command `abc9_ops' -> skip.
[TCL: yosys -import] Command name collision: found pre-existing command `add' -> skip.
[TCL: yosys -import] Command name collision: found pre-existing command `aigmap' -> skip.
[TCL: yosys -import] Command name collision: found pre-existing command `alumacc' -> skip.
[TCL: yosys -import] Command name collision: found pre-existing command `anlogic_eqn' -> skip.
[TCL: yosys -import] Command name collision: found pre-existing command `anlogic_fixcarry' -> skip.
[TCL: yosys -import] Command name collision: found pre-existing command `assertpmux' -> skip.
[TCL: yosys -import] Command name collision: found pre-existing command `async2sync' -> skip.
[TCL: yosys -import] Command name collision: found pre-existing command `attrmap' -> skip.
[TCL: yosys -import] Command name collision: found pre-existing command `attrmvcp' -> skip.
[TCL: yosys -import] Command name collision: found pre-existing command `autoname' -> skip.
[TCL: yosys -import] Command name collision: found pre-existing command `blackbox' -> skip.
[TCL: yosys -import] Command name collision: found pre-existing command `bmuxmap' -> skip.
[TCL: yosys -import] Command name collision: found pre-existing command `booth' -> skip.
[TCL: yosys -import] Command name collision: found pre-existing command `box_derive' -> skip.
[TCL: yosys -import] Command name collision: found pre-existing command `bugpoint' -> skip.
[TCL: yosys -import] Command name collision: found pre-existing command `bwmuxmap' -> skip.
[TCL: yosys -import] Command name collision: found pre-existing command `cd' -> skip.
[TCL: yosys -import] Command name collision: found pre-existing command `cellmatch' -> skip.
[TCL: yosys -import] Command name collision: found pre-existing command `check' -> skip.
[TCL: yosys -import] Command name collision: found pre-existing command `chformal' -> skip.
[TCL: yosys -import] Command name collision: found pre-existing command `chparam' -> skip.
[TCL: yosys -import] Command name collision: found pre-existing command `chtype' -> skip.
[TCL: yosys -import] Command name collision: found pre-existing command `clean' -> skip.
[TCL: yosys -import] Command name collision: found pre-existing command `clean_zerowidth' -> skip.
[TCL: yosys -import] Command name collision: found pre-existing command `clk2fflogic' -> skip.
[TCL: yosys -import] Command name collision: found pre-existing command `clkbufmap' -> skip.
[TCL: yosys -import] Command name collision: found pre-existing command `connect' -> skip.
[TCL: yosys -import] Command name collision: found pre-existing command `connect_rpc' -> skip.
[TCL: yosys -import] Command name collision: found pre-existing command `connwrappers' -> skip.
[TCL: yosys -import] Command name collision: found pre-existing command `coolrunner2_fixup' -> skip.
[TCL: yosys -import] Command name collision: found pre-existing command `coolrunner2_sop' -> skip.
[TCL: yosys -import] Command name collision: found pre-existing command `copy' -> skip.
[TCL: yosys -import] Command name collision: found pre-existing command `cover' -> skip.
[TCL: yosys -import] Command name collision: found pre-existing command `cutpoint' -> skip.
[TCL: yosys -import] Command name collision: found pre-existing command `debug' -> skip.
[TCL: yosys -import] Command name collision: found pre-existing command `delete' -> skip.
[TCL: yosys -import] Command name collision: found pre-existing command `deminout' -> skip.
[TCL: yosys -import] Command name collision: found pre-existing command `demuxmap' -> skip.
[TCL: yosys -import] Command name collision: found pre-existing command `design' -> skip.
[TCL: yosys -import] Command name collision: found pre-existing command `dffinit' -> skip.
[TCL: yosys -import] Command name collision: found pre-existing command `dfflegalize' -> skip.
[TCL: yosys -import] Command name collision: found pre-existing command `dfflibmap' -> skip.
[TCL: yosys -import] Command name collision: found pre-existing command `dffunmap' -> skip.
[TCL: yosys -import] Command name collision: found pre-existing command `dft_tag' -> skip.
[TCL: yosys -import] Command name collision: found pre-existing command `dump' -> skip.
[TCL: yosys -import] Command name collision: found pre-existing command `echo' -> skip.
[TCL: yosys -import] Command name collision: found pre-existing command `edgetypes' -> skip.
[TCL: yosys -import] Command name collision: found pre-existing command `efinix_fixcarry' -> skip.
[TCL: yosys -import] Command name collision: found pre-existing command `equiv_add' -> skip.
[TCL: yosys -import] Command name collision: found pre-existing command `equiv_induct' -> skip.
[TCL: yosys -import] Command name collision: found pre-existing command `equiv_make' -> skip.
[TCL: yosys -import] Command name collision: found pre-existing command `equiv_mark' -> skip.
[TCL: yosys -import] Command name collision: found pre-existing command `equiv_miter' -> skip.
[TCL: yosys -import] Command name collision: found pre-existing command `equiv_opt' -> skip.
[TCL: yosys -import] Command name collision: found pre-existing command `equiv_purge' -> skip.
[TCL: yosys -import] Command name collision: found pre-existing command `equiv_remove' -> skip.
[TCL: yosys -import] Command name collision: found pre-existing command `equiv_simple' -> skip.
[TCL: yosys -import] Command name collision: found pre-existing command `equiv_status' -> skip.
[TCL: yosys -import] Command name collision: found pre-existing command `equiv_struct' -> skip.
[TCL: yosys -import] Command name collision: found pre-existing command `eval' -> skip.
[TCL: yosys -import] Command name collision: found pre-existing command `exec' -> skip.
[TCL: yosys -import] Command name collision: found pre-existing command `expose' -> skip.
[TCL: yosys -import] Command name collision: found pre-existing command `extract' -> skip.
[TCL: yosys -import] Command name collision: found pre-existing command `extract_counter' -> skip.
[TCL: yosys -import] Command name collision: found pre-existing command `extract_fa' -> skip.
[TCL: yosys -import] Command name collision: found pre-existing command `extract_reduce' -> skip.
[TCL: yosys -import] Command name collision: found pre-existing command `extractinv' -> skip.
[TCL: yosys -import] Command name collision: found pre-existing command `flatten' -> skip.
[TCL: yosys -import] Command name collision: found pre-existing command `flowmap' -> skip.
[TCL: yosys -import] Command name collision: found pre-existing command `fmcombine' -> skip.
[TCL: yosys -import] Command name collision: found pre-existing command `fminit' -> skip.
[TCL: yosys -import] Command name collision: found pre-existing command `formalff' -> skip.
[TCL: yosys -import] Command name collision: found pre-existing command `freduce' -> skip.
[TCL: yosys -import] Command name collision: found pre-existing command `fsm' -> skip.
[TCL: yosys -import] Command name collision: found pre-existing command `fsm_detect' -> skip.
[TCL: yosys -import] Command name collision: found pre-existing command `fsm_expand' -> skip.
[TCL: yosys -import] Command name collision: found pre-existing command `fsm_export' -> skip.
[TCL: yosys -import] Command name collision: found pre-existing command `fsm_extract' -> skip.
[TCL: yosys -import] Command name collision: found pre-existing command `fsm_info' -> skip.
[TCL: yosys -import] Command name collision: found pre-existing command `fsm_map' -> skip.
[TCL: yosys -import] Command name collision: found pre-existing command `fsm_opt' -> skip.
[TCL: yosys -import] Command name collision: found pre-existing command `fsm_recode' -> skip.
[TCL: yosys -import] Command name collision: found pre-existing command `fst2tb' -> skip.
[TCL: yosys -import] Command name collision: found pre-existing command `future' -> skip.
[TCL: yosys -import] Command name collision: found pre-existing command `gatemate_foldinv' -> skip.
[TCL: yosys -import] Command name collision: found pre-existing command `glift' -> skip.
[TCL: yosys -import] Command name collision: found pre-existing command `greenpak4_dffinv' -> skip.
[TCL: yosys -import] Command name collision: found pre-existing command `help' -> skip.
[TCL: yosys -import] Command name collision: found pre-existing command `hierarchy' -> skip.
[TCL: yosys -import] Command name collision: found pre-existing command `hilomap' -> skip.
[TCL: yosys -import] Command name collision: found pre-existing command `history' -> skip.
[TCL: yosys -import] Command name collision: found pre-existing command `ice40_braminit' -> skip.
[TCL: yosys -import] Command name collision: found pre-existing command `ice40_dsp' -> skip.
[TCL: yosys -import] Command name collision: found pre-existing command `ice40_opt' -> skip.
[TCL: yosys -import] Command name collision: found pre-existing command `ice40_wrapcarry' -> skip.
[TCL: yosys -import] Command name collision: found pre-existing command `insbuf' -> skip.
[TCL: yosys -import] Command name collision: found pre-existing command `iopadmap' -> skip.
[TCL: yosys -import] Command name collision: found pre-existing command `jny' -> skip.
[TCL: yosys -import] Command name collision: found pre-existing command `json' -> skip.
[TCL: yosys -import] Command name collision: found pre-existing command `lattice_gsr' -> skip.
[TCL: yosys -import] Command name collision: found pre-existing command `license' -> skip.
[TCL: yosys -import] Command name collision: found pre-existing command `log' -> skip.
[TCL: yosys -import] Command name collision: found pre-existing command `logger' -> skip.
[TCL: yosys -import] Command name collision: found pre-existing command `ls' -> skip.
[TCL: yosys -import] Command name collision: found pre-existing command `ltp' -> skip.
[TCL: yosys -import] Command name collision: found pre-existing command `lut2mux' -> skip.
[TCL: yosys -import] Command name collision: found pre-existing command `maccmap' -> skip.
[TCL: yosys -import] Command name collision: found pre-existing command `memory' -> skip.
[TCL: yosys -import] Command name collision: found pre-existing command `memory_bmux2rom' -> skip.
[TCL: yosys -import] Command name collision: found pre-existing command `memory_bram' -> skip.
[TCL: yosys -import] Command name collision: found pre-existing command `memory_collect' -> skip.
[TCL: yosys -import] Command name collision: found pre-existing command `memory_dff' -> skip.
[TCL: yosys -import] Command name collision: found pre-existing command `memory_libmap' -> skip.
[TCL: yosys -import] Command name collision: found pre-existing command `memory_map' -> skip.
[TCL: yosys -import] Command name collision: found pre-existing command `memory_memx' -> skip.
[TCL: yosys -import] Command name collision: found pre-existing command `memory_narrow' -> skip.
[TCL: yosys -import] Command name collision: found pre-existing command `memory_nordff' -> skip.
[TCL: yosys -import] Command name collision: found pre-existing command `memory_share' -> skip.
[TCL: yosys -import] Command name collision: found pre-existing command `memory_unpack' -> skip.
[TCL: yosys -import] Command name collision: found pre-existing command `miter' -> skip.
[TCL: yosys -import] Command name collision: found pre-existing command `mutate' -> skip.
[TCL: yosys -import] Command name collision: found pre-existing command `muxcover' -> skip.
[TCL: yosys -import] Command name collision: found pre-existing command `muxpack' -> skip.
[TCL: yosys -import] Command name collision: found pre-existing command `nlutmap' -> skip.
[TCL: yosys -import] Command name collision: found pre-existing command `onehot' -> skip.
[TCL: yosys -import] Command name collision: found pre-existing command `opt' -> skip.
[TCL: yosys -import] Command name collision: found pre-existing command `opt_clean' -> skip.
[TCL: yosys -import] Command name collision: found pre-existing command `opt_demorgan' -> skip.
[TCL: yosys -import] Command name collision: found pre-existing command `opt_dff' -> skip.
[TCL: yosys -import] Command name collision: found pre-existing command `opt_expr' -> skip.
[TCL: yosys -import] Command name collision: found pre-existing command `opt_ffinv' -> skip.
[TCL: yosys -import] Command name collision: found pre-existing command `opt_lut' -> skip.
[TCL: yosys -import] Command name collision: found pre-existing command `opt_lut_ins' -> skip.
[TCL: yosys -import] Command name collision: found pre-existing command `opt_mem' -> skip.
[TCL: yosys -import] Command name collision: found pre-existing command `opt_mem_feedback' -> skip.
[TCL: yosys -import] Command name collision: found pre-existing command `opt_mem_priority' -> skip.
[TCL: yosys -import] Command name collision: found pre-existing command `opt_mem_widen' -> skip.
[TCL: yosys -import] Command name collision: found pre-existing command `opt_merge' -> skip.
[TCL: yosys -import] Command name collision: found pre-existing command `opt_muxtree' -> skip.
[TCL: yosys -import] Command name collision: found pre-existing command `opt_reduce' -> skip.
[TCL: yosys -import] Command name collision: found pre-existing command `opt_share' -> skip.
[TCL: yosys -import] Command name collision: found pre-existing command `paramap' -> skip.
[TCL: yosys -import] Command name collision: found pre-existing command `peepopt' -> skip.
[TCL: yosys -import] Command name collision: found pre-existing command `plugin' -> skip.
[TCL: yosys -import] Command name collision: found pre-existing command `pmux2shiftx' -> skip.
[TCL: yosys -import] Command name collision: found pre-existing command `pmuxtree' -> skip.
[TCL: yosys -import] Command name collision: found pre-existing command `portlist' -> skip.
[TCL: yosys -import] Command name collision: found pre-existing command `prep' -> skip.
[TCL: yosys -import] Command name collision: found pre-existing command `printattrs' -> skip.
[TCL: yosys -import] Command name collision: found pre-existing command `proc' -> skip.
[TCL: yosys -import] Command name collision: found pre-existing command `proc_arst' -> skip.
[TCL: yosys -import] Command name collision: found pre-existing command `proc_clean' -> skip.
[TCL: yosys -import] Command name collision: found pre-existing command `proc_dff' -> skip.
[TCL: yosys -import] Command name collision: found pre-existing command `proc_dlatch' -> skip.
[TCL: yosys -import] Command name collision: found pre-existing command `proc_init' -> skip.
[TCL: yosys -import] Command name collision: found pre-existing command `proc_memwr' -> skip.
[TCL: yosys -import] Command name collision: found pre-existing command `proc_mux' -> skip.
[TCL: yosys -import] Command name collision: found pre-existing command `proc_prune' -> skip.
[TCL: yosys -import] Command name collision: found pre-existing command `proc_rmdead' -> skip.
[TCL: yosys -import] Command name collision: found pre-existing command `proc_rom' -> skip.
[TCL: yosys -import] Command name collision: found pre-existing command `qbfsat' -> skip.
[TCL: yosys -import] Command name collision: found pre-existing command `ql_bram_merge' -> skip.
[TCL: yosys -import] Command name collision: found pre-existing command `ql_bram_types' -> skip.
[TCL: yosys -import] Command name collision: found pre-existing command `ql_dsp_io_regs' -> skip.
[TCL: yosys -import] Command name collision: found pre-existing command `ql_dsp_macc' -> skip.
[TCL: yosys -import] Command name collision: found pre-existing command `ql_dsp_simd' -> skip.
[TCL: yosys -import] Command name collision: found pre-existing command `qwp' -> skip.
[TCL: yosys -import] Command name collision: found pre-existing command `read' -> skip.
[TCL: yosys -import] Command name collision: found pre-existing command `read_aiger' -> skip.
[TCL: yosys -import] Command name collision: found pre-existing command `read_blif' -> skip.
[TCL: yosys -import] Command name collision: found pre-existing command `read_ilang' -> skip.
[TCL: yosys -import] Command name collision: found pre-existing command `read_json' -> skip.
[TCL: yosys -import] Command name collision: found pre-existing command `read_liberty' -> skip.
[TCL: yosys -import] Command name collision: found pre-existing command `read_rtlil' -> skip.
[TCL: yosys -import] Command name collision: found pre-existing command `read_verilog' -> skip.
[TCL: yosys -import] Command name collision: found pre-existing command `recover_names' -> skip.
[TCL: yosys -import] Command name collision: found pre-existing command `rename' -> skip.
[TCL: yosys -import] Command name collision: found pre-existing command `rmports' -> skip.
[TCL: yosys -import] Command name collision: found pre-existing command `sat' -> skip.
[TCL: yosys -import] Command name collision: found pre-existing command `scatter' -> skip.
[TCL: yosys -import] Command name collision: found pre-existing command `scc' -> skip.
[TCL: yosys -import] Command name collision: found pre-existing command `scratchpad' -> skip.
[TCL: yosys -import] Command name collision: found pre-existing command `script' -> skip.
[TCL: yosys -import] Command name collision: found pre-existing command `select' -> skip.
[TCL: yosys -import] Command name collision: found pre-existing command `setattr' -> skip.
[TCL: yosys -import] Command name collision: found pre-existing command `setparam' -> skip.
[TCL: yosys -import] Command name collision: found pre-existing command `setundef' -> skip.
[TCL: yosys -import] Command name collision: found pre-existing command `share' -> skip.
[TCL: yosys -import] Command name collision: found pre-existing command `shell' -> skip.
[TCL: yosys -import] Command name collision: found pre-existing command `show' -> skip.
[TCL: yosys -import] Command name collision: found pre-existing command `shregmap' -> skip.
[TCL: yosys -import] Command name collision: found pre-existing command `sim' -> skip.
[TCL: yosys -import] Command name collision: found pre-existing command `simplemap' -> skip.
[TCL: yosys -import] Command name collision: found pre-existing command `splice' -> skip.
[TCL: yosys -import] Command name collision: found pre-existing command `splitcells' -> skip.
[TCL: yosys -import] Command name collision: found pre-existing command `splitnets' -> skip.
[TCL: yosys -import] Command name collision: found pre-existing command `sta' -> skip.
[TCL: yosys -import] Command name collision: found pre-existing command `stat' -> skip.
[TCL: yosys -import] Command name collision: found pre-existing command `submod' -> skip.
[TCL: yosys -import] Command name collision: found pre-existing command `supercover' -> skip.
[TCL: yosys -import] Command name collision: found pre-existing command `synth' -> skip.
[TCL: yosys -import] Command name collision: found pre-existing command `synth_achronix' -> skip.
[TCL: yosys -import] Command name collision: found pre-existing command `synth_anlogic' -> skip.
[TCL: yosys -import] Command name collision: found pre-existing command `synth_coolrunner2' -> skip.
[TCL: yosys -import] Command name collision: found pre-existing command `synth_easic' -> skip.
[TCL: yosys -import] Command name collision: found pre-existing command `synth_ecp5' -> skip.
[TCL: yosys -import] Command name collision: found pre-existing command `synth_efinix' -> skip.
[TCL: yosys -import] Command name collision: found pre-existing command `synth_fabulous' -> skip.
[TCL: yosys -import] Command name collision: found pre-existing command `synth_gatemate' -> skip.
[TCL: yosys -import] Command name collision: found pre-existing command `synth_gowin' -> skip.
[TCL: yosys -import] Command name collision: found pre-existing command `synth_greenpak4' -> skip.
[TCL: yosys -import] Command name collision: found pre-existing command `synth_ice40' -> skip.
[TCL: yosys -import] Command name collision: found pre-existing command `synth_intel' -> skip.
[TCL: yosys -import] Command name collision: found pre-existing command `synth_intel_alm' -> skip.
[TCL: yosys -import] Command name collision: found pre-existing command `synth_lattice' -> skip.
[TCL: yosys -import] Command name collision: found pre-existing command `synth_nexus' -> skip.
[TCL: yosys -import] Command name collision: found pre-existing command `synth_quicklogic' -> skip.
[TCL: yosys -import] Command name collision: found pre-existing command `synth_sf2' -> skip.
[TCL: yosys -import] Command name collision: found pre-existing command `synth_xilinx' -> skip.
[TCL: yosys -import] Command name collision: found pre-existing command `synthprop' -> skip.
[TCL: yosys -import] Command name collision: found pre-existing command `tcl' -> skip.
[TCL: yosys -import] Command name collision: found pre-existing command `techmap' -> skip.
[TCL: yosys -import] Command name collision: found pre-existing command `tee' -> skip.
[TCL: yosys -import] Command name collision: found pre-existing command `test_abcloop' -> skip.
[TCL: yosys -import] Command name collision: found pre-existing command `test_autotb' -> skip.
[TCL: yosys -import] Command name collision: found pre-existing command `test_cell' -> skip.
[TCL: yosys -import] Command name collision: found pre-existing command `test_pmgen' -> skip.
[TCL: yosys -import] Command name collision: found pre-existing command `torder' -> skip.
[TCL: yosys -import] Command name collision: found pre-existing command `trace' -> skip.
[TCL: yosys -import] Command name collision: found pre-existing command `tribuf' -> skip.
[TCL: yosys -import] Command name collision: found pre-existing command `uniquify' -> skip.
[TCL: yosys -import] Command name collision: found pre-existing command `verific' -> skip.
[TCL: yosys -import] Command name collision: found pre-existing command `verilog_defaults' -> skip.
[TCL: yosys -import] Command name collision: found pre-existing command `verilog_defines' -> skip.
[TCL: yosys -import] Command name collision: found pre-existing command `viz' -> skip.
[TCL: yosys -import] Command name collision: found pre-existing command `wbflip' -> skip.
[TCL: yosys -import] Command name collision: found pre-existing command `wreduce' -> skip.
[TCL: yosys -import] Command name collision: found pre-existing command `write_aiger' -> skip.
[TCL: yosys -import] Command name collision: found pre-existing command `write_blif' -> skip.
[TCL: yosys -import] Command name collision: found pre-existing command `write_btor' -> skip.
[TCL: yosys -import] Command name collision: found pre-existing command `write_cxxrtl' -> skip.
[TCL: yosys -import] Command name collision: found pre-existing command `write_edif' -> skip.
[TCL: yosys -import] Command name collision: found pre-existing command `write_file' -> skip.
[TCL: yosys -import] Command name collision: found pre-existing command `write_firrtl' -> skip.
[TCL: yosys -import] Command name collision: found pre-existing command `write_ilang' -> skip.
[TCL: yosys -import] Command name collision: found pre-existing command `write_intersynth' -> skip.
[TCL: yosys -import] Command name collision: found pre-existing command `write_jny' -> skip.
[TCL: yosys -import] Command name collision: found pre-existing command `write_json' -> skip.
[TCL: yosys -import] Command name collision: found pre-existing command `write_rtlil' -> skip.
[TCL: yosys -import] Command name collision: found pre-existing command `write_simplec' -> skip.
[TCL: yosys -import] Command name collision: found pre-existing command `write_smt2' -> skip.
[TCL: yosys -import] Command name collision: found pre-existing command `write_smv' -> skip.
[TCL: yosys -import] Command name collision: found pre-existing command `write_spice' -> skip.
[TCL: yosys -import] Command name collision: found pre-existing command `write_table' -> skip.
[TCL: yosys -import] Command name collision: found pre-existing command `write_verilog' -> skip.
[TCL: yosys -import] Command name collision: found pre-existing command `write_xaiger' -> skip.
[TCL: yosys -import] Command name collision: found pre-existing command `xilinx_dffopt' -> skip.
[TCL: yosys -import] Command name collision: found pre-existing command `xilinx_dsp' -> skip.
[TCL: yosys -import] Command name collision: found pre-existing command `xilinx_srl' -> skip.
[TCL: yosys -import] Command name collision: found pre-existing command `xprop' -> skip.
[TCL: yosys -import] Command name collision: found pre-existing command `zinit' -> skip.

1. Executing Verilog-2005 frontend: /workspace/prga_physical/prga/examples/fpga/scanchain/fle6_N2_mem2K_8x8/syn/m_adder.lib.v
Parsing Verilog input from `/workspace/prga_physical/prga/examples/fpga/scanchain/fle6_N2_mem2K_8x8/syn/m_adder.lib.v' to AST representation.
Generating RTLIL representation for module `\m_adder'.
Successfully finished Verilog frontend.

2. Executing Verilog-2005 frontend: /workspace/prga_physical/prga/examples/fpga/scanchain/fle6_N2_mem2K_8x8/syn/m_ram_1r1w.lib.v
Parsing Verilog input from `/workspace/prga_physical/prga/examples/fpga/scanchain/fle6_N2_mem2K_8x8/syn/m_ram_1r1w.lib.v' to AST representation.
Generating RTLIL representation for module `\m_ram_1r1w'.
Successfully finished Verilog frontend.

3. Executing Verilog-2005 frontend: /workspace/prga_physical/prga/examples/app/8bitadd/src/adder.v
Parsing Verilog input from `/workspace/prga_physical/prga/examples/app/8bitadd/src/adder.v' to AST representation.
Generating RTLIL representation for module `\adder'.
Successfully finished Verilog frontend.

4. Executing HIERARCHY pass (managing design hierarchy).

4.1. Analyzing design hierarchy..
Top module:  \adder

4.2. Analyzing design hierarchy..
Top module:  \adder
Removed 0 unused modules.
[TCL: yosys -import] Command name collision: found pre-existing command `abc' -> skip.
[TCL: yosys -import] Command name collision: found pre-existing command `abc9' -> skip.
[TCL: yosys -import] Command name collision: found pre-existing command `abc9_exe' -> skip.
[TCL: yosys -import] Command name collision: found pre-existing command `abc9_ops' -> skip.
[TCL: yosys -import] Command name collision: found pre-existing command `add' -> skip.
[TCL: yosys -import] Command name collision: found pre-existing command `aigmap' -> skip.
[TCL: yosys -import] Command name collision: found pre-existing command `alumacc' -> skip.
[TCL: yosys -import] Command name collision: found pre-existing command `anlogic_eqn' -> skip.
[TCL: yosys -import] Command name collision: found pre-existing command `anlogic_fixcarry' -> skip.
[TCL: yosys -import] Command name collision: found pre-existing command `assertpmux' -> skip.
[TCL: yosys -import] Command name collision: found pre-existing command `async2sync' -> skip.
[TCL: yosys -import] Command name collision: found pre-existing command `attrmap' -> skip.
[TCL: yosys -import] Command name collision: found pre-existing command `attrmvcp' -> skip.
[TCL: yosys -import] Command name collision: found pre-existing command `autoname' -> skip.
[TCL: yosys -import] Command name collision: found pre-existing command `blackbox' -> skip.
[TCL: yosys -import] Command name collision: found pre-existing command `bmuxmap' -> skip.
[TCL: yosys -import] Command name collision: found pre-existing command `booth' -> skip.
[TCL: yosys -import] Command name collision: found pre-existing command `box_derive' -> skip.
[TCL: yosys -import] Command name collision: found pre-existing command `bugpoint' -> skip.
[TCL: yosys -import] Command name collision: found pre-existing command `bwmuxmap' -> skip.
[TCL: yosys -import] Command name collision: found pre-existing command `cd' -> skip.
[TCL: yosys -import] Command name collision: found pre-existing command `cellmatch' -> skip.
[TCL: yosys -import] Command name collision: found pre-existing command `check' -> skip.
[TCL: yosys -import] Command name collision: found pre-existing command `chformal' -> skip.
[TCL: yosys -import] Command name collision: found pre-existing command `chparam' -> skip.
[TCL: yosys -import] Command name collision: found pre-existing command `chtype' -> skip.
[TCL: yosys -import] Command name collision: found pre-existing command `clean' -> skip.
[TCL: yosys -import] Command name collision: found pre-existing command `clean_zerowidth' -> skip.
[TCL: yosys -import] Command name collision: found pre-existing command `clk2fflogic' -> skip.
[TCL: yosys -import] Command name collision: found pre-existing command `clkbufmap' -> skip.
[TCL: yosys -import] Command name collision: found pre-existing command `connect' -> skip.
[TCL: yosys -import] Command name collision: found pre-existing command `connect_rpc' -> skip.
[TCL: yosys -import] Command name collision: found pre-existing command `connwrappers' -> skip.
[TCL: yosys -import] Command name collision: found pre-existing command `coolrunner2_fixup' -> skip.
[TCL: yosys -import] Command name collision: found pre-existing command `coolrunner2_sop' -> skip.
[TCL: yosys -import] Command name collision: found pre-existing command `copy' -> skip.
[TCL: yosys -import] Command name collision: found pre-existing command `cover' -> skip.
[TCL: yosys -import] Command name collision: found pre-existing command `cutpoint' -> skip.
[TCL: yosys -import] Command name collision: found pre-existing command `debug' -> skip.
[TCL: yosys -import] Command name collision: found pre-existing command `delete' -> skip.
[TCL: yosys -import] Command name collision: found pre-existing command `deminout' -> skip.
[TCL: yosys -import] Command name collision: found pre-existing command `demuxmap' -> skip.
[TCL: yosys -import] Command name collision: found pre-existing command `design' -> skip.
[TCL: yosys -import] Command name collision: found pre-existing command `dffinit' -> skip.
[TCL: yosys -import] Command name collision: found pre-existing command `dfflegalize' -> skip.
[TCL: yosys -import] Command name collision: found pre-existing command `dfflibmap' -> skip.
[TCL: yosys -import] Command name collision: found pre-existing command `dffunmap' -> skip.
[TCL: yosys -import] Command name collision: found pre-existing command `dft_tag' -> skip.
[TCL: yosys -import] Command name collision: found pre-existing command `dump' -> skip.
[TCL: yosys -import] Command name collision: found pre-existing command `echo' -> skip.
[TCL: yosys -import] Command name collision: found pre-existing command `edgetypes' -> skip.
[TCL: yosys -import] Command name collision: found pre-existing command `efinix_fixcarry' -> skip.
[TCL: yosys -import] Command name collision: found pre-existing command `equiv_add' -> skip.
[TCL: yosys -import] Command name collision: found pre-existing command `equiv_induct' -> skip.
[TCL: yosys -import] Command name collision: found pre-existing command `equiv_make' -> skip.
[TCL: yosys -import] Command name collision: found pre-existing command `equiv_mark' -> skip.
[TCL: yosys -import] Command name collision: found pre-existing command `equiv_miter' -> skip.
[TCL: yosys -import] Command name collision: found pre-existing command `equiv_opt' -> skip.
[TCL: yosys -import] Command name collision: found pre-existing command `equiv_purge' -> skip.
[TCL: yosys -import] Command name collision: found pre-existing command `equiv_remove' -> skip.
[TCL: yosys -import] Command name collision: found pre-existing command `equiv_simple' -> skip.
[TCL: yosys -import] Command name collision: found pre-existing command `equiv_status' -> skip.
[TCL: yosys -import] Command name collision: found pre-existing command `equiv_struct' -> skip.
[TCL: yosys -import] Command name collision: found pre-existing command `eval' -> skip.
[TCL: yosys -import] Command name collision: found pre-existing command `exec' -> skip.
[TCL: yosys -import] Command name collision: found pre-existing command `expose' -> skip.
[TCL: yosys -import] Command name collision: found pre-existing command `extract' -> skip.
[TCL: yosys -import] Command name collision: found pre-existing command `extract_counter' -> skip.
[TCL: yosys -import] Command name collision: found pre-existing command `extract_fa' -> skip.
[TCL: yosys -import] Command name collision: found pre-existing command `extract_reduce' -> skip.
[TCL: yosys -import] Command name collision: found pre-existing command `extractinv' -> skip.
[TCL: yosys -import] Command name collision: found pre-existing command `flatten' -> skip.
[TCL: yosys -import] Command name collision: found pre-existing command `flowmap' -> skip.
[TCL: yosys -import] Command name collision: found pre-existing command `fmcombine' -> skip.
[TCL: yosys -import] Command name collision: found pre-existing command `fminit' -> skip.
[TCL: yosys -import] Command name collision: found pre-existing command `formalff' -> skip.
[TCL: yosys -import] Command name collision: found pre-existing command `freduce' -> skip.
[TCL: yosys -import] Command name collision: found pre-existing command `fsm' -> skip.
[TCL: yosys -import] Command name collision: found pre-existing command `fsm_detect' -> skip.
[TCL: yosys -import] Command name collision: found pre-existing command `fsm_expand' -> skip.
[TCL: yosys -import] Command name collision: found pre-existing command `fsm_export' -> skip.
[TCL: yosys -import] Command name collision: found pre-existing command `fsm_extract' -> skip.
[TCL: yosys -import] Command name collision: found pre-existing command `fsm_info' -> skip.
[TCL: yosys -import] Command name collision: found pre-existing command `fsm_map' -> skip.
[TCL: yosys -import] Command name collision: found pre-existing command `fsm_opt' -> skip.
[TCL: yosys -import] Command name collision: found pre-existing command `fsm_recode' -> skip.
[TCL: yosys -import] Command name collision: found pre-existing command `fst2tb' -> skip.
[TCL: yosys -import] Command name collision: found pre-existing command `future' -> skip.
[TCL: yosys -import] Command name collision: found pre-existing command `gatemate_foldinv' -> skip.
[TCL: yosys -import] Command name collision: found pre-existing command `glift' -> skip.
[TCL: yosys -import] Command name collision: found pre-existing command `greenpak4_dffinv' -> skip.
[TCL: yosys -import] Command name collision: found pre-existing command `help' -> skip.
[TCL: yosys -import] Command name collision: found pre-existing command `hierarchy' -> skip.
[TCL: yosys -import] Command name collision: found pre-existing command `hilomap' -> skip.
[TCL: yosys -import] Command name collision: found pre-existing command `history' -> skip.
[TCL: yosys -import] Command name collision: found pre-existing command `ice40_braminit' -> skip.
[TCL: yosys -import] Command name collision: found pre-existing command `ice40_dsp' -> skip.
[TCL: yosys -import] Command name collision: found pre-existing command `ice40_opt' -> skip.
[TCL: yosys -import] Command name collision: found pre-existing command `ice40_wrapcarry' -> skip.
[TCL: yosys -import] Command name collision: found pre-existing command `insbuf' -> skip.
[TCL: yosys -import] Command name collision: found pre-existing command `iopadmap' -> skip.
[TCL: yosys -import] Command name collision: found pre-existing command `jny' -> skip.
[TCL: yosys -import] Command name collision: found pre-existing command `json' -> skip.
[TCL: yosys -import] Command name collision: found pre-existing command `lattice_gsr' -> skip.
[TCL: yosys -import] Command name collision: found pre-existing command `license' -> skip.
[TCL: yosys -import] Command name collision: found pre-existing command `log' -> skip.
[TCL: yosys -import] Command name collision: found pre-existing command `logger' -> skip.
[TCL: yosys -import] Command name collision: found pre-existing command `ls' -> skip.
[TCL: yosys -import] Command name collision: found pre-existing command `ltp' -> skip.
[TCL: yosys -import] Command name collision: found pre-existing command `lut2mux' -> skip.
[TCL: yosys -import] Command name collision: found pre-existing command `maccmap' -> skip.
[TCL: yosys -import] Command name collision: found pre-existing command `memory' -> skip.
[TCL: yosys -import] Command name collision: found pre-existing command `memory_bmux2rom' -> skip.
[TCL: yosys -import] Command name collision: found pre-existing command `memory_bram' -> skip.
[TCL: yosys -import] Command name collision: found pre-existing command `memory_collect' -> skip.
[TCL: yosys -import] Command name collision: found pre-existing command `memory_dff' -> skip.
[TCL: yosys -import] Command name collision: found pre-existing command `memory_libmap' -> skip.
[TCL: yosys -import] Command name collision: found pre-existing command `memory_map' -> skip.
[TCL: yosys -import] Command name collision: found pre-existing command `memory_memx' -> skip.
[TCL: yosys -import] Command name collision: found pre-existing command `memory_narrow' -> skip.
[TCL: yosys -import] Command name collision: found pre-existing command `memory_nordff' -> skip.
[TCL: yosys -import] Command name collision: found pre-existing command `memory_share' -> skip.
[TCL: yosys -import] Command name collision: found pre-existing command `memory_unpack' -> skip.
[TCL: yosys -import] Command name collision: found pre-existing command `miter' -> skip.
[TCL: yosys -import] Command name collision: found pre-existing command `mutate' -> skip.
[TCL: yosys -import] Command name collision: found pre-existing command `muxcover' -> skip.
[TCL: yosys -import] Command name collision: found pre-existing command `muxpack' -> skip.
[TCL: yosys -import] Command name collision: found pre-existing command `nlutmap' -> skip.
[TCL: yosys -import] Command name collision: found pre-existing command `onehot' -> skip.
[TCL: yosys -import] Command name collision: found pre-existing command `opt' -> skip.
[TCL: yosys -import] Command name collision: found pre-existing command `opt_clean' -> skip.
[TCL: yosys -import] Command name collision: found pre-existing command `opt_demorgan' -> skip.
[TCL: yosys -import] Command name collision: found pre-existing command `opt_dff' -> skip.
[TCL: yosys -import] Command name collision: found pre-existing command `opt_expr' -> skip.
[TCL: yosys -import] Command name collision: found pre-existing command `opt_ffinv' -> skip.
[TCL: yosys -import] Command name collision: found pre-existing command `opt_lut' -> skip.
[TCL: yosys -import] Command name collision: found pre-existing command `opt_lut_ins' -> skip.
[TCL: yosys -import] Command name collision: found pre-existing command `opt_mem' -> skip.
[TCL: yosys -import] Command name collision: found pre-existing command `opt_mem_feedback' -> skip.
[TCL: yosys -import] Command name collision: found pre-existing command `opt_mem_priority' -> skip.
[TCL: yosys -import] Command name collision: found pre-existing command `opt_mem_widen' -> skip.
[TCL: yosys -import] Command name collision: found pre-existing command `opt_merge' -> skip.
[TCL: yosys -import] Command name collision: found pre-existing command `opt_muxtree' -> skip.
[TCL: yosys -import] Command name collision: found pre-existing command `opt_reduce' -> skip.
[TCL: yosys -import] Command name collision: found pre-existing command `opt_share' -> skip.
[TCL: yosys -import] Command name collision: found pre-existing command `paramap' -> skip.
[TCL: yosys -import] Command name collision: found pre-existing command `peepopt' -> skip.
[TCL: yosys -import] Command name collision: found pre-existing command `plugin' -> skip.
[TCL: yosys -import] Command name collision: found pre-existing command `pmux2shiftx' -> skip.
[TCL: yosys -import] Command name collision: found pre-existing command `pmuxtree' -> skip.
[TCL: yosys -import] Command name collision: found pre-existing command `portlist' -> skip.
[TCL: yosys -import] Command name collision: found pre-existing command `prep' -> skip.
[TCL: yosys -import] Command name collision: found pre-existing command `printattrs' -> skip.
[TCL: yosys -import] Command name collision: found pre-existing command `proc' -> skip.
[TCL: yosys -import] Command name collision: found pre-existing command `proc_arst' -> skip.
[TCL: yosys -import] Command name collision: found pre-existing command `proc_clean' -> skip.
[TCL: yosys -import] Command name collision: found pre-existing command `proc_dff' -> skip.
[TCL: yosys -import] Command name collision: found pre-existing command `proc_dlatch' -> skip.
[TCL: yosys -import] Command name collision: found pre-existing command `proc_init' -> skip.
[TCL: yosys -import] Command name collision: found pre-existing command `proc_memwr' -> skip.
[TCL: yosys -import] Command name collision: found pre-existing command `proc_mux' -> skip.
[TCL: yosys -import] Command name collision: found pre-existing command `proc_prune' -> skip.
[TCL: yosys -import] Command name collision: found pre-existing command `proc_rmdead' -> skip.
[TCL: yosys -import] Command name collision: found pre-existing command `proc_rom' -> skip.
[TCL: yosys -import] Command name collision: found pre-existing command `qbfsat' -> skip.
[TCL: yosys -import] Command name collision: found pre-existing command `ql_bram_merge' -> skip.
[TCL: yosys -import] Command name collision: found pre-existing command `ql_bram_types' -> skip.
[TCL: yosys -import] Command name collision: found pre-existing command `ql_dsp_io_regs' -> skip.
[TCL: yosys -import] Command name collision: found pre-existing command `ql_dsp_macc' -> skip.
[TCL: yosys -import] Command name collision: found pre-existing command `ql_dsp_simd' -> skip.
[TCL: yosys -import] Command name collision: found pre-existing command `qwp' -> skip.
[TCL: yosys -import] Command name collision: found pre-existing command `read' -> skip.
[TCL: yosys -import] Command name collision: found pre-existing command `read_aiger' -> skip.
[TCL: yosys -import] Command name collision: found pre-existing command `read_blif' -> skip.
[TCL: yosys -import] Command name collision: found pre-existing command `read_ilang' -> skip.
[TCL: yosys -import] Command name collision: found pre-existing command `read_json' -> skip.
[TCL: yosys -import] Command name collision: found pre-existing command `read_liberty' -> skip.
[TCL: yosys -import] Command name collision: found pre-existing command `read_rtlil' -> skip.
[TCL: yosys -import] Command name collision: found pre-existing command `read_verilog' -> skip.
[TCL: yosys -import] Command name collision: found pre-existing command `recover_names' -> skip.
[TCL: yosys -import] Command name collision: found pre-existing command `rename' -> skip.
[TCL: yosys -import] Command name collision: found pre-existing command `rmports' -> skip.
[TCL: yosys -import] Command name collision: found pre-existing command `sat' -> skip.
[TCL: yosys -import] Command name collision: found pre-existing command `scatter' -> skip.
[TCL: yosys -import] Command name collision: found pre-existing command `scc' -> skip.
[TCL: yosys -import] Command name collision: found pre-existing command `scratchpad' -> skip.
[TCL: yosys -import] Command name collision: found pre-existing command `script' -> skip.
[TCL: yosys -import] Command name collision: found pre-existing command `select' -> skip.
[TCL: yosys -import] Command name collision: found pre-existing command `setattr' -> skip.
[TCL: yosys -import] Command name collision: found pre-existing command `setparam' -> skip.
[TCL: yosys -import] Command name collision: found pre-existing command `setundef' -> skip.
[TCL: yosys -import] Command name collision: found pre-existing command `share' -> skip.
[TCL: yosys -import] Command name collision: found pre-existing command `shell' -> skip.
[TCL: yosys -import] Command name collision: found pre-existing command `show' -> skip.
[TCL: yosys -import] Command name collision: found pre-existing command `shregmap' -> skip.
[TCL: yosys -import] Command name collision: found pre-existing command `sim' -> skip.
[TCL: yosys -import] Command name collision: found pre-existing command `simplemap' -> skip.
[TCL: yosys -import] Command name collision: found pre-existing command `splice' -> skip.
[TCL: yosys -import] Command name collision: found pre-existing command `splitcells' -> skip.
[TCL: yosys -import] Command name collision: found pre-existing command `splitnets' -> skip.
[TCL: yosys -import] Command name collision: found pre-existing command `sta' -> skip.
[TCL: yosys -import] Command name collision: found pre-existing command `stat' -> skip.
[TCL: yosys -import] Command name collision: found pre-existing command `submod' -> skip.
[TCL: yosys -import] Command name collision: found pre-existing command `supercover' -> skip.
[TCL: yosys -import] Command name collision: found pre-existing command `synth' -> skip.
[TCL: yosys -import] Command name collision: found pre-existing command `synth_achronix' -> skip.
[TCL: yosys -import] Command name collision: found pre-existing command `synth_anlogic' -> skip.
[TCL: yosys -import] Command name collision: found pre-existing command `synth_coolrunner2' -> skip.
[TCL: yosys -import] Command name collision: found pre-existing command `synth_easic' -> skip.
[TCL: yosys -import] Command name collision: found pre-existing command `synth_ecp5' -> skip.
[TCL: yosys -import] Command name collision: found pre-existing command `synth_efinix' -> skip.
[TCL: yosys -import] Command name collision: found pre-existing command `synth_fabulous' -> skip.
[TCL: yosys -import] Command name collision: found pre-existing command `synth_gatemate' -> skip.
[TCL: yosys -import] Command name collision: found pre-existing command `synth_gowin' -> skip.
[TCL: yosys -import] Command name collision: found pre-existing command `synth_greenpak4' -> skip.
[TCL: yosys -import] Command name collision: found pre-existing command `synth_ice40' -> skip.
[TCL: yosys -import] Command name collision: found pre-existing command `synth_intel' -> skip.
[TCL: yosys -import] Command name collision: found pre-existing command `synth_intel_alm' -> skip.
[TCL: yosys -import] Command name collision: found pre-existing command `synth_lattice' -> skip.
[TCL: yosys -import] Command name collision: found pre-existing command `synth_nexus' -> skip.
[TCL: yosys -import] Command name collision: found pre-existing command `synth_quicklogic' -> skip.
[TCL: yosys -import] Command name collision: found pre-existing command `synth_sf2' -> skip.
[TCL: yosys -import] Command name collision: found pre-existing command `synth_xilinx' -> skip.
[TCL: yosys -import] Command name collision: found pre-existing command `synthprop' -> skip.
[TCL: yosys -import] Command name collision: found pre-existing command `tcl' -> skip.
[TCL: yosys -import] Command name collision: found pre-existing command `techmap' -> skip.
[TCL: yosys -import] Command name collision: found pre-existing command `tee' -> skip.
[TCL: yosys -import] Command name collision: found pre-existing command `test_abcloop' -> skip.
[TCL: yosys -import] Command name collision: found pre-existing command `test_autotb' -> skip.
[TCL: yosys -import] Command name collision: found pre-existing command `test_cell' -> skip.
[TCL: yosys -import] Command name collision: found pre-existing command `test_pmgen' -> skip.
[TCL: yosys -import] Command name collision: found pre-existing command `torder' -> skip.
[TCL: yosys -import] Command name collision: found pre-existing command `trace' -> skip.
[TCL: yosys -import] Command name collision: found pre-existing command `tribuf' -> skip.
[TCL: yosys -import] Command name collision: found pre-existing command `uniquify' -> skip.
[TCL: yosys -import] Command name collision: found pre-existing command `verific' -> skip.
[TCL: yosys -import] Command name collision: found pre-existing command `verilog_defaults' -> skip.
[TCL: yosys -import] Command name collision: found pre-existing command `verilog_defines' -> skip.
[TCL: yosys -import] Command name collision: found pre-existing command `viz' -> skip.
[TCL: yosys -import] Command name collision: found pre-existing command `wbflip' -> skip.
[TCL: yosys -import] Command name collision: found pre-existing command `wreduce' -> skip.
[TCL: yosys -import] Command name collision: found pre-existing command `write_aiger' -> skip.
[TCL: yosys -import] Command name collision: found pre-existing command `write_blif' -> skip.
[TCL: yosys -import] Command name collision: found pre-existing command `write_btor' -> skip.
[TCL: yosys -import] Command name collision: found pre-existing command `write_cxxrtl' -> skip.
[TCL: yosys -import] Command name collision: found pre-existing command `write_edif' -> skip.
[TCL: yosys -import] Command name collision: found pre-existing command `write_file' -> skip.
[TCL: yosys -import] Command name collision: found pre-existing command `write_firrtl' -> skip.
[TCL: yosys -import] Command name collision: found pre-existing command `write_ilang' -> skip.
[TCL: yosys -import] Command name collision: found pre-existing command `write_intersynth' -> skip.
[TCL: yosys -import] Command name collision: found pre-existing command `write_jny' -> skip.
[TCL: yosys -import] Command name collision: found pre-existing command `write_json' -> skip.
[TCL: yosys -import] Command name collision: found pre-existing command `write_rtlil' -> skip.
[TCL: yosys -import] Command name collision: found pre-existing command `write_simplec' -> skip.
[TCL: yosys -import] Command name collision: found pre-existing command `write_smt2' -> skip.
[TCL: yosys -import] Command name collision: found pre-existing command `write_smv' -> skip.
[TCL: yosys -import] Command name collision: found pre-existing command `write_spice' -> skip.
[TCL: yosys -import] Command name collision: found pre-existing command `write_table' -> skip.
[TCL: yosys -import] Command name collision: found pre-existing command `write_verilog' -> skip.
[TCL: yosys -import] Command name collision: found pre-existing command `write_xaiger' -> skip.
[TCL: yosys -import] Command name collision: found pre-existing command `xilinx_dffopt' -> skip.
[TCL: yosys -import] Command name collision: found pre-existing command `xilinx_dsp' -> skip.
[TCL: yosys -import] Command name collision: found pre-existing command `xilinx_srl' -> skip.
[TCL: yosys -import] Command name collision: found pre-existing command `xprop' -> skip.
[TCL: yosys -import] Command name collision: found pre-existing command `zinit' -> skip.

5. Executing SYNTH pass.

5.1. Executing PROC pass (convert processes to netlists).

5.1.1. Executing PROC_CLEAN pass (remove empty switches from decision trees).
Cleaned up 0 empty switches.

5.1.2. Executing PROC_RMDEAD pass (remove dead branches from decision trees).
Removed a total of 0 dead cases.

5.1.3. Executing PROC_PRUNE pass (remove redundant assignments in processes).
Removed 0 redundant assignments.
Promoted 1 assignment to connection.

5.1.4. Executing PROC_INIT pass (extract init attributes).

5.1.5. Executing PROC_ARST pass (detect async resets in processes).

5.1.6. Executing PROC_ROM pass (convert switches to ROMs).
Converted 0 switches.

5.1.7. Executing PROC_MUX pass (convert decision trees to multiplexers).
Creating decoders for process `\adder.$proc$/workspace/prga_physical/prga/examples/app/8bitadd/src/adder.v:16$259'.

5.1.8. Executing PROC_DLATCH pass (convert process syncs to latches).

5.1.9. Executing PROC_DFF pass (convert process syncs to FFs).
Creating register for signal `\adder.\out' using process `\adder.$proc$/workspace/prga_physical/prga/examples/app/8bitadd/src/adder.v:16$259'.
  created $dff cell `$procdff$261' with positive edge clock.

5.1.10. Executing PROC_MEMWR pass (convert process memory writes to cells).

5.1.11. Executing PROC_CLEAN pass (remove empty switches from decision trees).
Removing empty process `adder.$proc$/workspace/prga_physical/prga/examples/app/8bitadd/src/adder.v:16$259'.
Cleaned up 0 empty switches.

5.1.12. Executing OPT_EXPR pass (perform const folding).
Optimizing module adder.

5.2. Executing FLATTEN pass (flatten design).

5.3. Executing OPT_EXPR pass (perform const folding).
Optimizing module adder.

5.4. Executing OPT_CLEAN pass (remove unused cells and wires).
Finding unused cells or wires in module \adder..
Removed 0 unused cells and 1 unused wires.
<suppressed ~1 debug messages>

5.5. Executing CHECK pass (checking for obvious problems).
Checking module adder...
Found and reported 0 problems.

5.6. Executing OPT pass (performing simple optimizations).

5.6.1. Executing OPT_EXPR pass (perform const folding).
Optimizing module adder.

5.6.2. Executing OPT_MERGE pass (detect identical cells).
Finding identical cells in module `\adder'.
Removed a total of 0 cells.

5.6.3. Executing OPT_MUXTREE pass (detect dead branches in mux trees).
Running muxtree optimizer on module \adder..
  Creating internal representation of mux trees.
  No muxes found in this module.
Removed 0 multiplexer ports.

5.6.4. Executing OPT_REDUCE pass (consolidate $*mux and $reduce_* inputs).
  Optimizing cells in module \adder.
Performed a total of 0 changes.

5.6.5. Executing OPT_MERGE pass (detect identical cells).
Finding identical cells in module `\adder'.
Removed a total of 0 cells.

5.6.6. Executing OPT_DFF pass (perform DFF optimizations).

5.6.7. Executing OPT_CLEAN pass (remove unused cells and wires).
Finding unused cells or wires in module \adder..

5.6.8. Executing OPT_EXPR pass (perform const folding).
Optimizing module adder.

5.6.9. Finished OPT passes. (There is nothing left to do.)

5.7. Executing FSM pass (extract and optimize FSM).

5.7.1. Executing FSM_DETECT pass (finding FSMs in design).

5.7.2. Executing FSM_EXTRACT pass (extracting FSM from design).

5.7.3. Executing FSM_OPT pass (simple optimizations of FSMs).

5.7.4. Executing OPT_CLEAN pass (remove unused cells and wires).
Finding unused cells or wires in module \adder..

5.7.5. Executing FSM_OPT pass (simple optimizations of FSMs).

5.7.6. Executing FSM_RECODE pass (re-assigning FSM state encoding).

5.7.7. Executing FSM_INFO pass (dumping all available information on FSM cells).

5.7.8. Executing FSM_MAP pass (mapping FSMs to basic logic).

5.8. Executing OPT pass (performing simple optimizations).

5.8.1. Executing OPT_EXPR pass (perform const folding).
Optimizing module adder.

5.8.2. Executing OPT_MERGE pass (detect identical cells).
Finding identical cells in module `\adder'.
Removed a total of 0 cells.

5.8.3. Executing OPT_MUXTREE pass (detect dead branches in mux trees).
Running muxtree optimizer on module \adder..
  Creating internal representation of mux trees.
  No muxes found in this module.
Removed 0 multiplexer ports.

5.8.4. Executing OPT_REDUCE pass (consolidate $*mux and $reduce_* inputs).
  Optimizing cells in module \adder.
Performed a total of 0 changes.

5.8.5. Executing OPT_MERGE pass (detect identical cells).
Finding identical cells in module `\adder'.
Removed a total of 0 cells.

5.8.6. Executing OPT_DFF pass (perform DFF optimizations).

5.8.7. Executing OPT_CLEAN pass (remove unused cells and wires).
Finding unused cells or wires in module \adder..

5.8.8. Executing OPT_EXPR pass (perform const folding).
Optimizing module adder.

5.8.9. Finished OPT passes. (There is nothing left to do.)

5.9. Executing WREDUCE pass (reducing word size of cells).
Removed top 14 bits (of 15) from port B of cell adder.$add$/workspace/prga_physical/prga/examples/app/8bitadd/src/adder.v:17$260 ($add).

5.10. Executing PEEPOPT pass (run peephole optimizers).

5.11. Executing OPT_CLEAN pass (remove unused cells and wires).
Finding unused cells or wires in module \adder..

5.12. Executing SHARE pass (SAT-based resource sharing).

5.13. Executing OPT pass (performing simple optimizations).

5.13.1. Executing OPT_EXPR pass (perform const folding).
Optimizing module adder.

5.13.2. Executing OPT_MERGE pass (detect identical cells).
Finding identical cells in module `\adder'.
Removed a total of 0 cells.

5.13.3. Executing OPT_MUXTREE pass (detect dead branches in mux trees).
Running muxtree optimizer on module \adder..
  Creating internal representation of mux trees.
  No muxes found in this module.
Removed 0 multiplexer ports.

5.13.4. Executing OPT_REDUCE pass (consolidate $*mux and $reduce_* inputs).
  Optimizing cells in module \adder.
Performed a total of 0 changes.

5.13.5. Executing OPT_MERGE pass (detect identical cells).
Finding identical cells in module `\adder'.
Removed a total of 0 cells.

5.13.6. Executing OPT_DFF pass (perform DFF optimizations).

5.13.7. Executing OPT_CLEAN pass (remove unused cells and wires).
Finding unused cells or wires in module \adder..

5.13.8. Executing OPT_EXPR pass (perform const folding).
Optimizing module adder.

5.13.9. Finished OPT passes. (There is nothing left to do.)

5.14. Executing MEMORY pass.

5.14.1. Executing OPT_MEM pass (optimize memories).
Performed a total of 0 transformations.

5.14.2. Executing OPT_MEM_PRIORITY pass (removing unnecessary memory write priority relations).
Performed a total of 0 transformations.

5.14.3. Executing OPT_MEM_FEEDBACK pass (finding memory read-to-write feedback paths).

5.14.4. Executing MEMORY_BMUX2ROM pass (converting muxes to ROMs).

5.14.5. Executing MEMORY_DFF pass (merging $dff cells to $memrd).

5.14.6. Executing OPT_CLEAN pass (remove unused cells and wires).
Finding unused cells or wires in module \adder..

5.14.7. Executing MEMORY_SHARE pass (consolidating $memrd/$memwr cells).

5.14.8. Executing OPT_MEM_WIDEN pass (optimize memories where all ports are wide).
Performed a total of 0 transformations.

5.14.9. Executing OPT_CLEAN pass (remove unused cells and wires).
Finding unused cells or wires in module \adder..

5.14.10. Executing MEMORY_COLLECT pass (generating $mem cells).

5.15. Executing OPT_CLEAN pass (remove unused cells and wires).
Finding unused cells or wires in module \adder..

6. Printing statistics.

=== adder ===

   Number of wires:                  6
   Number of wire bits:             64
   Number of public wires:           5
   Number of public wire bits:      48
   Number of ports:                  3
   Number of port bits:             18
   Number of memories:               0
   Number of memory bits:            0
   Number of processes:              0
   Number of cells:                  2
     $add_16                         1
     $dff_16                         1

7. Executing MEMORY_BRAM pass (mapping $mem cells to block memories).

8. Executing TECHMAP pass (map to technology primitives).

8.1. Executing Verilog-2005 frontend: /workspace/prga_physical/prga/examples/fpga/scanchain/fle6_N2_mem2K_8x8/syn/memory.techmap.v
Parsing Verilog input from `/workspace/prga_physical/prga/examples/fpga/scanchain/fle6_N2_mem2K_8x8/syn/memory.techmap.v' to AST representation.
Generating RTLIL representation for module `\_mmap__ram_1r1w_a8d8_'.
Successfully finished Verilog frontend.

8.2. Continuing TECHMAP pass.
No more expansions possible.
<suppressed ~3 debug messages>

9. Executing OPT pass (performing simple optimizations).

9.1. Executing OPT_EXPR pass (perform const folding).
Optimizing module adder.

9.2. Executing OPT_MERGE pass (detect identical cells).
Finding identical cells in module `\adder'.
Removed a total of 0 cells.

9.3. Executing OPT_MUXTREE pass (detect dead branches in mux trees).
Running muxtree optimizer on module \adder..
  Creating internal representation of mux trees.
  No muxes found in this module.
Removed 0 multiplexer ports.

9.4. Executing OPT_REDUCE pass (consolidate $*mux and $reduce_* inputs).
  Optimizing cells in module \adder.
Performed a total of 0 changes.

9.5. Executing OPT_MERGE pass (detect identical cells).
Finding identical cells in module `\adder'.
Removed a total of 0 cells.

9.6. Executing OPT_SHARE pass.

9.7. Executing OPT_DFF pass (perform DFF optimizations).

9.8. Executing OPT_CLEAN pass (remove unused cells and wires).
Finding unused cells or wires in module \adder..

9.9. Executing OPT_EXPR pass (perform const folding).
Optimizing module adder.

9.10. Finished OPT passes. (There is nothing left to do.)

10. Executing MEMORY_MAP pass (converting memories to logic and flip-flops).

11. Printing statistics.

=== adder ===

   Number of wires:                  6
   Number of wire bits:             64
   Number of public wires:           5
   Number of public wire bits:      48
   Number of ports:                  3
   Number of port bits:             18
   Number of memories:               0
   Number of memory bits:            0
   Number of processes:              0
   Number of cells:                  2
     $add_16                         1
     $dff_16                         1

12. Executing TECHMAP pass (map to technology primitives).

12.1. Executing Verilog-2005 frontend: /workspace/prga_physical/prga/examples/fpga/scanchain/fle6_N2_mem2K_8x8/syn/m_adder.techmap.v
Parsing Verilog input from `/workspace/prga_physical/prga/examples/fpga/scanchain/fle6_N2_mem2K_8x8/syn/m_adder.techmap.v' to AST representation.
Generating RTLIL representation for module `\$add'.
Generating RTLIL representation for module `\$sub'.
Generating RTLIL representation for module `\_cmp_'.
Generating RTLIL representation for module `\$lt'.
Generating RTLIL representation for module `\$gt'.
Generating RTLIL representation for module `\$le'.
Generating RTLIL representation for module `\$ge'.
Successfully finished Verilog frontend.

12.2. Continuing TECHMAP pass.
Using template $paramod$afd5dba8a212c7808f53e3850a5591fb0ed5c622\$add for cells of type $add.
No more expansions possible.
<suppressed ~29 debug messages>

13. Executing OPT pass (performing simple optimizations).

13.1. Executing OPT_EXPR pass (perform const folding).
Optimizing module adder.
<suppressed ~10 debug messages>

13.2. Executing OPT_MERGE pass (detect identical cells).
Finding identical cells in module `\adder'.
Removed a total of 0 cells.

13.3. Executing OPT_MUXTREE pass (detect dead branches in mux trees).
Running muxtree optimizer on module \adder..
  Creating internal representation of mux trees.
  No muxes found in this module.
Removed 0 multiplexer ports.

13.4. Executing OPT_REDUCE pass (consolidate $*mux and $reduce_* inputs).
  Optimizing cells in module \adder.
Performed a total of 0 changes.

13.5. Executing OPT_MERGE pass (detect identical cells).
Finding identical cells in module `\adder'.
Removed a total of 0 cells.

13.6. Executing OPT_SHARE pass.

13.7. Executing OPT_DFF pass (perform DFF optimizations).

13.8. Executing OPT_CLEAN pass (remove unused cells and wires).
Finding unused cells or wires in module \adder..
Removed 0 unused cells and 9 unused wires.
<suppressed ~2 debug messages>

13.9. Executing OPT_EXPR pass (perform const folding).
Optimizing module adder.

13.10. Rerunning OPT passes. (Maybe there is more to do..)

13.11. Executing OPT_MUXTREE pass (detect dead branches in mux trees).
Running muxtree optimizer on module \adder..
  Creating internal representation of mux trees.
  No muxes found in this module.
Removed 0 multiplexer ports.

13.12. Executing OPT_REDUCE pass (consolidate $*mux and $reduce_* inputs).
  Optimizing cells in module \adder.
Performed a total of 0 changes.

13.13. Executing OPT_MERGE pass (detect identical cells).
Finding identical cells in module `\adder'.
Removed a total of 0 cells.

13.14. Executing OPT_SHARE pass.

13.15. Executing OPT_DFF pass (perform DFF optimizations).

13.16. Executing OPT_CLEAN pass (remove unused cells and wires).
Finding unused cells or wires in module \adder..

13.17. Executing OPT_EXPR pass (perform const folding).
Optimizing module adder.

13.18. Finished OPT passes. (There is nothing left to do.)

14. Printing statistics.

=== adder ===

   Number of wires:                  7
   Number of wire bits:             80
   Number of public wires:           5
   Number of public wire bits:      48
   Number of ports:                  3
   Number of port bits:             18
   Number of memories:               0
   Number of memory bits:            0
   Number of processes:              0
   Number of cells:                 17
     $dff_16                         1
     m_adder                        16

15. Executing TECHMAP pass (map to technology primitives).

15.1. Executing Verilog-2005 frontend: /workspace/prga_physical/prga/local/bin/../share/yosys/techmap.v
Parsing Verilog input from `/workspace/prga_physical/prga/local/bin/../share/yosys/techmap.v' to AST representation.
Generating RTLIL representation for module `\_90_simplemap_bool_ops'.
Generating RTLIL representation for module `\_90_simplemap_reduce_ops'.
Generating RTLIL representation for module `\_90_simplemap_logic_ops'.
Generating RTLIL representation for module `\_90_simplemap_compare_ops'.
Generating RTLIL representation for module `\_90_simplemap_various'.
Generating RTLIL representation for module `\_90_simplemap_registers'.
Generating RTLIL representation for module `\_90_shift_ops_shr_shl_sshl_sshr'.
Generating RTLIL representation for module `\_90_shift_shiftx'.
Generating RTLIL representation for module `\_90_fa'.
Generating RTLIL representation for module `\_90_lcu_brent_kung'.
Generating RTLIL representation for module `\_90_alu'.
Generating RTLIL representation for module `\_90_macc'.
Generating RTLIL representation for module `\_90_alumacc'.
Generating RTLIL representation for module `\$__div_mod_u'.
Generating RTLIL representation for module `\$__div_mod_trunc'.
Generating RTLIL representation for module `\_90_div'.
Generating RTLIL representation for module `\_90_mod'.
Generating RTLIL representation for module `\$__div_mod_floor'.
Generating RTLIL representation for module `\_90_divfloor'.
Generating RTLIL representation for module `\_90_modfloor'.
Generating RTLIL representation for module `\_90_pow'.
Generating RTLIL representation for module `\_90_pmux'.
Generating RTLIL representation for module `\_90_demux'.
Generating RTLIL representation for module `\_90_lut'.
Successfully finished Verilog frontend.

15.2. Continuing TECHMAP pass.
Using extmapper simplemap for cells of type $dff.
No more expansions possible.
<suppressed ~74 debug messages>

16. Executing ABC9 pass.

16.1. Executing ABC9_OPS pass (helper functions for ABC9).

16.2. Executing ABC9_OPS pass (helper functions for ABC9).

16.3. Executing SCC pass (detecting logic loops).
Found 0 SCCs in module adder.
Found 0 SCCs.

16.4. Executing ABC9_OPS pass (helper functions for ABC9).

16.5. Executing PROC pass (convert processes to netlists).

16.5.1. Executing PROC_CLEAN pass (remove empty switches from decision trees).
Cleaned up 0 empty switches.

16.5.2. Executing PROC_RMDEAD pass (remove dead branches from decision trees).
Removed a total of 0 dead cases.

16.5.3. Executing PROC_PRUNE pass (remove redundant assignments in processes).
Removed 0 redundant assignments.
Promoted 0 assignments to connections.

16.5.4. Executing PROC_INIT pass (extract init attributes).

16.5.5. Executing PROC_ARST pass (detect async resets in processes).

16.5.6. Executing PROC_ROM pass (convert switches to ROMs).
Converted 0 switches.

16.5.7. Executing PROC_MUX pass (convert decision trees to multiplexers).

16.5.8. Executing PROC_DLATCH pass (convert process syncs to latches).

16.5.9. Executing PROC_DFF pass (convert process syncs to FFs).

16.5.10. Executing PROC_MEMWR pass (convert process memory writes to cells).

16.5.11. Executing PROC_CLEAN pass (remove empty switches from decision trees).
Cleaned up 0 empty switches.

16.5.12. Executing OPT_EXPR pass (perform const folding).

16.6. Executing TECHMAP pass (map to technology primitives).

16.6.1. Executing Verilog-2005 frontend: /workspace/prga_physical/prga/local/bin/../share/yosys/techmap.v
Parsing Verilog input from `/workspace/prga_physical/prga/local/bin/../share/yosys/techmap.v' to AST representation.
Generating RTLIL representation for module `\_90_simplemap_bool_ops'.
Generating RTLIL representation for module `\_90_simplemap_reduce_ops'.
Generating RTLIL representation for module `\_90_simplemap_logic_ops'.
Generating RTLIL representation for module `\_90_simplemap_compare_ops'.
Generating RTLIL representation for module `\_90_simplemap_various'.
Generating RTLIL representation for module `\_90_simplemap_registers'.
Generating RTLIL representation for module `\_90_shift_ops_shr_shl_sshl_sshr'.
Generating RTLIL representation for module `\_90_shift_shiftx'.
Generating RTLIL representation for module `\_90_fa'.
Generating RTLIL representation for module `\_90_lcu_brent_kung'.
Generating RTLIL representation for module `\_90_alu'.
Generating RTLIL representation for module `\_90_macc'.
Generating RTLIL representation for module `\_90_alumacc'.
Generating RTLIL representation for module `\$__div_mod_u'.
Generating RTLIL representation for module `\$__div_mod_trunc'.
Generating RTLIL representation for module `\_90_div'.
Generating RTLIL representation for module `\_90_mod'.
Generating RTLIL representation for module `\$__div_mod_floor'.
Generating RTLIL representation for module `\_90_divfloor'.
Generating RTLIL representation for module `\_90_modfloor'.
Generating RTLIL representation for module `\_90_pow'.
Generating RTLIL representation for module `\_90_pmux'.
Generating RTLIL representation for module `\_90_demux'.
Generating RTLIL representation for module `\_90_lut'.
Successfully finished Verilog frontend.

16.6.2. Continuing TECHMAP pass.
No more expansions possible.
<suppressed ~76 debug messages>

16.7. Executing OPT pass (performing simple optimizations).

16.7.1. Executing OPT_EXPR pass (perform const folding).

16.7.2. Executing OPT_MERGE pass (detect identical cells).
Removed a total of 0 cells.

16.7.3. Executing OPT_MUXTREE pass (detect dead branches in mux trees).
Removed 0 multiplexer ports.

16.7.4. Executing OPT_REDUCE pass (consolidate $*mux and $reduce_* inputs).
Performed a total of 0 changes.

16.7.5. Executing OPT_MERGE pass (detect identical cells).
Removed a total of 0 cells.

16.7.6. Executing OPT_DFF pass (perform DFF optimizations).

16.7.7. Executing OPT_CLEAN pass (remove unused cells and wires).

16.7.8. Executing OPT_EXPR pass (perform const folding).

16.7.9. Finished OPT passes. (There is nothing left to do.)

16.8. Executing TECHMAP pass (map to technology primitives).

16.8.1. Executing Verilog-2005 frontend: /workspace/prga_physical/prga/local/bin/../share/yosys/abc9_map.v
Parsing Verilog input from `/workspace/prga_physical/prga/local/bin/../share/yosys/abc9_map.v' to AST representation.
Successfully finished Verilog frontend.

16.8.2. Continuing TECHMAP pass.
No more expansions possible.
<suppressed ~2 debug messages>

16.9. Executing Verilog-2005 frontend: /workspace/prga_physical/prga/local/bin/../share/yosys/abc9_model.v
Parsing Verilog input from `/workspace/prga_physical/prga/local/bin/../share/yosys/abc9_model.v' to AST representation.
Generating RTLIL representation for module `$__ABC9_DELAY'.
Generating RTLIL representation for module `$__ABC9_SCC_BREAKER'.
Generating RTLIL representation for module `$__DFF_N__$abc9_flop'.
Generating RTLIL representation for module `$__DFF_P__$abc9_flop'.
Successfully finished Verilog frontend.

16.10. Executing ABC9_OPS pass (helper functions for ABC9).

16.11. Executing ABC9_OPS pass (helper functions for ABC9).
<suppressed ~2 debug messages>

16.12. Executing AIGMAP pass (map logic to AIG).
Module adder: replaced 0 cells with 0 new cells, skipped 32 cells.
  not replaced 2 cell types:
      16 $_DFF_P_
      16 m_adder

16.12.1. Executing ABC9_OPS pass (helper functions for ABC9).

16.12.2. Executing XAIGER backend.
<suppressed ~5 debug messages>
Extracted 0 AND gates and 52 wires from module `adder' to a netlist network with 49 inputs and 49 outputs.

16.12.3. Executing ABC9_EXE pass (technology mapping using ABC9).

16.12.4. Executing ABC9.
Running ABC command: "<yosys-exe-dir>/yosys-abc" -s -f <abc-temp-dir>/abc.script 2>&1
ABC: ABC command line: "source <abc-temp-dir>/abc.script".
ABC: 
ABC: + read_lut <abc-temp-dir>/lutdefs.txt 
ABC: + read_box <abc-temp-dir>/input.box 
ABC: + &read <abc-temp-dir>/input.xaig 
ABC: + &ps 
ABC: <abc-temp-dir>/input : i/o =     49/     49  and =       0  lev =    0 (0.00)  mem = 0.00 MB  box = 0  bb = 0
ABC: + &scorr 
ABC: Warning: The network is combinational.
ABC: + &sweep 
ABC: + &dc2 
ABC: + &dch -f 
ABC: + &ps 
ABC: <abc-temp-dir>/input : i/o =     49/     49  and =       0  lev =    0 (0.00)  mem = 0.00 MB  ch =    0  box = 0  bb = 0
ABC: + &if -v 
ABC: K = 5. Memory (bytes): Truth =    0. Cut =   56. Obj =  140. Set =  600. CutMin = no
ABC: Node =       0.  Ch =     0.  Total mem =    0.01 MB. Peak cut mem =    0.00 MB.
ABC: P:  Del =    0.00.  Ar =       0.0.  Edge =        0.  Cut =        0.  T =     0.00 sec
ABC: P:  Del =    0.00.  Ar =       0.0.  Edge =        0.  Cut =        0.  T =     0.00 sec
ABC: P:  Del =    0.00.  Ar =       0.0.  Edge =        0.  Cut =        0.  T =     0.00 sec
ABC: F:  Del =    0.00.  Ar =       0.0.  Edge =        0.  Cut =        0.  T =     0.00 sec
ABC: A:  Del =    0.00.  Ar =       0.0.  Edge =        0.  Cut =        0.  T =     0.00 sec
ABC: A:  Del =    0.00.  Ar =       0.0.  Edge =        0.  Cut =        0.  T =     0.00 sec
ABC: Total time =     0.00 sec
ABC: + &write -n <abc-temp-dir>/output.aig 
ABC: + &mfs 
ABC: The network is not changed by "&mfs".
ABC: + &ps -l 
ABC: <abc-temp-dir>/input : i/o =     49/     49  and =       0  lev =    0 (0.00)  mem = 0.00 MB  box = 0  bb = 0
ABC: Mapping (K=0)  :  lut =      0  edge =       0  lev =    0 (0.00)  mem = 0.00 MB
ABC: LUT = 0 : Ave = 0.00
ABC: + &write -n <abc-temp-dir>/output.aig 
ABC: + time 
ABC: elapse: 0.00 seconds, total: 0.00 seconds

16.12.5. Executing AIGER frontend.
<suppressed ~204 debug messages>
Removed 0 unused cells and 128 unused wires.

16.12.6. Executing ABC9_OPS pass (helper functions for ABC9).
ABC RESULTS:           input signals:        1
ABC RESULTS:          output signals:        5
Removing temp directory.

16.13. Executing TECHMAP pass (map to technology primitives).

16.13.1. Executing Verilog-2005 frontend: /workspace/prga_physical/prga/local/bin/../share/yosys/abc9_unmap.v
Parsing Verilog input from `/workspace/prga_physical/prga/local/bin/../share/yosys/abc9_unmap.v' to AST representation.
Generating RTLIL representation for module `\$__DFF_x__$abc9_flop'.
Generating RTLIL representation for module `\$__ABC9_SCC_BREAKER'.
Successfully finished Verilog frontend.

16.13.2. Continuing TECHMAP pass.
No more expansions possible.
<suppressed ~5 debug messages>

17. Executing OPT pass (performing simple optimizations).

17.1. Executing OPT_EXPR pass (perform const folding).
Optimizing module adder.

17.2. Executing OPT_MERGE pass (detect identical cells).
Finding identical cells in module `\adder'.
Removed a total of 0 cells.

17.3. Executing OPT_MUXTREE pass (detect dead branches in mux trees).
Running muxtree optimizer on module \adder..
  Creating internal representation of mux trees.
  No muxes found in this module.
Removed 0 multiplexer ports.

17.4. Executing OPT_REDUCE pass (consolidate $*mux and $reduce_* inputs).
  Optimizing cells in module \adder.
Performed a total of 0 changes.

17.5. Executing OPT_MERGE pass (detect identical cells).
Finding identical cells in module `\adder'.
Removed a total of 0 cells.

17.6. Executing OPT_SHARE pass.

17.7. Executing OPT_DFF pass (perform DFF optimizations).

17.8. Executing OPT_CLEAN pass (remove unused cells and wires).
Finding unused cells or wires in module \adder..
Removed 0 unused cells and 21 unused wires.
<suppressed ~1 debug messages>

17.9. Executing OPT_EXPR pass (perform const folding).
Optimizing module adder.

17.10. Rerunning OPT passes. (Maybe there is more to do..)

17.11. Executing OPT_MUXTREE pass (detect dead branches in mux trees).
Running muxtree optimizer on module \adder..
  Creating internal representation of mux trees.
  No muxes found in this module.
Removed 0 multiplexer ports.

17.12. Executing OPT_REDUCE pass (consolidate $*mux and $reduce_* inputs).
  Optimizing cells in module \adder.
Performed a total of 0 changes.

17.13. Executing OPT_MERGE pass (detect identical cells).
Finding identical cells in module `\adder'.
Removed a total of 0 cells.

17.14. Executing OPT_SHARE pass.

17.15. Executing OPT_DFF pass (perform DFF optimizations).

17.16. Executing OPT_CLEAN pass (remove unused cells and wires).
Finding unused cells or wires in module \adder..

17.17. Executing OPT_EXPR pass (perform const folding).
Optimizing module adder.

17.18. Finished OPT passes. (There is nothing left to do.)

18. Printing statistics.

=== adder ===

   Number of wires:                  8
   Number of wire bits:             95
   Number of public wires:           5
   Number of public wire bits:      48
   Number of ports:                  3
   Number of port bits:             18
   Number of memories:               0
   Number of memory bits:            0
   Number of processes:              0
   Number of cells:                 32
     $_DFF_P_                       16
     m_adder                        16

19. Executing OPT pass (performing simple optimizations).

19.1. Executing OPT_EXPR pass (perform const folding).
Optimizing module adder.

19.2. Executing OPT_MERGE pass (detect identical cells).
Finding identical cells in module `\adder'.
Removed a total of 0 cells.

19.3. Executing OPT_MUXTREE pass (detect dead branches in mux trees).
Running muxtree optimizer on module \adder..
  Creating internal representation of mux trees.
  No muxes found in this module.
Removed 0 multiplexer ports.

19.4. Executing OPT_REDUCE pass (consolidate $*mux and $reduce_* inputs).
  Optimizing cells in module \adder.
Performed a total of 0 changes.

19.5. Executing OPT_MERGE pass (detect identical cells).
Finding identical cells in module `\adder'.
Removed a total of 0 cells.

19.6. Executing OPT_SHARE pass.

19.7. Executing OPT_DFF pass (perform DFF optimizations).

19.8. Executing OPT_CLEAN pass (remove unused cells and wires).
Finding unused cells or wires in module \adder..

19.9. Executing OPT_EXPR pass (perform const folding).
Optimizing module adder.

19.10. Finished OPT passes. (There is nothing left to do.)

20. Printing statistics.

=== adder ===

   Number of wires:                  8
   Number of wire bits:             95
   Number of public wires:           5
   Number of public wire bits:      48
   Number of ports:                  3
   Number of port bits:             18
   Number of memories:               0
   Number of memory bits:            0
   Number of processes:              0
   Number of cells:                 32
     $_DFF_P_                       16
     m_adder                        16

21. Executing DFFLEGALIZE pass (convert FFs to types supported by the target).

22. Printing statistics.

=== adder ===

   Number of wires:                  8
   Number of wire bits:             95
   Number of public wires:           5
   Number of public wire bits:      48
   Number of ports:                  3
   Number of port bits:             18
   Number of memories:               0
   Number of memory bits:            0
   Number of processes:              0
   Number of cells:                 32
     $_DFF_P_                       16
     m_adder                        16

23. Executing CHECK pass (checking for obvious problems).
Checking module adder...
Found and reported 0 problems.

24. Executing BLIF backend.

25. Executing ZINIT pass (make all FFs zero-initialized).
FF init value for cell $auto$ff.cc:266:slice$350 ($_DFF_P_): \out [0] = 1'x
FF init value for cell $auto$ff.cc:266:slice$351 ($_DFF_P_): \out [1] = 1'x
FF init value for cell $auto$ff.cc:266:slice$352 ($_DFF_P_): \out [2] = 1'x
FF init value for cell $auto$ff.cc:266:slice$353 ($_DFF_P_): \out [3] = 1'x
FF init value for cell $auto$ff.cc:266:slice$354 ($_DFF_P_): \out [4] = 1'x
FF init value for cell $auto$ff.cc:266:slice$355 ($_DFF_P_): \out [5] = 1'x
FF init value for cell $auto$ff.cc:266:slice$356 ($_DFF_P_): \out [6] = 1'x
FF init value for cell $auto$ff.cc:266:slice$357 ($_DFF_P_): \out [7] = 1'x
FF init value for cell $auto$ff.cc:266:slice$358 ($_DFF_P_): \out [8] = 1'x
FF init value for cell $auto$ff.cc:266:slice$359 ($_DFF_P_): \out [9] = 1'x
FF init value for cell $auto$ff.cc:266:slice$360 ($_DFF_P_): \out [10] = 1'x
FF init value for cell $auto$ff.cc:266:slice$361 ($_DFF_P_): \out [11] = 1'x
FF init value for cell $auto$ff.cc:266:slice$362 ($_DFF_P_): \out [12] = 1'x
FF init value for cell $auto$ff.cc:266:slice$363 ($_DFF_P_): \out [13] = 1'x
FF init value for cell $auto$ff.cc:266:slice$364 ($_DFF_P_): \out [14] = 1'x
FF init value for cell $auto$ff.cc:266:slice$365 ($_DFF_P_): \out [15] = 1'x
Renaming module adder to postsyn.

26. Executing Verilog backend.

26.1. Executing BMUXMAP pass.

26.2. Executing DEMUXMAP pass.
Dumping module `\postsyn'.

End of script. Logfile hash: d5e045801c, CPU: user 0.06s system 0.01s, MEM: 19.28 MB peak
Yosys 0.42+40 (git sha1 dac5bd198, g++ 13.3.0-6ubuntu2~24.04 -fPIC -Os)
Time spent: 42% 14x read_verilog (0 sec), 23% 1x abc9_exe (0 sec), ...
